Archive member included because of file (symbol)

d:/engineering/embedded/imt_dip/embedded-tools/winavr/bin/../lib/gcc/avr/4.3.3/avr5\libgcc.a(_exit.o)
                              d:/engineering/embedded/imt_dip/embedded-tools/winavr/bin/../lib/gcc/avr/4.3.3/../../../../avr/lib/avr5/crtm32.o (exit)
d:/engineering/embedded/imt_dip/embedded-tools/winavr/bin/../lib/gcc/avr/4.3.3/avr5\libgcc.a(_copy_data.o)
                              ./DIO/DIO_program.o (__do_copy_data)
d:/engineering/embedded/imt_dip/embedded-tools/winavr/bin/../lib/gcc/avr/4.3.3/avr5\libgcc.a(_clear_bss.o)
                              ./PWM/PWM_program.o (__do_clear_bss)

Memory Configuration

Name             Origin             Length             Attributes
text             0x00000000         0x00020000         xr
data             0x00800060         0x0000ffa0         rw !x
eeprom           0x00810000         0x00010000         rw !x
fuse             0x00820000         0x00000400         rw !x
lock             0x00830000         0x00000400         rw !x
signature        0x00840000         0x00000400         rw !x
*default*        0x00000000         0xffffffff

Linker script and memory map

LOAD d:/engineering/embedded/imt_dip/embedded-tools/winavr/bin/../lib/gcc/avr/4.3.3/../../../../avr/lib/avr5/crtm32.o
LOAD ./SRS/main.o
LOAD ./PWM/PWM_program.o
LOAD ./DIO/DIO_program.o
LOAD ./DC_Motor/DC_Motor_program.o
LOAD d:/engineering/embedded/imt_dip/embedded-tools/winavr/bin/../lib/gcc/avr/4.3.3/avr5\libgcc.a
LOAD d:/engineering/embedded/imt_dip/embedded-tools/winavr/bin/../lib/gcc/avr/4.3.3/../../../../avr/lib/avr5\libc.a
LOAD d:/engineering/embedded/imt_dip/embedded-tools/winavr/bin/../lib/gcc/avr/4.3.3/avr5\libgcc.a

.hash
 *(.hash)

.dynsym
 *(.dynsym)

.dynstr
 *(.dynstr)

.gnu.version
 *(.gnu.version)

.gnu.version_d
 *(.gnu.version_d)

.gnu.version_r
 *(.gnu.version_r)

.rel.init
 *(.rel.init)

.rela.init
 *(.rela.init)

.rel.text
 *(.rel.text)
 *(.rel.text.*)
 *(.rel.gnu.linkonce.t*)

.rela.text
 *(.rela.text)
 *(.rela.text.*)
 *(.rela.gnu.linkonce.t*)

.rel.fini
 *(.rel.fini)

.rela.fini
 *(.rela.fini)

.rel.rodata
 *(.rel.rodata)
 *(.rel.rodata.*)
 *(.rel.gnu.linkonce.r*)

.rela.rodata
 *(.rela.rodata)
 *(.rela.rodata.*)
 *(.rela.gnu.linkonce.r*)

.rel.data
 *(.rel.data)
 *(.rel.data.*)
 *(.rel.gnu.linkonce.d*)

.rela.data
 *(.rela.data)
 *(.rela.data.*)
 *(.rela.gnu.linkonce.d*)

.rel.ctors
 *(.rel.ctors)

.rela.ctors
 *(.rela.ctors)

.rel.dtors
 *(.rel.dtors)

.rela.dtors
 *(.rela.dtors)

.rel.got
 *(.rel.got)

.rela.got
 *(.rela.got)

.rel.bss
 *(.rel.bss)

.rela.bss
 *(.rela.bss)

.rel.plt
 *(.rel.plt)

.rela.plt
 *(.rela.plt)

.text           0x00000000      0x81a
 *(.vectors)
 .vectors       0x00000000       0x54 d:/engineering/embedded/imt_dip/embedded-tools/winavr/bin/../lib/gcc/avr/4.3.3/../../../../avr/lib/avr5/crtm32.o
                0x00000000                __vectors
                0x00000000                __vector_default
 *(.vectors)
 *(.progmem.gcc*)
 *(.progmem*)
                0x00000054                . = ALIGN (0x2)
                0x00000054                __trampolines_start = .
 *(.trampolines)
 .trampolines   0x00000054        0x0 linker stubs
 *(.trampolines*)
                0x00000054                __trampolines_end = .
 *(.jumptables)
 *(.jumptables*)
 *(.lowtext)
 *(.lowtext*)
                0x00000054                __ctors_start = .
 *(.ctors)
                0x00000054                __ctors_end = .
                0x00000054                __dtors_start = .
 *(.dtors)
                0x00000054                __dtors_end = .
 SORT(*)(.ctors)
 SORT(*)(.dtors)
 *(.init0)
 .init0         0x00000054        0x0 d:/engineering/embedded/imt_dip/embedded-tools/winavr/bin/../lib/gcc/avr/4.3.3/../../../../avr/lib/avr5/crtm32.o
                0x00000054                __init
 *(.init0)
 *(.init1)
 *(.init1)
 *(.init2)
 .init2         0x00000054        0xc d:/engineering/embedded/imt_dip/embedded-tools/winavr/bin/../lib/gcc/avr/4.3.3/../../../../avr/lib/avr5/crtm32.o
 *(.init2)
 *(.init3)
 *(.init3)
 *(.init4)
 .init4         0x00000060       0x16 d:/engineering/embedded/imt_dip/embedded-tools/winavr/bin/../lib/gcc/avr/4.3.3/avr5\libgcc.a(_copy_data.o)
                0x00000060                __do_copy_data
 .init4         0x00000076       0x10 d:/engineering/embedded/imt_dip/embedded-tools/winavr/bin/../lib/gcc/avr/4.3.3/avr5\libgcc.a(_clear_bss.o)
                0x00000076                __do_clear_bss
 *(.init4)
 *(.init5)
 *(.init5)
 *(.init6)
 *(.init6)
 *(.init7)
 *(.init7)
 *(.init8)
 *(.init8)
 *(.init9)
 .init9         0x00000086        0x8 d:/engineering/embedded/imt_dip/embedded-tools/winavr/bin/../lib/gcc/avr/4.3.3/../../../../avr/lib/avr5/crtm32.o
 *(.init9)
 *(.text)
 .text          0x0000008e        0x4 d:/engineering/embedded/imt_dip/embedded-tools/winavr/bin/../lib/gcc/avr/4.3.3/../../../../avr/lib/avr5/crtm32.o
                0x0000008e                __vector_1
                0x0000008e                __vector_12
                0x0000008e                __bad_interrupt
                0x0000008e                __vector_6
                0x0000008e                __vector_3
                0x0000008e                __vector_13
                0x0000008e                __vector_17
                0x0000008e                __vector_19
                0x0000008e                __vector_2
                0x0000008e                __vector_15
                0x0000008e                __vector_14
                0x0000008e                __vector_16
                0x0000008e                __vector_18
                0x0000008e                __vector_20
 .text          0x00000092        0x0 ./SRS/main.o
 .text          0x00000092        0x0 ./PWM/PWM_program.o
 .text          0x00000092        0x0 ./DIO/DIO_program.o
 .text          0x00000092        0x0 ./DC_Motor/DC_Motor_program.o
 .text          0x00000092        0x0 d:/engineering/embedded/imt_dip/embedded-tools/winavr/bin/../lib/gcc/avr/4.3.3/avr5\libgcc.a(_exit.o)
 .text          0x00000092        0x0 d:/engineering/embedded/imt_dip/embedded-tools/winavr/bin/../lib/gcc/avr/4.3.3/avr5\libgcc.a(_copy_data.o)
 .text          0x00000092        0x0 d:/engineering/embedded/imt_dip/embedded-tools/winavr/bin/../lib/gcc/avr/4.3.3/avr5\libgcc.a(_clear_bss.o)
                0x00000092                . = ALIGN (0x2)
 *(.text.*)
 .text.main     0x00000092       0xaa ./SRS/main.o
                0x00000092                main
 .text.gen_PWM  0x0000013c       0xb8 ./PWM/PWM_program.o
                0x0000013c                gen_PWM
 .text.PWM_stop
                0x000001f4       0x24 ./PWM/PWM_program.o
                0x000001f4                PWM_stop
 .text.set_callback
                0x00000218       0x16 ./PWM/PWM_program.o
                0x00000218                set_callback
 .text.__vector_11
                0x0000022e       0x52 ./PWM/PWM_program.o
                0x0000022e                __vector_11
 .text.__vector_10
                0x00000280       0x52 ./PWM/PWM_program.o
                0x00000280                __vector_10
 .text.__vector_9
                0x000002d2       0x52 ./PWM/PWM_program.o
                0x000002d2                __vector_9
 .text.__vector_8
                0x00000324       0x52 ./PWM/PWM_program.o
                0x00000324                __vector_8
 .text.__vector_7
                0x00000376       0x52 ./PWM/PWM_program.o
                0x00000376                __vector_7
 .text.__vector_5
                0x000003c8       0x52 ./PWM/PWM_program.o
                0x000003c8                __vector_5
 .text.__vector_4
                0x0000041a       0x52 ./PWM/PWM_program.o
                0x0000041a                __vector_4
 .text.DIO_void_set_port_dir
                0x0000046c       0x16 ./DIO/DIO_program.o
                0x0000046c                DIO_void_set_port_dir
 .text.DIO_void_set_port_in_pullUp
                0x00000482       0x26 ./DIO/DIO_program.o
                0x00000482                DIO_void_set_port_in_pullUp
 .text.DIO_void_set_pin_dir
                0x000004a8       0x52 ./DIO/DIO_program.o
                0x000004a8                DIO_void_set_pin_dir
 .text.DIO_void_set_pin_in_pullUP
                0x000004fa       0x3c ./DIO/DIO_program.o
                0x000004fa                DIO_void_set_pin_in_pullUP
 .text.DIO_void_set_port
                0x00000536       0x18 ./DIO/DIO_program.o
                0x00000536                DIO_void_set_port
 .text.DIO_void_clear_port
                0x0000054e       0x16 ./DIO/DIO_program.o
                0x0000054e                DIO_void_clear_port
 .text.DIO_void_toggle_port
                0x00000564       0x1a ./DIO/DIO_program.o
                0x00000564                DIO_void_toggle_port
 .text.DIO_void_assign_port
                0x0000057e       0x16 ./DIO/DIO_program.o
                0x0000057e                DIO_void_assign_port
 .text.DIO_void_set_pin
                0x00000594       0x28 ./DIO/DIO_program.o
                0x00000594                DIO_void_set_pin
 .text.DIO_void_clear_pin
                0x000005bc       0x2a ./DIO/DIO_program.o
                0x000005bc                DIO_void_clear_pin
 .text.DIO_void_toggle_pin
                0x000005e6       0x28 ./DIO/DIO_program.o
                0x000005e6                DIO_void_toggle_pin
 .text.DIO_void_assign_pin
                0x0000060e       0x52 ./DIO/DIO_program.o
                0x0000060e                DIO_void_assign_pin
 .text.DIO_u8_get_port
                0x00000660       0x16 ./DIO/DIO_program.o
                0x00000660                DIO_u8_get_port
 .text.DIO_u8_get_pin
                0x00000676       0x24 ./DIO/DIO_program.o
                0x00000676                DIO_u8_get_pin
 .text.DC_motor_void_CW_callback
                0x0000069a        0x2 ./DC_Motor/DC_Motor_program.o
                0x0000069a                DC_motor_void_CW_callback
 .text.DC_motor_void_CCW_callback
                0x0000069c        0x2 ./DC_Motor/DC_Motor_program.o
                0x0000069c                DC_motor_void_CCW_callback
 .text.DC_motor_void_CCW
                0x0000069e       0x48 ./DC_Motor/DC_Motor_program.o
                0x0000069e                DC_motor_void_CCW
 .text.DC_motor_void_CW
                0x000006e6       0x48 ./DC_Motor/DC_Motor_program.o
                0x000006e6                DC_motor_void_CW
 .text.DC_motor_void_stop
                0x0000072e       0x30 ./DC_Motor/DC_Motor_program.o
                0x0000072e                DC_motor_void_stop
 .text.DC_motor_void_CCW_full_speed
                0x0000075e       0x30 ./DC_Motor/DC_Motor_program.o
                0x0000075e                DC_motor_void_CCW_full_speed
 .text.DC_motor_void_CW_full_speed
                0x0000078e       0x30 ./DC_Motor/DC_Motor_program.o
                0x0000078e                DC_motor_void_CW_full_speed
 .text.DC_Motor_void_init
                0x000007be       0x58 ./DC_Motor/DC_Motor_program.o
                0x000007be                DC_Motor_void_init
 .text.libgcc   0x00000816        0x0 d:/engineering/embedded/imt_dip/embedded-tools/winavr/bin/../lib/gcc/avr/4.3.3/avr5\libgcc.a(_exit.o)
 .text.libgcc   0x00000816        0x0 d:/engineering/embedded/imt_dip/embedded-tools/winavr/bin/../lib/gcc/avr/4.3.3/avr5\libgcc.a(_copy_data.o)
 .text.libgcc   0x00000816        0x0 d:/engineering/embedded/imt_dip/embedded-tools/winavr/bin/../lib/gcc/avr/4.3.3/avr5\libgcc.a(_clear_bss.o)
                0x00000816                . = ALIGN (0x2)
 *(.fini9)
 .fini9         0x00000816        0x0 d:/engineering/embedded/imt_dip/embedded-tools/winavr/bin/../lib/gcc/avr/4.3.3/avr5\libgcc.a(_exit.o)
                0x00000816                exit
                0x00000816                _exit
 *(.fini9)
 *(.fini8)
 *(.fini8)
 *(.fini7)
 *(.fini7)
 *(.fini6)
 *(.fini6)
 *(.fini5)
 *(.fini5)
 *(.fini4)
 *(.fini4)
 *(.fini3)
 *(.fini3)
 *(.fini2)
 *(.fini2)
 *(.fini1)
 *(.fini1)
 *(.fini0)
 .fini0         0x00000816        0x4 d:/engineering/embedded/imt_dip/embedded-tools/winavr/bin/../lib/gcc/avr/4.3.3/avr5\libgcc.a(_exit.o)
 *(.fini0)
                0x0000081a                _etext = .

.data           0x00800060       0x18 load address 0x0000081a
                0x00800060                PROVIDE (__data_start, .)
 *(.data)
 .data          0x00800060        0x0 d:/engineering/embedded/imt_dip/embedded-tools/winavr/bin/../lib/gcc/avr/4.3.3/../../../../avr/lib/avr5/crtm32.o
 .data          0x00800060        0x0 ./SRS/main.o
 .data          0x00800060        0x0 ./PWM/PWM_program.o
 .data          0x00800060        0x0 ./DIO/DIO_program.o
 .data          0x00800060        0x0 ./DC_Motor/DC_Motor_program.o
 .data          0x00800060        0x0 d:/engineering/embedded/imt_dip/embedded-tools/winavr/bin/../lib/gcc/avr/4.3.3/avr5\libgcc.a(_exit.o)
 .data          0x00800060        0x0 d:/engineering/embedded/imt_dip/embedded-tools/winavr/bin/../lib/gcc/avr/4.3.3/avr5\libgcc.a(_copy_data.o)
 .data          0x00800060        0x0 d:/engineering/embedded/imt_dip/embedded-tools/winavr/bin/../lib/gcc/avr/4.3.3/avr5\libgcc.a(_clear_bss.o)
 *(.data*)
 *(.rodata)
 *(.rodata*)
 .rodata.DIO_PINx_REF
                0x00800060        0x8 ./DIO/DIO_program.o
 .rodata.DIO_PORTx_REF
                0x00800068        0x8 ./DIO/DIO_program.o
 .rodata.DIO_DDRx_REF
                0x00800070        0x8 ./DIO/DIO_program.o
 *(.gnu.linkonce.d*)
                0x00800078                . = ALIGN (0x2)
                0x00800078                _edata = .
                0x00800078                PROVIDE (__data_end, .)

.bss            0x00800078        0xe
                0x00800078                PROVIDE (__bss_start, .)
 *(.bss)
 .bss           0x00800078        0x0 d:/engineering/embedded/imt_dip/embedded-tools/winavr/bin/../lib/gcc/avr/4.3.3/../../../../avr/lib/avr5/crtm32.o
 .bss           0x00800078        0x0 ./SRS/main.o
 .bss           0x00800078        0x0 ./PWM/PWM_program.o
 .bss           0x00800078        0x0 ./DIO/DIO_program.o
 .bss           0x00800078        0x0 ./DC_Motor/DC_Motor_program.o
 .bss           0x00800078        0x0 d:/engineering/embedded/imt_dip/embedded-tools/winavr/bin/../lib/gcc/avr/4.3.3/avr5\libgcc.a(_exit.o)
 .bss           0x00800078        0x0 d:/engineering/embedded/imt_dip/embedded-tools/winavr/bin/../lib/gcc/avr/4.3.3/avr5\libgcc.a(_copy_data.o)
 .bss           0x00800078        0x0 d:/engineering/embedded/imt_dip/embedded-tools/winavr/bin/../lib/gcc/avr/4.3.3/avr5\libgcc.a(_clear_bss.o)
 *(.bss*)
 .bss.call_back_function
                0x00800078        0xe ./PWM/PWM_program.o
 *(COMMON)
                0x00800086                PROVIDE (__bss_end, .)
                0x0000081a                __data_load_start = LOADADDR (.data)
                0x00000832                __data_load_end = (__data_load_start + SIZEOF (.data))

.noinit         0x00800086        0x0
                0x00800086                PROVIDE (__noinit_start, .)
 *(.noinit*)
                0x00800086                PROVIDE (__noinit_end, .)
                0x00800086                _end = .
                0x00800086                PROVIDE (__heap_start, .)

.eeprom         0x00810000        0x0
 *(.eeprom*)
                0x00810000                __eeprom_end = .

.fuse
 *(.fuse)
 *(.lfuse)
 *(.hfuse)
 *(.efuse)

.lock
 *(.lock*)

.signature
 *(.signature*)

.stab
 *(.stab)

.stabstr
 *(.stabstr)

.stab.excl
 *(.stab.excl)

.stab.exclstr
 *(.stab.exclstr)

.stab.index
 *(.stab.index)

.stab.indexstr
 *(.stab.indexstr)

.comment
 *(.comment)

.debug
 *(.debug)

.line
 *(.line)

.debug_srcinfo
 *(.debug_srcinfo)

.debug_sfnames
 *(.debug_sfnames)

.debug_aranges
 *(.debug_aranges)

.debug_pubnames
 *(.debug_pubnames)

.debug_info
 *(.debug_info)
 *(.gnu.linkonce.wi.*)

.debug_abbrev
 *(.debug_abbrev)

.debug_line
 *(.debug_line)

.debug_frame
 *(.debug_frame)

.debug_str
 *(.debug_str)

.debug_loc
 *(.debug_loc)

.debug_macinfo
 *(.debug_macinfo)
OUTPUT(APP_17_DC-Motor-Driver.elf elf32-avr)
LOAD linker stubs
