Archive member included because of file (symbol)

d:/engineering/embedded/imt_dip/embedded-tools/winavr/bin/../lib/gcc/avr/4.3.3/avr5\libgcc.a(_exit.o)
                              d:/engineering/embedded/imt_dip/embedded-tools/winavr/bin/../lib/gcc/avr/4.3.3/../../../../avr/lib/avr5/crtm32.o (exit)
d:/engineering/embedded/imt_dip/embedded-tools/winavr/bin/../lib/gcc/avr/4.3.3/avr5\libgcc.a(_copy_data.o)
                              ./SRS/main.o (__do_copy_data)
d:/engineering/embedded/imt_dip/embedded-tools/winavr/bin/../lib/gcc/avr/4.3.3/avr5\libgcc.a(_clear_bss.o)
                              ./FreeRTOS/heap_1.o (__do_clear_bss)
d:/engineering/embedded/imt_dip/embedded-tools/winavr/bin/../lib/gcc/avr/4.3.3/../../../../avr/lib/avr5\libc.a(memcpy.o)
                              ./FreeRTOS/queue.o (memcpy)

Memory Configuration

Name             Origin             Length             Attributes
text             0x00000000         0x00020000         xr
data             0x00800060         0x0000ffa0         rw !x
eeprom           0x00810000         0x00010000         rw !x
fuse             0x00820000         0x00000400         rw !x
lock             0x00830000         0x00000400         rw !x
signature        0x00840000         0x00000400         rw !x
*default*        0x00000000         0xffffffff

Linker script and memory map

LOAD d:/engineering/embedded/imt_dip/embedded-tools/winavr/bin/../lib/gcc/avr/4.3.3/../../../../avr/lib/avr5/crtm32.o
LOAD ./SRS/main.o
LOAD ./FreeRTOS/croutine.o
LOAD ./FreeRTOS/event_groups.o
LOAD ./FreeRTOS/heap_1.o
LOAD ./FreeRTOS/list.o
LOAD ./FreeRTOS/port.o
LOAD ./FreeRTOS/queue.o
LOAD ./FreeRTOS/tasks.o
LOAD ./FreeRTOS/timers.o
LOAD ./DIO/DIO_program.o
LOAD d:/engineering/embedded/imt_dip/embedded-tools/winavr/bin/../lib/gcc/avr/4.3.3/avr5\libgcc.a
LOAD d:/engineering/embedded/imt_dip/embedded-tools/winavr/bin/../lib/gcc/avr/4.3.3/../../../../avr/lib/avr5\libc.a
LOAD d:/engineering/embedded/imt_dip/embedded-tools/winavr/bin/../lib/gcc/avr/4.3.3/avr5\libgcc.a

.hash
 *(.hash)

.dynsym
 *(.dynsym)

.dynstr
 *(.dynstr)

.gnu.version
 *(.gnu.version)

.gnu.version_d
 *(.gnu.version_d)

.gnu.version_r
 *(.gnu.version_r)

.rel.init
 *(.rel.init)

.rela.init
 *(.rela.init)

.rel.text
 *(.rel.text)
 *(.rel.text.*)
 *(.rel.gnu.linkonce.t*)

.rela.text
 *(.rela.text)
 *(.rela.text.*)
 *(.rela.gnu.linkonce.t*)

.rel.fini
 *(.rel.fini)

.rela.fini
 *(.rela.fini)

.rel.rodata
 *(.rel.rodata)
 *(.rel.rodata.*)
 *(.rel.gnu.linkonce.r*)

.rela.rodata
 *(.rela.rodata)
 *(.rela.rodata.*)
 *(.rela.gnu.linkonce.r*)

.rel.data
 *(.rel.data)
 *(.rel.data.*)
 *(.rel.gnu.linkonce.d*)

.rela.data
 *(.rela.data)
 *(.rela.data.*)
 *(.rela.gnu.linkonce.d*)

.rel.ctors
 *(.rel.ctors)

.rela.ctors
 *(.rela.ctors)

.rel.dtors
 *(.rel.dtors)

.rela.dtors
 *(.rela.dtors)

.rel.got
 *(.rel.got)

.rela.got
 *(.rela.got)

.rel.bss
 *(.rel.bss)

.rela.bss
 *(.rela.bss)

.rel.plt
 *(.rel.plt)

.rela.plt
 *(.rela.plt)

.text           0x00000000     0x21d2
 *(.vectors)
 .vectors       0x00000000       0x54 d:/engineering/embedded/imt_dip/embedded-tools/winavr/bin/../lib/gcc/avr/4.3.3/../../../../avr/lib/avr5/crtm32.o
                0x00000000                __vectors
                0x00000000                __vector_default
 *(.vectors)
 *(.progmem.gcc*)
 *(.progmem*)
                0x00000054                . = ALIGN (0x2)
                0x00000054                __trampolines_start = .
 *(.trampolines)
 .trampolines   0x00000054        0x0 linker stubs
 *(.trampolines*)
                0x00000054                __trampolines_end = .
 *(.jumptables)
 *(.jumptables*)
 *(.lowtext)
 *(.lowtext*)
                0x00000054                __ctors_start = .
 *(.ctors)
                0x00000054                __ctors_end = .
                0x00000054                __dtors_start = .
 *(.dtors)
                0x00000054                __dtors_end = .
 SORT(*)(.ctors)
 SORT(*)(.dtors)
 *(.init0)
 .init0         0x00000054        0x0 d:/engineering/embedded/imt_dip/embedded-tools/winavr/bin/../lib/gcc/avr/4.3.3/../../../../avr/lib/avr5/crtm32.o
                0x00000054                __init
 *(.init0)
 *(.init1)
 *(.init1)
 *(.init2)
 .init2         0x00000054        0xc d:/engineering/embedded/imt_dip/embedded-tools/winavr/bin/../lib/gcc/avr/4.3.3/../../../../avr/lib/avr5/crtm32.o
 *(.init2)
 *(.init3)
 *(.init3)
 *(.init4)
 .init4         0x00000060       0x16 d:/engineering/embedded/imt_dip/embedded-tools/winavr/bin/../lib/gcc/avr/4.3.3/avr5\libgcc.a(_copy_data.o)
                0x00000060                __do_copy_data
 .init4         0x00000076       0x10 d:/engineering/embedded/imt_dip/embedded-tools/winavr/bin/../lib/gcc/avr/4.3.3/avr5\libgcc.a(_clear_bss.o)
                0x00000076                __do_clear_bss
 *(.init4)
 *(.init5)
 *(.init5)
 *(.init6)
 *(.init6)
 *(.init7)
 *(.init7)
 *(.init8)
 *(.init8)
 *(.init9)
 .init9         0x00000086        0x8 d:/engineering/embedded/imt_dip/embedded-tools/winavr/bin/../lib/gcc/avr/4.3.3/../../../../avr/lib/avr5/crtm32.o
 *(.init9)
 *(.text)
 .text          0x0000008e        0x4 d:/engineering/embedded/imt_dip/embedded-tools/winavr/bin/../lib/gcc/avr/4.3.3/../../../../avr/lib/avr5/crtm32.o
                0x0000008e                __vector_1
                0x0000008e                __vector_12
                0x0000008e                __bad_interrupt
                0x0000008e                __vector_6
                0x0000008e                __vector_3
                0x0000008e                __vector_11
                0x0000008e                __vector_13
                0x0000008e                __vector_17
                0x0000008e                __vector_19
                0x0000008e                __vector_5
                0x0000008e                __vector_4
                0x0000008e                __vector_9
                0x0000008e                __vector_2
                0x0000008e                __vector_15
                0x0000008e                __vector_8
                0x0000008e                __vector_14
                0x0000008e                __vector_10
                0x0000008e                __vector_16
                0x0000008e                __vector_18
                0x0000008e                __vector_20
 .text          0x00000092        0x0 ./SRS/main.o
 .text          0x00000092        0x0 ./FreeRTOS/croutine.o
 .text          0x00000092        0x0 ./FreeRTOS/event_groups.o
 .text          0x00000092        0x0 ./FreeRTOS/heap_1.o
 .text          0x00000092        0x0 ./FreeRTOS/list.o
 .text          0x00000092        0x0 ./FreeRTOS/port.o
 .text          0x00000092        0x0 ./FreeRTOS/queue.o
 .text          0x00000092        0x0 ./FreeRTOS/tasks.o
 .text          0x00000092        0x0 ./FreeRTOS/timers.o
 .text          0x00000092        0x0 ./DIO/DIO_program.o
 .text          0x00000092        0x0 d:/engineering/embedded/imt_dip/embedded-tools/winavr/bin/../lib/gcc/avr/4.3.3/avr5\libgcc.a(_exit.o)
 .text          0x00000092        0x0 d:/engineering/embedded/imt_dip/embedded-tools/winavr/bin/../lib/gcc/avr/4.3.3/avr5\libgcc.a(_copy_data.o)
 .text          0x00000092        0x0 d:/engineering/embedded/imt_dip/embedded-tools/winavr/bin/../lib/gcc/avr/4.3.3/avr5\libgcc.a(_clear_bss.o)
 .text          0x00000092        0x0 d:/engineering/embedded/imt_dip/embedded-tools/winavr/bin/../lib/gcc/avr/4.3.3/../../../../avr/lib/avr5\libc.a(memcpy.o)
                0x00000092                . = ALIGN (0x2)
 *(.text.*)
 .text.Task3    0x00000092       0x24 ./SRS/main.o
                0x00000092                Task3
 .text.Task2    0x000000b6       0x24 ./SRS/main.o
                0x000000b6                Task2
 .text.Task1    0x000000da       0x24 ./SRS/main.o
                0x000000da                Task1
 .text.main     0x000000fe       0x4e ./SRS/main.o
                0x000000fe                main
 .text.xEventGroupClearBits
                0x0000014c       0x20 ./FreeRTOS/event_groups.o
                0x0000014c                xEventGroupClearBits
 .text.xEventGroupGetBitsFromISR
                0x0000016c        0x8 ./FreeRTOS/event_groups.o
                0x0000016c                xEventGroupGetBitsFromISR
 .text.vEventGroupClearBitsCallback
                0x00000174        0x8 ./FreeRTOS/event_groups.o
                0x00000174                vEventGroupClearBitsCallback
 .text.vEventGroupDelete
                0x0000017c       0x2e ./FreeRTOS/event_groups.o
                0x0000017c                vEventGroupDelete
 .text.xEventGroupSetBits
                0x000001aa       0xb0 ./FreeRTOS/event_groups.o
                0x000001aa                xEventGroupSetBits
 .text.vEventGroupSetBitsCallback
                0x0000025a        0x8 ./FreeRTOS/event_groups.o
                0x0000025a                vEventGroupSetBitsCallback
 .text.xEventGroupWaitBits
                0x00000262       0xfe ./FreeRTOS/event_groups.o
                0x00000262                xEventGroupWaitBits
 .text.xEventGroupSync
                0x00000360       0xd6 ./FreeRTOS/event_groups.o
                0x00000360                xEventGroupSync
 .text.xEventGroupCreate
                0x00000436       0x26 ./FreeRTOS/event_groups.o
                0x00000436                xEventGroupCreate
 .text.vPortFree
                0x0000045c        0x2 ./FreeRTOS/heap_1.o
                0x0000045c                vPortFree
 .text.vPortInitialiseBlocks
                0x0000045e        0xa ./FreeRTOS/heap_1.o
                0x0000045e                vPortInitialiseBlocks
 .text.xPortGetFreeHeapSize
                0x00000468       0x14 ./FreeRTOS/heap_1.o
                0x00000468                xPortGetFreeHeapSize
 .text.pvPortMalloc
                0x0000047c       0x64 ./FreeRTOS/heap_1.o
                0x0000047c                pvPortMalloc
 .text.vListInitialise
                0x000004e0       0x20 ./FreeRTOS/list.o
                0x000004e0                vListInitialise
 .text.vListInitialiseItem
                0x00000500        0x8 ./FreeRTOS/list.o
                0x00000500                vListInitialiseItem
 .text.vListInsertEnd
                0x00000508       0x3e ./FreeRTOS/list.o
                0x00000508                vListInsertEnd
 .text.vListInsert
                0x00000546       0x64 ./FreeRTOS/list.o
                0x00000546                vListInsert
 .text.uxListRemove
                0x000005aa       0x56 ./FreeRTOS/list.o
                0x000005aa                uxListRemove
 .text.pxPortInitialiseStack
                0x00000600       0x90 ./FreeRTOS/port.o
                0x00000600                pxPortInitialiseStack
 .text.xPortStartScheduler
                0x00000690       0x6a ./FreeRTOS/port.o
                0x00000690                xPortStartScheduler
 .text.vPortEndScheduler
                0x000006fa        0x2 ./FreeRTOS/port.o
                0x000006fa                vPortEndScheduler
 .text.vPortYieldFromTick
                0x000006fc       0xba ./FreeRTOS/port.o
                0x000006fc                vPortYieldFromTick
 .text.__vector_7
                0x000007b6        0x6 ./FreeRTOS/port.o
                0x000007b6                __vector_7
 .text.vPortYield
                0x000007bc       0xb2 ./FreeRTOS/port.o
                0x000007bc                vPortYield
 .text.uxQueueMessagesWaiting
                0x0000086e       0x10 ./FreeRTOS/queue.o
                0x0000086e                uxQueueMessagesWaiting
 .text.uxQueueSpacesAvailable
                0x0000087e       0x14 ./FreeRTOS/queue.o
                0x0000087e                uxQueueSpacesAvailable
 .text.uxQueueMessagesWaitingFromISR
                0x00000892        0x6 ./FreeRTOS/queue.o
                0x00000892                uxQueueMessagesWaitingFromISR
 .text.xQueueIsQueueEmptyFromISR
                0x00000898       0x10 ./FreeRTOS/queue.o
                0x00000898                xQueueIsQueueEmptyFromISR
 .text.xQueueIsQueueFullFromISR
                0x000008a8       0x12 ./FreeRTOS/queue.o
                0x000008a8                xQueueIsQueueFullFromISR
 .text.vQueueDelete
                0x000008ba        0x6 ./FreeRTOS/queue.o
                0x000008ba                vQueueDelete
 .text.prvCopyDataFromQueue
                0x000008c0       0x3c ./FreeRTOS/queue.o
 .text.xQueuePeekFromISR
                0x000008fc       0x2a ./FreeRTOS/queue.o
                0x000008fc                xQueuePeekFromISR
 .text.prvCopyDataToQueue
                0x00000926       0x94 ./FreeRTOS/queue.o
 .text.xQueueReceiveFromISR
                0x000009ba       0x5c ./FreeRTOS/queue.o
                0x000009ba                xQueueReceiveFromISR
 .text.xQueueGiveFromISR
                0x00000a16       0x46 ./FreeRTOS/queue.o
                0x00000a16                xQueueGiveFromISR
 .text.xQueueGenericSendFromISR
                0x00000a5c       0x5e ./FreeRTOS/queue.o
                0x00000a5c                xQueueGenericSendFromISR
 .text.prvUnlockQueue
                0x00000aba       0x84 ./FreeRTOS/queue.o
 .text.xQueuePeek
                0x00000b3e      0x152 ./FreeRTOS/queue.o
                0x00000b3e                xQueuePeek
 .text.xQueueSemaphoreTake
                0x00000c90      0x13e ./FreeRTOS/queue.o
                0x00000c90                xQueueSemaphoreTake
 .text.xQueueReceive
                0x00000dce      0x156 ./FreeRTOS/queue.o
                0x00000dce                xQueueReceive
 .text.xQueueGenericSend
                0x00000f24      0x156 ./FreeRTOS/queue.o
                0x00000f24                xQueueGenericSend
 .text.xQueueGenericReset
                0x0000107a       0x84 ./FreeRTOS/queue.o
                0x0000107a                xQueueGenericReset
 .text.xQueueGenericCreate
                0x000010fe       0x50 ./FreeRTOS/queue.o
                0x000010fe                xQueueGenericCreate
 .text.vTaskSuspendAll
                0x0000114e        0xc ./FreeRTOS/tasks.o
                0x0000114e                vTaskSuspendAll
 .text.xTaskGetTickCount
                0x0000115a       0x16 ./FreeRTOS/tasks.o
                0x0000115a                xTaskGetTickCount
 .text.xTaskGetTickCountFromISR
                0x00001170        0xc ./FreeRTOS/tasks.o
                0x00001170                xTaskGetTickCountFromISR
 .text.uxTaskGetNumberOfTasks
                0x0000117c        0x6 ./FreeRTOS/tasks.o
                0x0000117c                uxTaskGetNumberOfTasks
 .text.pcTaskGetName
                0x00001182       0x16 ./FreeRTOS/tasks.o
                0x00001182                pcTaskGetName
 .text.vTaskSwitchContext
                0x00001198       0x74 ./FreeRTOS/tasks.o
                0x00001198                vTaskSwitchContext
 .text.vTaskSetTimeOutState
                0x0000120c       0x20 ./FreeRTOS/tasks.o
                0x0000120c                vTaskSetTimeOutState
 .text.vTaskInternalSetTimeOutState
                0x0000122c       0x16 ./FreeRTOS/tasks.o
                0x0000122c                vTaskInternalSetTimeOutState
 .text.xTaskCheckForTimeOut
                0x00001242       0x64 ./FreeRTOS/tasks.o
                0x00001242                xTaskCheckForTimeOut
 .text.vTaskMissedYield
                0x000012a6        0x8 ./FreeRTOS/tasks.o
                0x000012a6                vTaskMissedYield
 .text.uxTaskResetEventItemValue
                0x000012ae       0x30 ./FreeRTOS/tasks.o
                0x000012ae                uxTaskResetEventItemValue
 .text.xTaskNotifyStateClear
                0x000012de       0x2a ./FreeRTOS/tasks.o
                0x000012de                xTaskNotifyStateClear
 .text.vTaskNotifyGiveFromISR
                0x00001308       0xa0 ./FreeRTOS/tasks.o
                0x00001308                vTaskNotifyGiveFromISR
 .text.xTaskGenericNotifyFromISR
                0x000013a8       0xf6 ./FreeRTOS/tasks.o
                0x000013a8                xTaskGenericNotifyFromISR
 .text.vTaskRemoveFromUnorderedEventList
                0x0000149e       0x64 ./FreeRTOS/tasks.o
                0x0000149e                vTaskRemoveFromUnorderedEventList
 .text.xTaskRemoveFromEventList
                0x00001502       0x80 ./FreeRTOS/tasks.o
                0x00001502                xTaskRemoveFromEventList
 .text.xTaskIncrementTick
                0x00001582      0x188 ./FreeRTOS/tasks.o
                0x00001582                xTaskIncrementTick
 .text.xTaskGenericNotify
                0x0000170a       0xd4 ./FreeRTOS/tasks.o
                0x0000170a                xTaskGenericNotify
 .text.xTaskResumeAll
                0x000017de      0x112 ./FreeRTOS/tasks.o
                0x000017de                xTaskResumeAll
 .text.prvAddCurrentTaskToDelayedList
                0x000018f0       0x88 ./FreeRTOS/tasks.o
 .text.xTaskNotifyWait
                0x00001978      0x10e ./FreeRTOS/tasks.o
                0x00001978                xTaskNotifyWait
 .text.ulTaskNotifyTake
                0x00001a86       0xb0 ./FreeRTOS/tasks.o
                0x00001a86                ulTaskNotifyTake
 .text.vTaskPlaceOnUnorderedEventList
                0x00001b36       0x32 ./FreeRTOS/tasks.o
                0x00001b36                vTaskPlaceOnUnorderedEventList
 .text.vTaskDelay
                0x00001b68       0x26 ./FreeRTOS/tasks.o
                0x00001b68                vTaskDelay
 .text.vTaskDelayUntil
                0x00001b8e       0x5e ./FreeRTOS/tasks.o
                0x00001b8e                vTaskDelayUntil
 .text.vTaskPlaceOnEventList
                0x00001bec       0x24 ./FreeRTOS/tasks.o
                0x00001bec                vTaskPlaceOnEventList
 .text.vTaskEndScheduler
                0x00001c10        0xc ./FreeRTOS/tasks.o
                0x00001c10                vTaskEndScheduler
 .text.prvIdleTask
                0x00001c1c       0x52 ./FreeRTOS/tasks.o
 .text.vTaskDelete
                0x00001c6e       0xdc ./FreeRTOS/tasks.o
                0x00001c6e                vTaskDelete
 .text.xTaskCreate
                0x00001d4a      0x1f4 ./FreeRTOS/tasks.o
                0x00001d4a                xTaskCreate
 .text.vTaskStartScheduler
                0x00001f3e       0x50 ./FreeRTOS/tasks.o
                0x00001f3e                vTaskStartScheduler
 .text.DIO_void_set_port_dir
                0x00001f8e       0x16 ./DIO/DIO_program.o
                0x00001f8e                DIO_void_set_port_dir
 .text.DIO_void_set_port_in_pullUp
                0x00001fa4       0x26 ./DIO/DIO_program.o
                0x00001fa4                DIO_void_set_port_in_pullUp
 .text.DIO_void_set_pin_dir
                0x00001fca       0x52 ./DIO/DIO_program.o
                0x00001fca                DIO_void_set_pin_dir
 .text.DIO_void_set_pin_in_pullUP
                0x0000201c       0x3c ./DIO/DIO_program.o
                0x0000201c                DIO_void_set_pin_in_pullUP
 .text.DIO_void_set_port
                0x00002058       0x18 ./DIO/DIO_program.o
                0x00002058                DIO_void_set_port
 .text.DIO_void_clear_port
                0x00002070       0x16 ./DIO/DIO_program.o
                0x00002070                DIO_void_clear_port
 .text.DIO_void_toggle_port
                0x00002086       0x1a ./DIO/DIO_program.o
                0x00002086                DIO_void_toggle_port
 .text.DIO_void_assign_port
                0x000020a0       0x16 ./DIO/DIO_program.o
                0x000020a0                DIO_void_assign_port
 .text.DIO_void_set_pin
                0x000020b6       0x28 ./DIO/DIO_program.o
                0x000020b6                DIO_void_set_pin
 .text.DIO_void_clear_pin
                0x000020de       0x2a ./DIO/DIO_program.o
                0x000020de                DIO_void_clear_pin
 .text.DIO_void_toggle_pin
                0x00002108       0x28 ./DIO/DIO_program.o
                0x00002108                DIO_void_toggle_pin
 .text.DIO_void_assign_pin
                0x00002130       0x52 ./DIO/DIO_program.o
                0x00002130                DIO_void_assign_pin
 .text.DIO_u8_get_port
                0x00002182       0x16 ./DIO/DIO_program.o
                0x00002182                DIO_u8_get_port
 .text.DIO_u8_get_pin
                0x00002198       0x24 ./DIO/DIO_program.o
                0x00002198                DIO_u8_get_pin
 .text.libgcc   0x000021bc        0x0 d:/engineering/embedded/imt_dip/embedded-tools/winavr/bin/../lib/gcc/avr/4.3.3/avr5\libgcc.a(_exit.o)
 .text.libgcc   0x000021bc        0x0 d:/engineering/embedded/imt_dip/embedded-tools/winavr/bin/../lib/gcc/avr/4.3.3/avr5\libgcc.a(_copy_data.o)
 .text.libgcc   0x000021bc        0x0 d:/engineering/embedded/imt_dip/embedded-tools/winavr/bin/../lib/gcc/avr/4.3.3/avr5\libgcc.a(_clear_bss.o)
 .text.avr-libc
                0x000021bc       0x12 d:/engineering/embedded/imt_dip/embedded-tools/winavr/bin/../lib/gcc/avr/4.3.3/../../../../avr/lib/avr5\libc.a(memcpy.o)
                0x000021bc                memcpy
                0x000021ce                . = ALIGN (0x2)
 *(.fini9)
 .fini9         0x000021ce        0x0 d:/engineering/embedded/imt_dip/embedded-tools/winavr/bin/../lib/gcc/avr/4.3.3/avr5\libgcc.a(_exit.o)
                0x000021ce                exit
                0x000021ce                _exit
 *(.fini9)
 *(.fini8)
 *(.fini8)
 *(.fini7)
 *(.fini7)
 *(.fini6)
 *(.fini6)
 *(.fini5)
 *(.fini5)
 *(.fini4)
 *(.fini4)
 *(.fini3)
 *(.fini3)
 *(.fini2)
 *(.fini2)
 *(.fini1)
 *(.fini1)
 *(.fini0)
 .fini0         0x000021ce        0x4 d:/engineering/embedded/imt_dip/embedded-tools/winavr/bin/../lib/gcc/avr/4.3.3/avr5\libgcc.a(_exit.o)
 *(.fini0)
                0x000021d2                _etext = .

.data           0x00800060       0x30 load address 0x000021d2
                0x00800060                PROVIDE (__data_start, .)
 *(.data)
 .data          0x00800060        0x0 d:/engineering/embedded/imt_dip/embedded-tools/winavr/bin/../lib/gcc/avr/4.3.3/../../../../avr/lib/avr5/crtm32.o
 .data          0x00800060       0x12 ./SRS/main.o
 .data          0x00800072        0x0 ./FreeRTOS/croutine.o
 .data          0x00800072        0x0 ./FreeRTOS/event_groups.o
 .data          0x00800072        0x0 ./FreeRTOS/heap_1.o
 .data          0x00800072        0x0 ./FreeRTOS/list.o
 .data          0x00800072        0x0 ./FreeRTOS/port.o
 .data          0x00800072        0x0 ./FreeRTOS/queue.o
 .data          0x00800072        0x5 ./FreeRTOS/tasks.o
 .data          0x00800077        0x0 ./FreeRTOS/timers.o
 .data          0x00800077        0x0 ./DIO/DIO_program.o
 .data          0x00800077        0x0 d:/engineering/embedded/imt_dip/embedded-tools/winavr/bin/../lib/gcc/avr/4.3.3/avr5\libgcc.a(_exit.o)
 .data          0x00800077        0x0 d:/engineering/embedded/imt_dip/embedded-tools/winavr/bin/../lib/gcc/avr/4.3.3/avr5\libgcc.a(_copy_data.o)
 .data          0x00800077        0x0 d:/engineering/embedded/imt_dip/embedded-tools/winavr/bin/../lib/gcc/avr/4.3.3/avr5\libgcc.a(_clear_bss.o)
 .data          0x00800077        0x0 d:/engineering/embedded/imt_dip/embedded-tools/winavr/bin/../lib/gcc/avr/4.3.3/../../../../avr/lib/avr5\libc.a(memcpy.o)
 *(.data*)
 *(.rodata)
 *(.rodata*)
 .rodata.DIO_PINx_REF
                0x00800077        0x8 ./DIO/DIO_program.o
 .rodata.DIO_PORTx_REF
                0x0080007f        0x8 ./DIO/DIO_program.o
 .rodata.DIO_DDRx_REF
                0x00800087        0x8 ./DIO/DIO_program.o
 *(.gnu.linkonce.d*)
                0x00800090                . = ALIGN (0x2)
 *fill*         0x0080008f        0x1 00
                0x00800090                _edata = .
                0x00800090                PROVIDE (__data_end, .)

.bss            0x00800090      0x2b9
                0x00800090                PROVIDE (__bss_start, .)
 *(.bss)
 .bss           0x00800090        0x0 d:/engineering/embedded/imt_dip/embedded-tools/winavr/bin/../lib/gcc/avr/4.3.3/../../../../avr/lib/avr5/crtm32.o
 .bss           0x00800090        0x0 ./SRS/main.o
 .bss           0x00800090        0x0 ./FreeRTOS/croutine.o
 .bss           0x00800090        0x0 ./FreeRTOS/event_groups.o
 .bss           0x00800090        0x0 ./FreeRTOS/heap_1.o
 .bss           0x00800090        0x0 ./FreeRTOS/list.o
 .bss           0x00800090        0x0 ./FreeRTOS/port.o
 .bss           0x00800090        0x0 ./FreeRTOS/queue.o
 .bss           0x00800090        0x0 ./FreeRTOS/tasks.o
 .bss           0x00800090        0x0 ./FreeRTOS/timers.o
 .bss           0x00800090        0x0 ./DIO/DIO_program.o
 .bss           0x00800090        0x0 d:/engineering/embedded/imt_dip/embedded-tools/winavr/bin/../lib/gcc/avr/4.3.3/avr5\libgcc.a(_exit.o)
 .bss           0x00800090        0x0 d:/engineering/embedded/imt_dip/embedded-tools/winavr/bin/../lib/gcc/avr/4.3.3/avr5\libgcc.a(_copy_data.o)
 .bss           0x00800090        0x0 d:/engineering/embedded/imt_dip/embedded-tools/winavr/bin/../lib/gcc/avr/4.3.3/avr5\libgcc.a(_clear_bss.o)
 .bss           0x00800090        0x0 d:/engineering/embedded/imt_dip/embedded-tools/winavr/bin/../lib/gcc/avr/4.3.3/../../../../avr/lib/avr5\libc.a(memcpy.o)
 *(.bss*)
 .bss.xNextFreeByte
                0x00800090        0x2 ./FreeRTOS/heap_1.o
 .bss.pucAlignedHeap.1645
                0x00800092        0x2 ./FreeRTOS/heap_1.o
 .bss.ucHeap    0x00800094      0x258 ./FreeRTOS/heap_1.o
 .bss.pxCurrentTCB
                0x008002ec        0x2 ./FreeRTOS/tasks.o
                0x008002ec                pxCurrentTCB
 .bss.uxSchedulerSuspended
                0x008002ee        0x1 ./FreeRTOS/tasks.o
 .bss.uxTopReadyPriority
                0x008002ef        0x1 ./FreeRTOS/tasks.o
 .bss.xYieldPending
                0x008002f0        0x1 ./FreeRTOS/tasks.o
 .bss.xTickCount
                0x008002f1        0x2 ./FreeRTOS/tasks.o
 .bss.xNextTaskUnblockTime
                0x008002f3        0x2 ./FreeRTOS/tasks.o
 .bss.xNumOfOverflows
                0x008002f5        0x1 ./FreeRTOS/tasks.o
 .bss.uxPendedTicks
                0x008002f6        0x1 ./FreeRTOS/tasks.o
 .bss.uxCurrentNumberOfTasks
                0x008002f7        0x1 ./FreeRTOS/tasks.o
 .bss.xSchedulerRunning
                0x008002f8        0x1 ./FreeRTOS/tasks.o
 .bss.xIdleTaskHandle
                0x008002f9        0x2 ./FreeRTOS/tasks.o
 .bss.uxDeletedTasksWaitingCleanUp
                0x008002fb        0x1 ./FreeRTOS/tasks.o
 .bss.uxTaskNumber
                0x008002fc        0x1 ./FreeRTOS/tasks.o
 .bss.pxReadyTasksLists
                0x008002fd       0x24 ./FreeRTOS/tasks.o
 .bss.xDelayedTaskList1
                0x00800321        0x9 ./FreeRTOS/tasks.o
 .bss.xDelayedTaskList2
                0x0080032a        0x9 ./FreeRTOS/tasks.o
 .bss.pxDelayedTaskList
                0x00800333        0x2 ./FreeRTOS/tasks.o
 .bss.pxOverflowDelayedTaskList
                0x00800335        0x2 ./FreeRTOS/tasks.o
 .bss.xPendingReadyList
                0x00800337        0x9 ./FreeRTOS/tasks.o
 .bss.xTasksWaitingTermination
                0x00800340        0x9 ./FreeRTOS/tasks.o
 *(COMMON)
                0x00800349                PROVIDE (__bss_end, .)
                0x000021d2                __data_load_start = LOADADDR (.data)
                0x00002202                __data_load_end = (__data_load_start + SIZEOF (.data))

.noinit         0x00800349        0x0
                0x00800349                PROVIDE (__noinit_start, .)
 *(.noinit*)
                0x00800349                PROVIDE (__noinit_end, .)
                0x00800349                _end = .
                0x00800349                PROVIDE (__heap_start, .)

.eeprom         0x00810000        0x0
 *(.eeprom*)
                0x00810000                __eeprom_end = .

.fuse
 *(.fuse)
 *(.lfuse)
 *(.hfuse)
 *(.efuse)

.lock
 *(.lock*)

.signature
 *(.signature*)

.stab
 *(.stab)

.stabstr
 *(.stabstr)

.stab.excl
 *(.stab.excl)

.stab.exclstr
 *(.stab.exclstr)

.stab.index
 *(.stab.index)

.stab.indexstr
 *(.stab.indexstr)

.comment
 *(.comment)

.debug
 *(.debug)

.line
 *(.line)

.debug_srcinfo
 *(.debug_srcinfo)

.debug_sfnames
 *(.debug_sfnames)

.debug_aranges
 *(.debug_aranges)

.debug_pubnames
 *(.debug_pubnames)

.debug_info
 *(.debug_info)
 *(.gnu.linkonce.wi.*)

.debug_abbrev
 *(.debug_abbrev)

.debug_line
 *(.debug_line)

.debug_frame
 *(.debug_frame)

.debug_str
 *(.debug_str)

.debug_loc
 *(.debug_loc)

.debug_macinfo
 *(.debug_macinfo)
OUTPUT(APP_31_FreeRTOS-test.elf elf32-avr)
LOAD linker stubs
