Archive member included because of file (symbol)

d:/engineering/embedded/imt_dip/embedded-tools/winavr/bin/../lib/gcc/avr/4.3.3/avr5\libgcc.a(_mulsi3.o)
                              ./LCD/LCD_program.o (__mulsi3)
d:/engineering/embedded/imt_dip/embedded-tools/winavr/bin/../lib/gcc/avr/4.3.3/avr5\libgcc.a(_udivmodhi4.o)
                              ./Temp_sensor/Temp_sensor_program.o (__udivmodhi4)
d:/engineering/embedded/imt_dip/embedded-tools/winavr/bin/../lib/gcc/avr/4.3.3/avr5\libgcc.a(_divmodsi4.o)
                              ./LCD/LCD_program.o (__divmodsi4)
d:/engineering/embedded/imt_dip/embedded-tools/winavr/bin/../lib/gcc/avr/4.3.3/avr5\libgcc.a(_exit.o)
                              d:/engineering/embedded/imt_dip/embedded-tools/winavr/bin/../lib/gcc/avr/4.3.3/../../../../avr/lib/avr5/crtm32.o (exit)
d:/engineering/embedded/imt_dip/embedded-tools/winavr/bin/../lib/gcc/avr/4.3.3/avr5\libgcc.a(_copy_data.o)
                              ./Temp_sensor/Temp_sensor_program.o (__do_copy_data)
d:/engineering/embedded/imt_dip/embedded-tools/winavr/bin/../lib/gcc/avr/4.3.3/avr5\libgcc.a(_clear_bss.o)
                              ./ADC/ADC_program.o (__do_clear_bss)
d:/engineering/embedded/imt_dip/embedded-tools/winavr/bin/../lib/gcc/avr/4.3.3/avr5\libgcc.a(_fixunssfsi.o)
                              ./LCD/LCD_program.o (__fixunssfsi)
d:/engineering/embedded/imt_dip/embedded-tools/winavr/bin/../lib/gcc/avr/4.3.3/avr5\libgcc.a(_addsub_sf.o)
                              ./LCD/LCD_program.o (__subsf3)
d:/engineering/embedded/imt_dip/embedded-tools/winavr/bin/../lib/gcc/avr/4.3.3/avr5\libgcc.a(_mul_sf.o)
                              ./LCD/LCD_program.o (__mulsf3)
d:/engineering/embedded/imt_dip/embedded-tools/winavr/bin/../lib/gcc/avr/4.3.3/avr5\libgcc.a(_div_sf.o)
                              ./Temp_sensor/Temp_sensor_program.o (__divsf3)
d:/engineering/embedded/imt_dip/embedded-tools/winavr/bin/../lib/gcc/avr/4.3.3/avr5\libgcc.a(_ne_sf.o)
                              ./SRC/main.o (__nesf2)
d:/engineering/embedded/imt_dip/embedded-tools/winavr/bin/../lib/gcc/avr/4.3.3/avr5\libgcc.a(_gt_sf.o)
                              ./LCD/LCD_program.o (__gtsf2)
d:/engineering/embedded/imt_dip/embedded-tools/winavr/bin/../lib/gcc/avr/4.3.3/avr5\libgcc.a(_ge_sf.o)
                              d:/engineering/embedded/imt_dip/embedded-tools/winavr/bin/../lib/gcc/avr/4.3.3/avr5\libgcc.a(_fixunssfsi.o) (__gesf2)
d:/engineering/embedded/imt_dip/embedded-tools/winavr/bin/../lib/gcc/avr/4.3.3/avr5\libgcc.a(_lt_sf.o)
                              ./LCD/LCD_program.o (__ltsf2)
d:/engineering/embedded/imt_dip/embedded-tools/winavr/bin/../lib/gcc/avr/4.3.3/avr5\libgcc.a(_si_to_sf.o)
                              ./LCD/LCD_program.o (__floatsisf)
d:/engineering/embedded/imt_dip/embedded-tools/winavr/bin/../lib/gcc/avr/4.3.3/avr5\libgcc.a(_sf_to_si.o)
                              ./LCD/LCD_program.o (__fixsfsi)
d:/engineering/embedded/imt_dip/embedded-tools/winavr/bin/../lib/gcc/avr/4.3.3/avr5\libgcc.a(_thenan_sf.o)
                              d:/engineering/embedded/imt_dip/embedded-tools/winavr/bin/../lib/gcc/avr/4.3.3/avr5\libgcc.a(_addsub_sf.o) (__thenan_sf)
d:/engineering/embedded/imt_dip/embedded-tools/winavr/bin/../lib/gcc/avr/4.3.3/avr5\libgcc.a(_usi_to_sf.o)
                              ./Temp_sensor/Temp_sensor_program.o (__floatunsisf)
d:/engineering/embedded/imt_dip/embedded-tools/winavr/bin/../lib/gcc/avr/4.3.3/avr5\libgcc.a(_udivmodsi4.o)
                              d:/engineering/embedded/imt_dip/embedded-tools/winavr/bin/../lib/gcc/avr/4.3.3/avr5\libgcc.a(_divmodsi4.o) (__udivmodsi4)
d:/engineering/embedded/imt_dip/embedded-tools/winavr/bin/../lib/gcc/avr/4.3.3/avr5\libgcc.a(_prologue.o)
                              d:/engineering/embedded/imt_dip/embedded-tools/winavr/bin/../lib/gcc/avr/4.3.3/avr5\libgcc.a(_addsub_sf.o) (__prologue_saves__)
d:/engineering/embedded/imt_dip/embedded-tools/winavr/bin/../lib/gcc/avr/4.3.3/avr5\libgcc.a(_epilogue.o)
                              d:/engineering/embedded/imt_dip/embedded-tools/winavr/bin/../lib/gcc/avr/4.3.3/avr5\libgcc.a(_addsub_sf.o) (__epilogue_restores__)
d:/engineering/embedded/imt_dip/embedded-tools/winavr/bin/../lib/gcc/avr/4.3.3/avr5\libgcc.a(_clzsi2.o)
                              d:/engineering/embedded/imt_dip/embedded-tools/winavr/bin/../lib/gcc/avr/4.3.3/avr5\libgcc.a(_si_to_sf.o) (__clzsi2)
d:/engineering/embedded/imt_dip/embedded-tools/winavr/bin/../lib/gcc/avr/4.3.3/avr5\libgcc.a(_pack_sf.o)
                              d:/engineering/embedded/imt_dip/embedded-tools/winavr/bin/../lib/gcc/avr/4.3.3/avr5\libgcc.a(_addsub_sf.o) (__pack_f)
d:/engineering/embedded/imt_dip/embedded-tools/winavr/bin/../lib/gcc/avr/4.3.3/avr5\libgcc.a(_unpack_sf.o)
                              d:/engineering/embedded/imt_dip/embedded-tools/winavr/bin/../lib/gcc/avr/4.3.3/avr5\libgcc.a(_addsub_sf.o) (__unpack_f)
d:/engineering/embedded/imt_dip/embedded-tools/winavr/bin/../lib/gcc/avr/4.3.3/avr5\libgcc.a(_fpcmp_parts_sf.o)
                              d:/engineering/embedded/imt_dip/embedded-tools/winavr/bin/../lib/gcc/avr/4.3.3/avr5\libgcc.a(_ne_sf.o) (__fpcmp_parts_f)
d:/engineering/embedded/imt_dip/embedded-tools/winavr/bin/../lib/gcc/avr/4.3.3/avr5\libgcc.a(_clz.o)
                              d:/engineering/embedded/imt_dip/embedded-tools/winavr/bin/../lib/gcc/avr/4.3.3/avr5\libgcc.a(_clzsi2.o) (__clz_tab)

Memory Configuration

Name             Origin             Length             Attributes
text             0x00000000         0x00020000         xr
data             0x00800060         0x0000ffa0         rw !x
eeprom           0x00810000         0x00010000         rw !x
fuse             0x00820000         0x00000400         rw !x
lock             0x00830000         0x00000400         rw !x
signature        0x00840000         0x00000400         rw !x
*default*        0x00000000         0xffffffff

Linker script and memory map

LOAD d:/engineering/embedded/imt_dip/embedded-tools/winavr/bin/../lib/gcc/avr/4.3.3/../../../../avr/lib/avr5/crtm32.o
LOAD ./Temp_sensor/Temp_sensor_program.o
LOAD ./SRC/main.o
LOAD ./LCD/LCD_program.o
LOAD ./DIO/DIO_program.o
LOAD ./ADC/ADC_program.o
LOAD d:/engineering/embedded/imt_dip/embedded-tools/winavr/bin/../lib/gcc/avr/4.3.3/avr5\libgcc.a
LOAD d:/engineering/embedded/imt_dip/embedded-tools/winavr/bin/../lib/gcc/avr/4.3.3/../../../../avr/lib/avr5\libc.a
LOAD d:/engineering/embedded/imt_dip/embedded-tools/winavr/bin/../lib/gcc/avr/4.3.3/avr5\libgcc.a

.hash
 *(.hash)

.dynsym
 *(.dynsym)

.dynstr
 *(.dynstr)

.gnu.version
 *(.gnu.version)

.gnu.version_d
 *(.gnu.version_d)

.gnu.version_r
 *(.gnu.version_r)

.rel.init
 *(.rel.init)

.rela.init
 *(.rela.init)

.rel.text
 *(.rel.text)
 *(.rel.text.*)
 *(.rel.gnu.linkonce.t*)

.rela.text
 *(.rela.text)
 *(.rela.text.*)
 *(.rela.gnu.linkonce.t*)

.rel.fini
 *(.rel.fini)

.rela.fini
 *(.rela.fini)

.rel.rodata
 *(.rel.rodata)
 *(.rel.rodata.*)
 *(.rel.gnu.linkonce.r*)

.rela.rodata
 *(.rela.rodata)
 *(.rela.rodata.*)
 *(.rela.gnu.linkonce.r*)

.rel.data
 *(.rel.data)
 *(.rel.data.*)
 *(.rel.gnu.linkonce.d*)

.rela.data
 *(.rela.data)
 *(.rela.data.*)
 *(.rela.gnu.linkonce.d*)

.rel.ctors
 *(.rel.ctors)

.rela.ctors
 *(.rela.ctors)

.rel.dtors
 *(.rel.dtors)

.rela.dtors
 *(.rela.dtors)

.rel.got
 *(.rel.got)

.rela.got
 *(.rela.got)

.rel.bss
 *(.rel.bss)

.rela.bss
 *(.rela.bss)

.rel.plt
 *(.rel.plt)

.rela.plt
 *(.rela.plt)

.text           0x00000000     0x5d52
 *(.vectors)
 .vectors       0x00000000       0x54 d:/engineering/embedded/imt_dip/embedded-tools/winavr/bin/../lib/gcc/avr/4.3.3/../../../../avr/lib/avr5/crtm32.o
                0x00000000                __vectors
                0x00000000                __vector_default
 *(.vectors)
 *(.progmem.gcc*)
 *(.progmem*)
                0x00000054                . = ALIGN (0x2)
                0x00000054                __trampolines_start = .
 *(.trampolines)
 .trampolines   0x00000054        0x0 linker stubs
 *(.trampolines*)
                0x00000054                __trampolines_end = .
 *(.jumptables)
 *(.jumptables*)
 *(.lowtext)
 *(.lowtext*)
                0x00000054                __ctors_start = .
 *(.ctors)
                0x00000054                __ctors_end = .
                0x00000054                __dtors_start = .
 *(.dtors)
                0x00000054                __dtors_end = .
 SORT(*)(.ctors)
 SORT(*)(.dtors)
 *(.init0)
 .init0         0x00000054        0x0 d:/engineering/embedded/imt_dip/embedded-tools/winavr/bin/../lib/gcc/avr/4.3.3/../../../../avr/lib/avr5/crtm32.o
                0x00000054                __init
 *(.init0)
 *(.init1)
 *(.init1)
 *(.init2)
 .init2         0x00000054        0xc d:/engineering/embedded/imt_dip/embedded-tools/winavr/bin/../lib/gcc/avr/4.3.3/../../../../avr/lib/avr5/crtm32.o
 *(.init2)
 *(.init3)
 *(.init3)
 *(.init4)
 .init4         0x00000060       0x16 d:/engineering/embedded/imt_dip/embedded-tools/winavr/bin/../lib/gcc/avr/4.3.3/avr5\libgcc.a(_copy_data.o)
                0x00000060                __do_copy_data
 .init4         0x00000076       0x10 d:/engineering/embedded/imt_dip/embedded-tools/winavr/bin/../lib/gcc/avr/4.3.3/avr5\libgcc.a(_clear_bss.o)
                0x00000076                __do_clear_bss
 *(.init4)
 *(.init5)
 *(.init5)
 *(.init6)
 *(.init6)
 *(.init7)
 *(.init7)
 *(.init8)
 *(.init8)
 *(.init9)
 .init9         0x00000086        0x8 d:/engineering/embedded/imt_dip/embedded-tools/winavr/bin/../lib/gcc/avr/4.3.3/../../../../avr/lib/avr5/crtm32.o
 *(.init9)
 *(.text)
 .text          0x0000008e        0x4 d:/engineering/embedded/imt_dip/embedded-tools/winavr/bin/../lib/gcc/avr/4.3.3/../../../../avr/lib/avr5/crtm32.o
                0x0000008e                __vector_1
                0x0000008e                __vector_12
                0x0000008e                __bad_interrupt
                0x0000008e                __vector_6
                0x0000008e                __vector_3
                0x0000008e                __vector_11
                0x0000008e                __vector_13
                0x0000008e                __vector_17
                0x0000008e                __vector_19
                0x0000008e                __vector_7
                0x0000008e                __vector_5
                0x0000008e                __vector_4
                0x0000008e                __vector_9
                0x0000008e                __vector_2
                0x0000008e                __vector_15
                0x0000008e                __vector_8
                0x0000008e                __vector_14
                0x0000008e                __vector_10
                0x0000008e                __vector_18
                0x0000008e                __vector_20
 .text          0x00000092        0x0 ./Temp_sensor/Temp_sensor_program.o
 .text          0x00000092        0x0 ./SRC/main.o
 .text          0x00000092        0x0 ./LCD/LCD_program.o
 .text          0x00000092        0x0 ./DIO/DIO_program.o
 .text          0x00000092        0x0 ./ADC/ADC_program.o
 .text          0x00000092        0x0 d:/engineering/embedded/imt_dip/embedded-tools/winavr/bin/../lib/gcc/avr/4.3.3/avr5\libgcc.a(_mulsi3.o)
 .text          0x00000092        0x0 d:/engineering/embedded/imt_dip/embedded-tools/winavr/bin/../lib/gcc/avr/4.3.3/avr5\libgcc.a(_udivmodhi4.o)
 .text          0x00000092        0x0 d:/engineering/embedded/imt_dip/embedded-tools/winavr/bin/../lib/gcc/avr/4.3.3/avr5\libgcc.a(_divmodsi4.o)
 .text          0x00000092        0x0 d:/engineering/embedded/imt_dip/embedded-tools/winavr/bin/../lib/gcc/avr/4.3.3/avr5\libgcc.a(_exit.o)
 .text          0x00000092        0x0 d:/engineering/embedded/imt_dip/embedded-tools/winavr/bin/../lib/gcc/avr/4.3.3/avr5\libgcc.a(_copy_data.o)
 .text          0x00000092        0x0 d:/engineering/embedded/imt_dip/embedded-tools/winavr/bin/../lib/gcc/avr/4.3.3/avr5\libgcc.a(_clear_bss.o)
 .text          0x00000092       0x58 d:/engineering/embedded/imt_dip/embedded-tools/winavr/bin/../lib/gcc/avr/4.3.3/avr5\libgcc.a(_fixunssfsi.o)
                0x00000092                __fixunssfsi
 .text          0x000000ea      0x354 d:/engineering/embedded/imt_dip/embedded-tools/winavr/bin/../lib/gcc/avr/4.3.3/avr5\libgcc.a(_addsub_sf.o)
                0x00000382                __subsf3
                0x000003e4                __addsf3
 .text          0x0000043e      0x1f4 d:/engineering/embedded/imt_dip/embedded-tools/winavr/bin/../lib/gcc/avr/4.3.3/avr5\libgcc.a(_mul_sf.o)
                0x0000043e                __mulsf3
 .text          0x00000632      0x158 d:/engineering/embedded/imt_dip/embedded-tools/winavr/bin/../lib/gcc/avr/4.3.3/avr5\libgcc.a(_div_sf.o)
                0x00000632                __divsf3
 .text          0x0000078a       0x60 d:/engineering/embedded/imt_dip/embedded-tools/winavr/bin/../lib/gcc/avr/4.3.3/avr5\libgcc.a(_ne_sf.o)
                0x0000078a                __nesf2
 .text          0x000007ea       0x60 d:/engineering/embedded/imt_dip/embedded-tools/winavr/bin/../lib/gcc/avr/4.3.3/avr5\libgcc.a(_gt_sf.o)
                0x000007ea                __gtsf2
 .text          0x0000084a       0x60 d:/engineering/embedded/imt_dip/embedded-tools/winavr/bin/../lib/gcc/avr/4.3.3/avr5\libgcc.a(_ge_sf.o)
                0x0000084a                __gesf2
 .text          0x000008aa       0x60 d:/engineering/embedded/imt_dip/embedded-tools/winavr/bin/../lib/gcc/avr/4.3.3/avr5\libgcc.a(_lt_sf.o)
                0x000008aa                __ltsf2
 .text          0x0000090a       0xbc d:/engineering/embedded/imt_dip/embedded-tools/winavr/bin/../lib/gcc/avr/4.3.3/avr5\libgcc.a(_si_to_sf.o)
                0x0000090a                __floatsisf
 .text          0x000009c6       0xa8 d:/engineering/embedded/imt_dip/embedded-tools/winavr/bin/../lib/gcc/avr/4.3.3/avr5\libgcc.a(_sf_to_si.o)
                0x000009c6                __fixsfsi
 .text          0x00000a6e        0x0 d:/engineering/embedded/imt_dip/embedded-tools/winavr/bin/../lib/gcc/avr/4.3.3/avr5\libgcc.a(_thenan_sf.o)
 .text          0x00000a6e       0xf2 d:/engineering/embedded/imt_dip/embedded-tools/winavr/bin/../lib/gcc/avr/4.3.3/avr5\libgcc.a(_usi_to_sf.o)
                0x00000a6e                __floatunsisf
 .text          0x00000b60        0x0 d:/engineering/embedded/imt_dip/embedded-tools/winavr/bin/../lib/gcc/avr/4.3.3/avr5\libgcc.a(_udivmodsi4.o)
 .text          0x00000b60        0x0 d:/engineering/embedded/imt_dip/embedded-tools/winavr/bin/../lib/gcc/avr/4.3.3/avr5\libgcc.a(_prologue.o)
 .text          0x00000b60        0x0 d:/engineering/embedded/imt_dip/embedded-tools/winavr/bin/../lib/gcc/avr/4.3.3/avr5\libgcc.a(_epilogue.o)
 .text          0x00000b60       0x9e d:/engineering/embedded/imt_dip/embedded-tools/winavr/bin/../lib/gcc/avr/4.3.3/avr5\libgcc.a(_clzsi2.o)
                0x00000b60                __clzsi2
 .text          0x00000bfe      0x1aa d:/engineering/embedded/imt_dip/embedded-tools/winavr/bin/../lib/gcc/avr/4.3.3/avr5\libgcc.a(_pack_sf.o)
                0x00000bfe                __pack_f
 .text          0x00000da8       0xf0 d:/engineering/embedded/imt_dip/embedded-tools/winavr/bin/../lib/gcc/avr/4.3.3/avr5\libgcc.a(_unpack_sf.o)
                0x00000da8                __unpack_f
 .text          0x00000e98       0xb2 d:/engineering/embedded/imt_dip/embedded-tools/winavr/bin/../lib/gcc/avr/4.3.3/avr5\libgcc.a(_fpcmp_parts_sf.o)
                0x00000e98                __fpcmp_parts_f
 .text          0x00000f4a        0x0 d:/engineering/embedded/imt_dip/embedded-tools/winavr/bin/../lib/gcc/avr/4.3.3/avr5\libgcc.a(_clz.o)
                0x00000f4a                . = ALIGN (0x2)
 *(.text.*)
 .text.Temp_sensor_voidInit
                0x00000f4a       0x32 ./Temp_sensor/Temp_sensor_program.o
                0x00000f4a                Temp_sensor_voidInit
 .text.Temp_sensor_voidClcTemp
                0x00000f7c       0xd2 ./Temp_sensor/Temp_sensor_program.o
                0x00000f7c                Temp_sensor_voidClcTemp
 .text.main     0x0000104e       0xac ./SRC/main.o
                0x0000104e                main
 .text.LCD_pow  0x000010fa       0x8c ./LCD/LCD_program.o
                0x000010fa                LCD_pow
 .text.LCD_write_data_8bit
                0x00001186      0x348 ./LCD/LCD_program.o
                0x00001186                LCD_write_data_8bit
 .text.LCD_write_cmd_8bit
                0x000014ce      0x348 ./LCD/LCD_program.o
                0x000014ce                LCD_write_cmd_8bit
 .text.LCD_read_address_8bit
                0x00001816      0x442 ./LCD/LCD_program.o
                0x00001816                LCD_read_address_8bit
 .text.LCD_write_data_4bit
                0x00001c58      0x838 ./LCD/LCD_program.o
                0x00001c58                LCD_write_data_4bit
 .text.LCD_write_cmd_4bit
                0x00002490      0x838 ./LCD/LCD_program.o
                0x00002490                LCD_write_cmd_4bit
 .text.LCD_function_set_4bit
                0x00002cc8      0xf80 ./LCD/LCD_program.o
                0x00002cc8                LCD_function_set_4bit
 .text.LCD_read_data_4bit
                0x00003c48      0x7fc ./LCD/LCD_program.o
                0x00003c48                LCD_read_data_4bit
 .text.LCD_init
                0x00004444      0x5c4 ./LCD/LCD_program.o
                0x00004444                LCD_init
 .text.LCD_set_cursor
                0x00004a08      0x1ce ./LCD/LCD_program.o
                0x00004a08                LCD_set_cursor
 .text.LCD_clear
                0x00004bd6      0x1fa ./LCD/LCD_program.o
                0x00004bd6                LCD_clear
 .text.LCD_off  0x00004dd0      0x110 ./LCD/LCD_program.o
                0x00004dd0                LCD_off
 .text.LCD_on   0x00004ee0      0x1a8 ./LCD/LCD_program.o
                0x00004ee0                LCD_on
 .text.LCD_create_char
                0x00005088       0x1e ./LCD/LCD_program.o
                0x00005088                LCD_create_char
 .text.LCD_write_char
                0x000050a6      0x1aa ./LCD/LCD_program.o
                0x000050a6                LCD_write_char
 .text.LCD_write_str
                0x00005250       0x52 ./LCD/LCD_program.o
                0x00005250                LCD_write_str
 .text.LCD_write_s32_number
                0x000052a2      0x134 ./LCD/LCD_program.o
                0x000052a2                LCD_write_s32_number
 .text.LCD_write_float
                0x000053d6       0xdc ./LCD/LCD_program.o
                0x000053d6                LCD_write_float
 .text.DIO_void_set_port_dir
                0x000054b2       0x32 ./DIO/DIO_program.o
                0x000054b2                DIO_void_set_port_dir
 .text.DIO_void_set_port_in_pullUp
                0x000054e4       0x46 ./DIO/DIO_program.o
                0x000054e4                DIO_void_set_port_in_pullUp
 .text.DIO_void_set_pin_dir
                0x0000552a       0xb8 ./DIO/DIO_program.o
                0x0000552a                DIO_void_set_pin_dir
 .text.DIO_void_set_pin_in_pullUP
                0x000055e2       0xa8 ./DIO/DIO_program.o
                0x000055e2                DIO_void_set_pin_in_pullUP
 .text.DIO_void_set_port
                0x0000568a       0x2e ./DIO/DIO_program.o
                0x0000568a                DIO_void_set_port
 .text.DIO_void_clear_port
                0x000056b8       0x2c ./DIO/DIO_program.o
                0x000056b8                DIO_void_clear_port
 .text.DIO_void_toggle_port
                0x000056e4       0x44 ./DIO/DIO_program.o
                0x000056e4                DIO_void_toggle_port
 .text.DIO_void_assign_port
                0x00005728       0x32 ./DIO/DIO_program.o
                0x00005728                DIO_void_assign_port
 .text.DIO_void_set_pin
                0x0000575a       0x60 ./DIO/DIO_program.o
                0x0000575a                DIO_void_set_pin
 .text.DIO_void_clear_pin
                0x000057ba       0x62 ./DIO/DIO_program.o
                0x000057ba                DIO_void_clear_pin
 .text.DIO_void_toggle_pin
                0x0000581c       0x60 ./DIO/DIO_program.o
                0x0000581c                DIO_void_toggle_pin
 .text.DIO_void_assign_pin
                0x0000587c       0xb8 ./DIO/DIO_program.o
                0x0000587c                DIO_void_assign_pin
 .text.DIO_u8_get_port
                0x00005934       0x2c ./DIO/DIO_program.o
                0x00005934                DIO_u8_get_port
 .text.DIO_u8_get_pin
                0x00005960       0x4a ./DIO/DIO_program.o
                0x00005960                DIO_u8_get_pin
 .text.ADC_void_init
                0x000059aa       0x46 ./ADC/ADC_program.o
                0x000059aa                ADC_void_init
 .text.ADC_void_config
                0x000059f0      0x108 ./ADC/ADC_program.o
                0x000059f0                ADC_void_config
 .text.ADC_void_start_conv
                0x00005af8       0x1c ./ADC/ADC_program.o
                0x00005af8                ADC_void_start_conv
 .text.ADC_void_read_data
                0x00005b14       0x5a ./ADC/ADC_program.o
                0x00005b14                ADC_void_read_data
 .text.ADC_void_INIT_callback
                0x00005b6e       0x24 ./ADC/ADC_program.o
                0x00005b6e                ADC_void_INIT_callback
 .text.__vector_16
                0x00005b92       0x6e ./ADC/ADC_program.o
                0x00005b92                __vector_16
 .text.libgcc   0x00005c00       0x3e d:/engineering/embedded/imt_dip/embedded-tools/winavr/bin/../lib/gcc/avr/4.3.3/avr5\libgcc.a(_mulsi3.o)
                0x00005c00                __mulsi3
 .text.libgcc   0x00005c3e       0x28 d:/engineering/embedded/imt_dip/embedded-tools/winavr/bin/../lib/gcc/avr/4.3.3/avr5\libgcc.a(_udivmodhi4.o)
                0x00005c3e                __udivmodhi4
 .text.libgcc   0x00005c66       0x36 d:/engineering/embedded/imt_dip/embedded-tools/winavr/bin/../lib/gcc/avr/4.3.3/avr5\libgcc.a(_divmodsi4.o)
                0x00005c66                __divmodsi4
 .text.libgcc   0x00005c9c        0x0 d:/engineering/embedded/imt_dip/embedded-tools/winavr/bin/../lib/gcc/avr/4.3.3/avr5\libgcc.a(_exit.o)
 .text.libgcc   0x00005c9c        0x0 d:/engineering/embedded/imt_dip/embedded-tools/winavr/bin/../lib/gcc/avr/4.3.3/avr5\libgcc.a(_copy_data.o)
 .text.libgcc   0x00005c9c        0x0 d:/engineering/embedded/imt_dip/embedded-tools/winavr/bin/../lib/gcc/avr/4.3.3/avr5\libgcc.a(_clear_bss.o)
 .text.libgcc   0x00005c9c       0x44 d:/engineering/embedded/imt_dip/embedded-tools/winavr/bin/../lib/gcc/avr/4.3.3/avr5\libgcc.a(_udivmodsi4.o)
                0x00005c9c                __udivmodsi4
 .text.libgcc   0x00005ce0       0x38 d:/engineering/embedded/imt_dip/embedded-tools/winavr/bin/../lib/gcc/avr/4.3.3/avr5\libgcc.a(_prologue.o)
                0x00005ce0                __prologue_saves__
 .text.libgcc   0x00005d18       0x36 d:/engineering/embedded/imt_dip/embedded-tools/winavr/bin/../lib/gcc/avr/4.3.3/avr5\libgcc.a(_epilogue.o)
                0x00005d18                __epilogue_restores__
                0x00005d4e                . = ALIGN (0x2)
 *(.fini9)
 .fini9         0x00005d4e        0x0 d:/engineering/embedded/imt_dip/embedded-tools/winavr/bin/../lib/gcc/avr/4.3.3/avr5\libgcc.a(_exit.o)
                0x00005d4e                exit
                0x00005d4e                _exit
 *(.fini9)
 *(.fini8)
 *(.fini8)
 *(.fini7)
 *(.fini7)
 *(.fini6)
 *(.fini6)
 *(.fini5)
 *(.fini5)
 *(.fini4)
 *(.fini4)
 *(.fini3)
 *(.fini3)
 *(.fini2)
 *(.fini2)
 *(.fini1)
 *(.fini1)
 *(.fini0)
 .fini0         0x00005d4e        0x4 d:/engineering/embedded/imt_dip/embedded-tools/winavr/bin/../lib/gcc/avr/4.3.3/avr5\libgcc.a(_exit.o)
 *(.fini0)
                0x00005d52                _etext = .

.data           0x00800060      0x12c load address 0x00005d52
                0x00800060                PROVIDE (__data_start, .)
 *(.data)
 .data          0x00800060        0x0 d:/engineering/embedded/imt_dip/embedded-tools/winavr/bin/../lib/gcc/avr/4.3.3/../../../../avr/lib/avr5/crtm32.o
 .data          0x00800060        0x0 ./Temp_sensor/Temp_sensor_program.o
 .data          0x00800060        0x9 ./SRC/main.o
 .data          0x00800069        0x0 ./LCD/LCD_program.o
 .data          0x00800069        0x0 ./DIO/DIO_program.o
 .data          0x00800069        0x0 ./ADC/ADC_program.o
 .data          0x00800069        0x0 d:/engineering/embedded/imt_dip/embedded-tools/winavr/bin/../lib/gcc/avr/4.3.3/avr5\libgcc.a(_mulsi3.o)
 .data          0x00800069        0x0 d:/engineering/embedded/imt_dip/embedded-tools/winavr/bin/../lib/gcc/avr/4.3.3/avr5\libgcc.a(_udivmodhi4.o)
 .data          0x00800069        0x0 d:/engineering/embedded/imt_dip/embedded-tools/winavr/bin/../lib/gcc/avr/4.3.3/avr5\libgcc.a(_divmodsi4.o)
 .data          0x00800069        0x0 d:/engineering/embedded/imt_dip/embedded-tools/winavr/bin/../lib/gcc/avr/4.3.3/avr5\libgcc.a(_exit.o)
 .data          0x00800069        0x0 d:/engineering/embedded/imt_dip/embedded-tools/winavr/bin/../lib/gcc/avr/4.3.3/avr5\libgcc.a(_copy_data.o)
 .data          0x00800069        0x0 d:/engineering/embedded/imt_dip/embedded-tools/winavr/bin/../lib/gcc/avr/4.3.3/avr5\libgcc.a(_clear_bss.o)
 .data          0x00800069        0x0 d:/engineering/embedded/imt_dip/embedded-tools/winavr/bin/../lib/gcc/avr/4.3.3/avr5\libgcc.a(_fixunssfsi.o)
 .data          0x00800069        0x0 d:/engineering/embedded/imt_dip/embedded-tools/winavr/bin/../lib/gcc/avr/4.3.3/avr5\libgcc.a(_addsub_sf.o)
 .data          0x00800069        0x0 d:/engineering/embedded/imt_dip/embedded-tools/winavr/bin/../lib/gcc/avr/4.3.3/avr5\libgcc.a(_mul_sf.o)
 .data          0x00800069        0x0 d:/engineering/embedded/imt_dip/embedded-tools/winavr/bin/../lib/gcc/avr/4.3.3/avr5\libgcc.a(_div_sf.o)
 .data          0x00800069        0x0 d:/engineering/embedded/imt_dip/embedded-tools/winavr/bin/../lib/gcc/avr/4.3.3/avr5\libgcc.a(_ne_sf.o)
 .data          0x00800069        0x0 d:/engineering/embedded/imt_dip/embedded-tools/winavr/bin/../lib/gcc/avr/4.3.3/avr5\libgcc.a(_gt_sf.o)
 .data          0x00800069        0x0 d:/engineering/embedded/imt_dip/embedded-tools/winavr/bin/../lib/gcc/avr/4.3.3/avr5\libgcc.a(_ge_sf.o)
 .data          0x00800069        0x0 d:/engineering/embedded/imt_dip/embedded-tools/winavr/bin/../lib/gcc/avr/4.3.3/avr5\libgcc.a(_lt_sf.o)
 .data          0x00800069        0x0 d:/engineering/embedded/imt_dip/embedded-tools/winavr/bin/../lib/gcc/avr/4.3.3/avr5\libgcc.a(_si_to_sf.o)
 .data          0x00800069        0x0 d:/engineering/embedded/imt_dip/embedded-tools/winavr/bin/../lib/gcc/avr/4.3.3/avr5\libgcc.a(_sf_to_si.o)
 .data          0x00800069        0x8 d:/engineering/embedded/imt_dip/embedded-tools/winavr/bin/../lib/gcc/avr/4.3.3/avr5\libgcc.a(_thenan_sf.o)
                0x00800069                __thenan_sf
 .data          0x00800071        0x0 d:/engineering/embedded/imt_dip/embedded-tools/winavr/bin/../lib/gcc/avr/4.3.3/avr5\libgcc.a(_usi_to_sf.o)
 .data          0x00800071        0x0 d:/engineering/embedded/imt_dip/embedded-tools/winavr/bin/../lib/gcc/avr/4.3.3/avr5\libgcc.a(_udivmodsi4.o)
 .data          0x00800071        0x0 d:/engineering/embedded/imt_dip/embedded-tools/winavr/bin/../lib/gcc/avr/4.3.3/avr5\libgcc.a(_prologue.o)
 .data          0x00800071        0x0 d:/engineering/embedded/imt_dip/embedded-tools/winavr/bin/../lib/gcc/avr/4.3.3/avr5\libgcc.a(_epilogue.o)
 .data          0x00800071        0x0 d:/engineering/embedded/imt_dip/embedded-tools/winavr/bin/../lib/gcc/avr/4.3.3/avr5\libgcc.a(_clzsi2.o)
 .data          0x00800071        0x0 d:/engineering/embedded/imt_dip/embedded-tools/winavr/bin/../lib/gcc/avr/4.3.3/avr5\libgcc.a(_pack_sf.o)
 .data          0x00800071        0x0 d:/engineering/embedded/imt_dip/embedded-tools/winavr/bin/../lib/gcc/avr/4.3.3/avr5\libgcc.a(_unpack_sf.o)
 .data          0x00800071        0x0 d:/engineering/embedded/imt_dip/embedded-tools/winavr/bin/../lib/gcc/avr/4.3.3/avr5\libgcc.a(_fpcmp_parts_sf.o)
 .data          0x00800071      0x100 d:/engineering/embedded/imt_dip/embedded-tools/winavr/bin/../lib/gcc/avr/4.3.3/avr5\libgcc.a(_clz.o)
                0x00800071                __clz_tab
 *(.data*)
 .data.A_DC_sensor_config
                0x00800171        0x2 ./Temp_sensor/Temp_sensor_program.o
                0x00800171                A_DC_sensor_config
 .data.DIO_PINx_REF
                0x00800173        0x8 ./DIO/DIO_program.o
 .data.DIO_DDRx_REF
                0x0080017b        0x8 ./DIO/DIO_program.o
 .data.DIO_PORTx_REF
                0x00800183        0x8 ./DIO/DIO_program.o
 *(.rodata)
 *(.rodata*)
 *(.gnu.linkonce.d*)
                0x0080018c                . = ALIGN (0x2)
 *fill*         0x0080018b        0x1 00
                0x0080018c                _edata = .
                0x0080018c                PROVIDE (__data_end, .)

.bss            0x0080018c        0x2
                0x0080018c                PROVIDE (__bss_start, .)
 *(.bss)
 .bss           0x0080018c        0x0 d:/engineering/embedded/imt_dip/embedded-tools/winavr/bin/../lib/gcc/avr/4.3.3/../../../../avr/lib/avr5/crtm32.o
 .bss           0x0080018c        0x0 ./Temp_sensor/Temp_sensor_program.o
 .bss           0x0080018c        0x0 ./SRC/main.o
 .bss           0x0080018c        0x0 ./LCD/LCD_program.o
 .bss           0x0080018c        0x0 ./DIO/DIO_program.o
 .bss           0x0080018c        0x0 ./ADC/ADC_program.o
 .bss           0x0080018c        0x0 d:/engineering/embedded/imt_dip/embedded-tools/winavr/bin/../lib/gcc/avr/4.3.3/avr5\libgcc.a(_mulsi3.o)
 .bss           0x0080018c        0x0 d:/engineering/embedded/imt_dip/embedded-tools/winavr/bin/../lib/gcc/avr/4.3.3/avr5\libgcc.a(_udivmodhi4.o)
 .bss           0x0080018c        0x0 d:/engineering/embedded/imt_dip/embedded-tools/winavr/bin/../lib/gcc/avr/4.3.3/avr5\libgcc.a(_divmodsi4.o)
 .bss           0x0080018c        0x0 d:/engineering/embedded/imt_dip/embedded-tools/winavr/bin/../lib/gcc/avr/4.3.3/avr5\libgcc.a(_exit.o)
 .bss           0x0080018c        0x0 d:/engineering/embedded/imt_dip/embedded-tools/winavr/bin/../lib/gcc/avr/4.3.3/avr5\libgcc.a(_copy_data.o)
 .bss           0x0080018c        0x0 d:/engineering/embedded/imt_dip/embedded-tools/winavr/bin/../lib/gcc/avr/4.3.3/avr5\libgcc.a(_clear_bss.o)
 .bss           0x0080018c        0x0 d:/engineering/embedded/imt_dip/embedded-tools/winavr/bin/../lib/gcc/avr/4.3.3/avr5\libgcc.a(_fixunssfsi.o)
 .bss           0x0080018c        0x0 d:/engineering/embedded/imt_dip/embedded-tools/winavr/bin/../lib/gcc/avr/4.3.3/avr5\libgcc.a(_addsub_sf.o)
 .bss           0x0080018c        0x0 d:/engineering/embedded/imt_dip/embedded-tools/winavr/bin/../lib/gcc/avr/4.3.3/avr5\libgcc.a(_mul_sf.o)
 .bss           0x0080018c        0x0 d:/engineering/embedded/imt_dip/embedded-tools/winavr/bin/../lib/gcc/avr/4.3.3/avr5\libgcc.a(_div_sf.o)
 .bss           0x0080018c        0x0 d:/engineering/embedded/imt_dip/embedded-tools/winavr/bin/../lib/gcc/avr/4.3.3/avr5\libgcc.a(_ne_sf.o)
 .bss           0x0080018c        0x0 d:/engineering/embedded/imt_dip/embedded-tools/winavr/bin/../lib/gcc/avr/4.3.3/avr5\libgcc.a(_gt_sf.o)
 .bss           0x0080018c        0x0 d:/engineering/embedded/imt_dip/embedded-tools/winavr/bin/../lib/gcc/avr/4.3.3/avr5\libgcc.a(_ge_sf.o)
 .bss           0x0080018c        0x0 d:/engineering/embedded/imt_dip/embedded-tools/winavr/bin/../lib/gcc/avr/4.3.3/avr5\libgcc.a(_lt_sf.o)
 .bss           0x0080018c        0x0 d:/engineering/embedded/imt_dip/embedded-tools/winavr/bin/../lib/gcc/avr/4.3.3/avr5\libgcc.a(_si_to_sf.o)
 .bss           0x0080018c        0x0 d:/engineering/embedded/imt_dip/embedded-tools/winavr/bin/../lib/gcc/avr/4.3.3/avr5\libgcc.a(_sf_to_si.o)
 .bss           0x0080018c        0x0 d:/engineering/embedded/imt_dip/embedded-tools/winavr/bin/../lib/gcc/avr/4.3.3/avr5\libgcc.a(_thenan_sf.o)
 .bss           0x0080018c        0x0 d:/engineering/embedded/imt_dip/embedded-tools/winavr/bin/../lib/gcc/avr/4.3.3/avr5\libgcc.a(_usi_to_sf.o)
 .bss           0x0080018c        0x0 d:/engineering/embedded/imt_dip/embedded-tools/winavr/bin/../lib/gcc/avr/4.3.3/avr5\libgcc.a(_udivmodsi4.o)
 .bss           0x0080018c        0x0 d:/engineering/embedded/imt_dip/embedded-tools/winavr/bin/../lib/gcc/avr/4.3.3/avr5\libgcc.a(_prologue.o)
 .bss           0x0080018c        0x0 d:/engineering/embedded/imt_dip/embedded-tools/winavr/bin/../lib/gcc/avr/4.3.3/avr5\libgcc.a(_epilogue.o)
 .bss           0x0080018c        0x0 d:/engineering/embedded/imt_dip/embedded-tools/winavr/bin/../lib/gcc/avr/4.3.3/avr5\libgcc.a(_clzsi2.o)
 .bss           0x0080018c        0x0 d:/engineering/embedded/imt_dip/embedded-tools/winavr/bin/../lib/gcc/avr/4.3.3/avr5\libgcc.a(_pack_sf.o)
 .bss           0x0080018c        0x0 d:/engineering/embedded/imt_dip/embedded-tools/winavr/bin/../lib/gcc/avr/4.3.3/avr5\libgcc.a(_unpack_sf.o)
 .bss           0x0080018c        0x0 d:/engineering/embedded/imt_dip/embedded-tools/winavr/bin/../lib/gcc/avr/4.3.3/avr5\libgcc.a(_fpcmp_parts_sf.o)
 .bss           0x0080018c        0x0 d:/engineering/embedded/imt_dip/embedded-tools/winavr/bin/../lib/gcc/avr/4.3.3/avr5\libgcc.a(_clz.o)
 *(.bss*)
 .bss.callback_functions_address
                0x0080018c        0x2 ./ADC/ADC_program.o
 *(COMMON)
                0x0080018e                PROVIDE (__bss_end, .)
                0x00005d52                __data_load_start = LOADADDR (.data)
                0x00005e7e                __data_load_end = (__data_load_start + SIZEOF (.data))

.noinit         0x0080018e        0x0
                0x0080018e                PROVIDE (__noinit_start, .)
 *(.noinit*)
                0x0080018e                PROVIDE (__noinit_end, .)
                0x0080018e                _end = .
                0x0080018e                PROVIDE (__heap_start, .)

.eeprom         0x00810000        0x0
 *(.eeprom*)
                0x00810000                __eeprom_end = .

.fuse
 *(.fuse)
 *(.lfuse)
 *(.hfuse)
 *(.efuse)

.lock
 *(.lock*)

.signature
 *(.signature*)

.stab           0x00000000     0x42e4
 *(.stab)
 .stab          0x00000000      0x300 ./Temp_sensor/Temp_sensor_program.o
 .stab          0x00000300      0x264 ./SRC/main.o
                                0x270 (size before relaxing)
 .stab          0x00000564     0x3468 ./LCD/LCD_program.o
                               0x3474 (size before relaxing)
 .stab          0x000039cc      0x57c ./DIO/DIO_program.o
                                0x588 (size before relaxing)
 .stab          0x00003f48      0x39c ./ADC/ADC_program.o
                                0x3a8 (size before relaxing)

.stabstr        0x00000000     0x15f4
 *(.stabstr)
 .stabstr       0x00000000     0x15f4 ./Temp_sensor/Temp_sensor_program.o

.stab.excl
 *(.stab.excl)

.stab.exclstr
 *(.stab.exclstr)

.stab.index
 *(.stab.index)

.stab.indexstr
 *(.stab.indexstr)

.comment
 *(.comment)

.debug
 *(.debug)

.line
 *(.line)

.debug_srcinfo
 *(.debug_srcinfo)

.debug_sfnames
 *(.debug_sfnames)

.debug_aranges  0x00000000      0x1e0
 *(.debug_aranges)
 .debug_aranges
                0x00000000       0x20 d:/engineering/embedded/imt_dip/embedded-tools/winavr/bin/../lib/gcc/avr/4.3.3/avr5\libgcc.a(_fixunssfsi.o)
 .debug_aranges
                0x00000020       0x20 d:/engineering/embedded/imt_dip/embedded-tools/winavr/bin/../lib/gcc/avr/4.3.3/avr5\libgcc.a(_addsub_sf.o)
 .debug_aranges
                0x00000040       0x20 d:/engineering/embedded/imt_dip/embedded-tools/winavr/bin/../lib/gcc/avr/4.3.3/avr5\libgcc.a(_mul_sf.o)
 .debug_aranges
                0x00000060       0x20 d:/engineering/embedded/imt_dip/embedded-tools/winavr/bin/../lib/gcc/avr/4.3.3/avr5\libgcc.a(_div_sf.o)
 .debug_aranges
                0x00000080       0x20 d:/engineering/embedded/imt_dip/embedded-tools/winavr/bin/../lib/gcc/avr/4.3.3/avr5\libgcc.a(_ne_sf.o)
 .debug_aranges
                0x000000a0       0x20 d:/engineering/embedded/imt_dip/embedded-tools/winavr/bin/../lib/gcc/avr/4.3.3/avr5\libgcc.a(_gt_sf.o)
 .debug_aranges
                0x000000c0       0x20 d:/engineering/embedded/imt_dip/embedded-tools/winavr/bin/../lib/gcc/avr/4.3.3/avr5\libgcc.a(_ge_sf.o)
 .debug_aranges
                0x000000e0       0x20 d:/engineering/embedded/imt_dip/embedded-tools/winavr/bin/../lib/gcc/avr/4.3.3/avr5\libgcc.a(_lt_sf.o)
 .debug_aranges
                0x00000100       0x20 d:/engineering/embedded/imt_dip/embedded-tools/winavr/bin/../lib/gcc/avr/4.3.3/avr5\libgcc.a(_si_to_sf.o)
 .debug_aranges
                0x00000120       0x20 d:/engineering/embedded/imt_dip/embedded-tools/winavr/bin/../lib/gcc/avr/4.3.3/avr5\libgcc.a(_sf_to_si.o)
 .debug_aranges
                0x00000140       0x20 d:/engineering/embedded/imt_dip/embedded-tools/winavr/bin/../lib/gcc/avr/4.3.3/avr5\libgcc.a(_usi_to_sf.o)
 .debug_aranges
                0x00000160       0x20 d:/engineering/embedded/imt_dip/embedded-tools/winavr/bin/../lib/gcc/avr/4.3.3/avr5\libgcc.a(_clzsi2.o)
 .debug_aranges
                0x00000180       0x20 d:/engineering/embedded/imt_dip/embedded-tools/winavr/bin/../lib/gcc/avr/4.3.3/avr5\libgcc.a(_pack_sf.o)
 .debug_aranges
                0x000001a0       0x20 d:/engineering/embedded/imt_dip/embedded-tools/winavr/bin/../lib/gcc/avr/4.3.3/avr5\libgcc.a(_unpack_sf.o)
 .debug_aranges
                0x000001c0       0x20 d:/engineering/embedded/imt_dip/embedded-tools/winavr/bin/../lib/gcc/avr/4.3.3/avr5\libgcc.a(_fpcmp_parts_sf.o)

.debug_pubnames
                0x00000000      0x232
 *(.debug_pubnames)
 .debug_pubnames
                0x00000000       0x23 d:/engineering/embedded/imt_dip/embedded-tools/winavr/bin/../lib/gcc/avr/4.3.3/avr5\libgcc.a(_fixunssfsi.o)
 .debug_pubnames
                0x00000023       0x2c d:/engineering/embedded/imt_dip/embedded-tools/winavr/bin/../lib/gcc/avr/4.3.3/avr5\libgcc.a(_addsub_sf.o)
 .debug_pubnames
                0x0000004f       0x1f d:/engineering/embedded/imt_dip/embedded-tools/winavr/bin/../lib/gcc/avr/4.3.3/avr5\libgcc.a(_mul_sf.o)
 .debug_pubnames
                0x0000006e       0x1f d:/engineering/embedded/imt_dip/embedded-tools/winavr/bin/../lib/gcc/avr/4.3.3/avr5\libgcc.a(_div_sf.o)
 .debug_pubnames
                0x0000008d       0x1e d:/engineering/embedded/imt_dip/embedded-tools/winavr/bin/../lib/gcc/avr/4.3.3/avr5\libgcc.a(_ne_sf.o)
 .debug_pubnames
                0x000000ab       0x1e d:/engineering/embedded/imt_dip/embedded-tools/winavr/bin/../lib/gcc/avr/4.3.3/avr5\libgcc.a(_gt_sf.o)
 .debug_pubnames
                0x000000c9       0x1e d:/engineering/embedded/imt_dip/embedded-tools/winavr/bin/../lib/gcc/avr/4.3.3/avr5\libgcc.a(_ge_sf.o)
 .debug_pubnames
                0x000000e7       0x1e d:/engineering/embedded/imt_dip/embedded-tools/winavr/bin/../lib/gcc/avr/4.3.3/avr5\libgcc.a(_lt_sf.o)
 .debug_pubnames
                0x00000105       0x22 d:/engineering/embedded/imt_dip/embedded-tools/winavr/bin/../lib/gcc/avr/4.3.3/avr5\libgcc.a(_si_to_sf.o)
 .debug_pubnames
                0x00000127       0x20 d:/engineering/embedded/imt_dip/embedded-tools/winavr/bin/../lib/gcc/avr/4.3.3/avr5\libgcc.a(_sf_to_si.o)
 .debug_pubnames
                0x00000147       0x22 d:/engineering/embedded/imt_dip/embedded-tools/winavr/bin/../lib/gcc/avr/4.3.3/avr5\libgcc.a(_thenan_sf.o)
 .debug_pubnames
                0x00000169       0x24 d:/engineering/embedded/imt_dip/embedded-tools/winavr/bin/../lib/gcc/avr/4.3.3/avr5\libgcc.a(_usi_to_sf.o)
 .debug_pubnames
                0x0000018d       0x1f d:/engineering/embedded/imt_dip/embedded-tools/winavr/bin/../lib/gcc/avr/4.3.3/avr5\libgcc.a(_clzsi2.o)
 .debug_pubnames
                0x000001ac       0x1f d:/engineering/embedded/imt_dip/embedded-tools/winavr/bin/../lib/gcc/avr/4.3.3/avr5\libgcc.a(_pack_sf.o)
 .debug_pubnames
                0x000001cb       0x21 d:/engineering/embedded/imt_dip/embedded-tools/winavr/bin/../lib/gcc/avr/4.3.3/avr5\libgcc.a(_unpack_sf.o)
 .debug_pubnames
                0x000001ec       0x26 d:/engineering/embedded/imt_dip/embedded-tools/winavr/bin/../lib/gcc/avr/4.3.3/avr5\libgcc.a(_fpcmp_parts_sf.o)
 .debug_pubnames
                0x00000212       0x20 d:/engineering/embedded/imt_dip/embedded-tools/winavr/bin/../lib/gcc/avr/4.3.3/avr5\libgcc.a(_clz.o)

.debug_info     0x00000000     0x2891
 *(.debug_info)
 .debug_info    0x00000000       0xb1 d:/engineering/embedded/imt_dip/embedded-tools/winavr/bin/../lib/gcc/avr/4.3.3/avr5\libgcc.a(_fixunssfsi.o)
 .debug_info    0x000000b1      0x47a d:/engineering/embedded/imt_dip/embedded-tools/winavr/bin/../lib/gcc/avr/4.3.3/avr5\libgcc.a(_addsub_sf.o)
 .debug_info    0x0000052b      0x485 d:/engineering/embedded/imt_dip/embedded-tools/winavr/bin/../lib/gcc/avr/4.3.3/avr5\libgcc.a(_mul_sf.o)
 .debug_info    0x000009b0      0x3fc d:/engineering/embedded/imt_dip/embedded-tools/winavr/bin/../lib/gcc/avr/4.3.3/avr5\libgcc.a(_div_sf.o)
 .debug_info    0x00000dac      0x27f d:/engineering/embedded/imt_dip/embedded-tools/winavr/bin/../lib/gcc/avr/4.3.3/avr5\libgcc.a(_ne_sf.o)
 .debug_info    0x0000102b      0x27f d:/engineering/embedded/imt_dip/embedded-tools/winavr/bin/../lib/gcc/avr/4.3.3/avr5\libgcc.a(_gt_sf.o)
 .debug_info    0x000012aa      0x27f d:/engineering/embedded/imt_dip/embedded-tools/winavr/bin/../lib/gcc/avr/4.3.3/avr5\libgcc.a(_ge_sf.o)
 .debug_info    0x00001529      0x27f d:/engineering/embedded/imt_dip/embedded-tools/winavr/bin/../lib/gcc/avr/4.3.3/avr5\libgcc.a(_lt_sf.o)
 .debug_info    0x000017a8      0x207 d:/engineering/embedded/imt_dip/embedded-tools/winavr/bin/../lib/gcc/avr/4.3.3/avr5\libgcc.a(_si_to_sf.o)
 .debug_info    0x000019af      0x2b0 d:/engineering/embedded/imt_dip/embedded-tools/winavr/bin/../lib/gcc/avr/4.3.3/avr5\libgcc.a(_sf_to_si.o)
 .debug_info    0x00001c5f      0x12c d:/engineering/embedded/imt_dip/embedded-tools/winavr/bin/../lib/gcc/avr/4.3.3/avr5\libgcc.a(_thenan_sf.o)
 .debug_info    0x00001d8b      0x206 d:/engineering/embedded/imt_dip/embedded-tools/winavr/bin/../lib/gcc/avr/4.3.3/avr5\libgcc.a(_usi_to_sf.o)
 .debug_info    0x00001f91      0x117 d:/engineering/embedded/imt_dip/embedded-tools/winavr/bin/../lib/gcc/avr/4.3.3/avr5\libgcc.a(_clzsi2.o)
 .debug_info    0x000020a8      0x2df d:/engineering/embedded/imt_dip/embedded-tools/winavr/bin/../lib/gcc/avr/4.3.3/avr5\libgcc.a(_pack_sf.o)
 .debug_info    0x00002387      0x251 d:/engineering/embedded/imt_dip/embedded-tools/winavr/bin/../lib/gcc/avr/4.3.3/avr5\libgcc.a(_unpack_sf.o)
 .debug_info    0x000025d8      0x210 d:/engineering/embedded/imt_dip/embedded-tools/winavr/bin/../lib/gcc/avr/4.3.3/avr5\libgcc.a(_fpcmp_parts_sf.o)
 .debug_info    0x000027e8       0xa9 d:/engineering/embedded/imt_dip/embedded-tools/winavr/bin/../lib/gcc/avr/4.3.3/avr5\libgcc.a(_clz.o)
 *(.gnu.linkonce.wi.*)

.debug_abbrev   0x00000000     0x1628
 *(.debug_abbrev)
 .debug_abbrev  0x00000000       0x5d d:/engineering/embedded/imt_dip/embedded-tools/winavr/bin/../lib/gcc/avr/4.3.3/avr5\libgcc.a(_fixunssfsi.o)
 .debug_abbrev  0x0000005d      0x1ea d:/engineering/embedded/imt_dip/embedded-tools/winavr/bin/../lib/gcc/avr/4.3.3/avr5\libgcc.a(_addsub_sf.o)
 .debug_abbrev  0x00000247      0x21b d:/engineering/embedded/imt_dip/embedded-tools/winavr/bin/../lib/gcc/avr/4.3.3/avr5\libgcc.a(_mul_sf.o)
 .debug_abbrev  0x00000462      0x216 d:/engineering/embedded/imt_dip/embedded-tools/winavr/bin/../lib/gcc/avr/4.3.3/avr5\libgcc.a(_div_sf.o)
 .debug_abbrev  0x00000678      0x15a d:/engineering/embedded/imt_dip/embedded-tools/winavr/bin/../lib/gcc/avr/4.3.3/avr5\libgcc.a(_ne_sf.o)
 .debug_abbrev  0x000007d2      0x15a d:/engineering/embedded/imt_dip/embedded-tools/winavr/bin/../lib/gcc/avr/4.3.3/avr5\libgcc.a(_gt_sf.o)
 .debug_abbrev  0x0000092c      0x15a d:/engineering/embedded/imt_dip/embedded-tools/winavr/bin/../lib/gcc/avr/4.3.3/avr5\libgcc.a(_ge_sf.o)
 .debug_abbrev  0x00000a86      0x15a d:/engineering/embedded/imt_dip/embedded-tools/winavr/bin/../lib/gcc/avr/4.3.3/avr5\libgcc.a(_lt_sf.o)
 .debug_abbrev  0x00000be0      0x148 d:/engineering/embedded/imt_dip/embedded-tools/winavr/bin/../lib/gcc/avr/4.3.3/avr5\libgcc.a(_si_to_sf.o)
 .debug_abbrev  0x00000d28      0x17f d:/engineering/embedded/imt_dip/embedded-tools/winavr/bin/../lib/gcc/avr/4.3.3/avr5\libgcc.a(_sf_to_si.o)
 .debug_abbrev  0x00000ea7       0xad d:/engineering/embedded/imt_dip/embedded-tools/winavr/bin/../lib/gcc/avr/4.3.3/avr5\libgcc.a(_thenan_sf.o)
 .debug_abbrev  0x00000f54      0x157 d:/engineering/embedded/imt_dip/embedded-tools/winavr/bin/../lib/gcc/avr/4.3.3/avr5\libgcc.a(_usi_to_sf.o)
 .debug_abbrev  0x000010ab       0xc4 d:/engineering/embedded/imt_dip/embedded-tools/winavr/bin/../lib/gcc/avr/4.3.3/avr5\libgcc.a(_clzsi2.o)
 .debug_abbrev  0x0000116f      0x1c0 d:/engineering/embedded/imt_dip/embedded-tools/winavr/bin/../lib/gcc/avr/4.3.3/avr5\libgcc.a(_pack_sf.o)
 .debug_abbrev  0x0000132f      0x154 d:/engineering/embedded/imt_dip/embedded-tools/winavr/bin/../lib/gcc/avr/4.3.3/avr5\libgcc.a(_unpack_sf.o)
 .debug_abbrev  0x00001483      0x13b d:/engineering/embedded/imt_dip/embedded-tools/winavr/bin/../lib/gcc/avr/4.3.3/avr5\libgcc.a(_fpcmp_parts_sf.o)
 .debug_abbrev  0x000015be       0x6a d:/engineering/embedded/imt_dip/embedded-tools/winavr/bin/../lib/gcc/avr/4.3.3/avr5\libgcc.a(_clz.o)

.debug_line     0x00000000     0x13de
 *(.debug_line)
 .debug_line    0x00000000       0xa7 d:/engineering/embedded/imt_dip/embedded-tools/winavr/bin/../lib/gcc/avr/4.3.3/avr5\libgcc.a(_fixunssfsi.o)
 .debug_line    0x000000a7      0x2af d:/engineering/embedded/imt_dip/embedded-tools/winavr/bin/../lib/gcc/avr/4.3.3/avr5\libgcc.a(_addsub_sf.o)
 .debug_line    0x00000356      0x239 d:/engineering/embedded/imt_dip/embedded-tools/winavr/bin/../lib/gcc/avr/4.3.3/avr5\libgcc.a(_mul_sf.o)
 .debug_line    0x0000058f      0x1d5 d:/engineering/embedded/imt_dip/embedded-tools/winavr/bin/../lib/gcc/avr/4.3.3/avr5\libgcc.a(_div_sf.o)
 .debug_line    0x00000764       0xd3 d:/engineering/embedded/imt_dip/embedded-tools/winavr/bin/../lib/gcc/avr/4.3.3/avr5\libgcc.a(_ne_sf.o)
 .debug_line    0x00000837       0xd3 d:/engineering/embedded/imt_dip/embedded-tools/winavr/bin/../lib/gcc/avr/4.3.3/avr5\libgcc.a(_gt_sf.o)
 .debug_line    0x0000090a       0xd3 d:/engineering/embedded/imt_dip/embedded-tools/winavr/bin/../lib/gcc/avr/4.3.3/avr5\libgcc.a(_ge_sf.o)
 .debug_line    0x000009dd       0xd3 d:/engineering/embedded/imt_dip/embedded-tools/winavr/bin/../lib/gcc/avr/4.3.3/avr5\libgcc.a(_lt_sf.o)
 .debug_line    0x00000ab0      0x135 d:/engineering/embedded/imt_dip/embedded-tools/winavr/bin/../lib/gcc/avr/4.3.3/avr5\libgcc.a(_si_to_sf.o)
 .debug_line    0x00000be5      0x109 d:/engineering/embedded/imt_dip/embedded-tools/winavr/bin/../lib/gcc/avr/4.3.3/avr5\libgcc.a(_sf_to_si.o)
 .debug_line    0x00000cee       0x90 d:/engineering/embedded/imt_dip/embedded-tools/winavr/bin/../lib/gcc/avr/4.3.3/avr5\libgcc.a(_thenan_sf.o)
 .debug_line    0x00000d7e      0x133 d:/engineering/embedded/imt_dip/embedded-tools/winavr/bin/../lib/gcc/avr/4.3.3/avr5\libgcc.a(_usi_to_sf.o)
 .debug_line    0x00000eb1       0xa5 d:/engineering/embedded/imt_dip/embedded-tools/winavr/bin/../lib/gcc/avr/4.3.3/avr5\libgcc.a(_clzsi2.o)
 .debug_line    0x00000f56      0x18a d:/engineering/embedded/imt_dip/embedded-tools/winavr/bin/../lib/gcc/avr/4.3.3/avr5\libgcc.a(_pack_sf.o)
 .debug_line    0x000010e0      0x14b d:/engineering/embedded/imt_dip/embedded-tools/winavr/bin/../lib/gcc/avr/4.3.3/avr5\libgcc.a(_unpack_sf.o)
 .debug_line    0x0000122b      0x137 d:/engineering/embedded/imt_dip/embedded-tools/winavr/bin/../lib/gcc/avr/4.3.3/avr5\libgcc.a(_fpcmp_parts_sf.o)
 .debug_line    0x00001362       0x7c d:/engineering/embedded/imt_dip/embedded-tools/winavr/bin/../lib/gcc/avr/4.3.3/avr5\libgcc.a(_clz.o)

.debug_frame    0x00000000      0x200
 *(.debug_frame)
 .debug_frame   0x00000000       0x20 d:/engineering/embedded/imt_dip/embedded-tools/winavr/bin/../lib/gcc/avr/4.3.3/avr5\libgcc.a(_fixunssfsi.o)
 .debug_frame   0x00000020       0x40 d:/engineering/embedded/imt_dip/embedded-tools/winavr/bin/../lib/gcc/avr/4.3.3/avr5\libgcc.a(_addsub_sf.o)
 .debug_frame   0x00000060       0x20 d:/engineering/embedded/imt_dip/embedded-tools/winavr/bin/../lib/gcc/avr/4.3.3/avr5\libgcc.a(_mul_sf.o)
 .debug_frame   0x00000080       0x20 d:/engineering/embedded/imt_dip/embedded-tools/winavr/bin/../lib/gcc/avr/4.3.3/avr5\libgcc.a(_div_sf.o)
 .debug_frame   0x000000a0       0x20 d:/engineering/embedded/imt_dip/embedded-tools/winavr/bin/../lib/gcc/avr/4.3.3/avr5\libgcc.a(_ne_sf.o)
 .debug_frame   0x000000c0       0x20 d:/engineering/embedded/imt_dip/embedded-tools/winavr/bin/../lib/gcc/avr/4.3.3/avr5\libgcc.a(_gt_sf.o)
 .debug_frame   0x000000e0       0x20 d:/engineering/embedded/imt_dip/embedded-tools/winavr/bin/../lib/gcc/avr/4.3.3/avr5\libgcc.a(_ge_sf.o)
 .debug_frame   0x00000100       0x20 d:/engineering/embedded/imt_dip/embedded-tools/winavr/bin/../lib/gcc/avr/4.3.3/avr5\libgcc.a(_lt_sf.o)
 .debug_frame   0x00000120       0x20 d:/engineering/embedded/imt_dip/embedded-tools/winavr/bin/../lib/gcc/avr/4.3.3/avr5\libgcc.a(_si_to_sf.o)
 .debug_frame   0x00000140       0x20 d:/engineering/embedded/imt_dip/embedded-tools/winavr/bin/../lib/gcc/avr/4.3.3/avr5\libgcc.a(_sf_to_si.o)
 .debug_frame   0x00000160       0x20 d:/engineering/embedded/imt_dip/embedded-tools/winavr/bin/../lib/gcc/avr/4.3.3/avr5\libgcc.a(_usi_to_sf.o)
 .debug_frame   0x00000180       0x20 d:/engineering/embedded/imt_dip/embedded-tools/winavr/bin/../lib/gcc/avr/4.3.3/avr5\libgcc.a(_clzsi2.o)
 .debug_frame   0x000001a0       0x20 d:/engineering/embedded/imt_dip/embedded-tools/winavr/bin/../lib/gcc/avr/4.3.3/avr5\libgcc.a(_pack_sf.o)
 .debug_frame   0x000001c0       0x20 d:/engineering/embedded/imt_dip/embedded-tools/winavr/bin/../lib/gcc/avr/4.3.3/avr5\libgcc.a(_unpack_sf.o)
 .debug_frame   0x000001e0       0x20 d:/engineering/embedded/imt_dip/embedded-tools/winavr/bin/../lib/gcc/avr/4.3.3/avr5\libgcc.a(_fpcmp_parts_sf.o)

.debug_str      0x00000000      0x30f
 *(.debug_str)
 .debug_str     0x00000000       0xbf d:/engineering/embedded/imt_dip/embedded-tools/winavr/bin/../lib/gcc/avr/4.3.3/avr5\libgcc.a(_fixunssfsi.o)
                                 0xfe (size before relaxing)
 .debug_str     0x000000bf      0x14d d:/engineering/embedded/imt_dip/embedded-tools/winavr/bin/../lib/gcc/avr/4.3.3/avr5\libgcc.a(_addsub_sf.o)
                                0x206 (size before relaxing)
 .debug_str     0x0000020c       0x27 d:/engineering/embedded/imt_dip/embedded-tools/winavr/bin/../lib/gcc/avr/4.3.3/avr5\libgcc.a(_mul_sf.o)
                                0x1bf (size before relaxing)
 .debug_str     0x00000233       0x35 d:/engineering/embedded/imt_dip/embedded-tools/winavr/bin/../lib/gcc/avr/4.3.3/avr5\libgcc.a(_div_sf.o)
                                0x1c8 (size before relaxing)
 .debug_str     0x00000268        0x8 d:/engineering/embedded/imt_dip/embedded-tools/winavr/bin/../lib/gcc/avr/4.3.3/avr5\libgcc.a(_ne_sf.o)
                                0x195 (size before relaxing)
 .debug_str     0x00000270        0x8 d:/engineering/embedded/imt_dip/embedded-tools/winavr/bin/../lib/gcc/avr/4.3.3/avr5\libgcc.a(_gt_sf.o)
                                0x195 (size before relaxing)
 .debug_str     0x00000278        0x8 d:/engineering/embedded/imt_dip/embedded-tools/winavr/bin/../lib/gcc/avr/4.3.3/avr5\libgcc.a(_ge_sf.o)
                                0x195 (size before relaxing)
 .debug_str     0x00000280        0x8 d:/engineering/embedded/imt_dip/embedded-tools/winavr/bin/../lib/gcc/avr/4.3.3/avr5\libgcc.a(_lt_sf.o)
                                0x195 (size before relaxing)
 .debug_str     0x00000288       0x1e d:/engineering/embedded/imt_dip/embedded-tools/winavr/bin/../lib/gcc/avr/4.3.3/avr5\libgcc.a(_si_to_sf.o)
                                0x17b (size before relaxing)
 .debug_str     0x000002a6        0xa d:/engineering/embedded/imt_dip/embedded-tools/winavr/bin/../lib/gcc/avr/4.3.3/avr5\libgcc.a(_sf_to_si.o)
                                0x19e (size before relaxing)
 .debug_str     0x00000000      0x103 d:/engineering/embedded/imt_dip/embedded-tools/winavr/bin/../lib/gcc/avr/4.3.3/avr5\libgcc.a(_thenan_sf.o)
 .debug_str     0x000002b0       0x14 d:/engineering/embedded/imt_dip/embedded-tools/winavr/bin/../lib/gcc/avr/4.3.3/avr5\libgcc.a(_usi_to_sf.o)
                                0x177 (size before relaxing)
 .debug_str     0x000002c4       0x20 d:/engineering/embedded/imt_dip/embedded-tools/winavr/bin/../lib/gcc/avr/4.3.3/avr5\libgcc.a(_clzsi2.o)
                                0x111 (size before relaxing)
 .debug_str     0x000002e4       0x10 d:/engineering/embedded/imt_dip/embedded-tools/winavr/bin/../lib/gcc/avr/4.3.3/avr5\libgcc.a(_pack_sf.o)
                                0x19d (size before relaxing)
 .debug_str     0x000002f4        0xb d:/engineering/embedded/imt_dip/embedded-tools/winavr/bin/../lib/gcc/avr/4.3.3/avr5\libgcc.a(_unpack_sf.o)
                                0x17f (size before relaxing)
 .debug_str     0x000002ff       0x10 d:/engineering/embedded/imt_dip/embedded-tools/winavr/bin/../lib/gcc/avr/4.3.3/avr5\libgcc.a(_fpcmp_parts_sf.o)
                                0x163 (size before relaxing)
 .debug_str     0x00000000       0xf4 d:/engineering/embedded/imt_dip/embedded-tools/winavr/bin/../lib/gcc/avr/4.3.3/avr5\libgcc.a(_clz.o)

.debug_loc      0x00000000      0xa56
 *(.debug_loc)
 .debug_loc     0x00000000       0x34 d:/engineering/embedded/imt_dip/embedded-tools/winavr/bin/../lib/gcc/avr/4.3.3/avr5\libgcc.a(_fixunssfsi.o)
 .debug_loc     0x00000034      0x32a d:/engineering/embedded/imt_dip/embedded-tools/winavr/bin/../lib/gcc/avr/4.3.3/avr5\libgcc.a(_addsub_sf.o)
 .debug_loc     0x0000035e      0x104 d:/engineering/embedded/imt_dip/embedded-tools/winavr/bin/../lib/gcc/avr/4.3.3/avr5\libgcc.a(_mul_sf.o)
 .debug_loc     0x00000462       0xc0 d:/engineering/embedded/imt_dip/embedded-tools/winavr/bin/../lib/gcc/avr/4.3.3/avr5\libgcc.a(_div_sf.o)
 .debug_loc     0x00000522       0x3c d:/engineering/embedded/imt_dip/embedded-tools/winavr/bin/../lib/gcc/avr/4.3.3/avr5\libgcc.a(_ne_sf.o)
 .debug_loc     0x0000055e       0x3c d:/engineering/embedded/imt_dip/embedded-tools/winavr/bin/../lib/gcc/avr/4.3.3/avr5\libgcc.a(_gt_sf.o)
 .debug_loc     0x0000059a       0x3c d:/engineering/embedded/imt_dip/embedded-tools/winavr/bin/../lib/gcc/avr/4.3.3/avr5\libgcc.a(_ge_sf.o)
 .debug_loc     0x000005d6       0x3c d:/engineering/embedded/imt_dip/embedded-tools/winavr/bin/../lib/gcc/avr/4.3.3/avr5\libgcc.a(_lt_sf.o)
 .debug_loc     0x00000612       0xac d:/engineering/embedded/imt_dip/embedded-tools/winavr/bin/../lib/gcc/avr/4.3.3/avr5\libgcc.a(_si_to_sf.o)
 .debug_loc     0x000006be       0x7e d:/engineering/embedded/imt_dip/embedded-tools/winavr/bin/../lib/gcc/avr/4.3.3/avr5\libgcc.a(_sf_to_si.o)
 .debug_loc     0x0000073c       0x4c d:/engineering/embedded/imt_dip/embedded-tools/winavr/bin/../lib/gcc/avr/4.3.3/avr5\libgcc.a(_usi_to_sf.o)
 .debug_loc     0x00000788       0x94 d:/engineering/embedded/imt_dip/embedded-tools/winavr/bin/../lib/gcc/avr/4.3.3/avr5\libgcc.a(_clzsi2.o)
 .debug_loc     0x0000081c      0x13e d:/engineering/embedded/imt_dip/embedded-tools/winavr/bin/../lib/gcc/avr/4.3.3/avr5\libgcc.a(_pack_sf.o)
 .debug_loc     0x0000095a       0xac d:/engineering/embedded/imt_dip/embedded-tools/winavr/bin/../lib/gcc/avr/4.3.3/avr5\libgcc.a(_unpack_sf.o)
 .debug_loc     0x00000a06       0x50 d:/engineering/embedded/imt_dip/embedded-tools/winavr/bin/../lib/gcc/avr/4.3.3/avr5\libgcc.a(_fpcmp_parts_sf.o)

.debug_macinfo
 *(.debug_macinfo)
OUTPUT(APP_35_Temp-sensor.elf elf32-avr)
LOAD linker stubs

.debug_ranges   0x00000000       0x50
 .debug_ranges  0x00000000       0x50 d:/engineering/embedded/imt_dip/embedded-tools/winavr/bin/../lib/gcc/avr/4.3.3/avr5\libgcc.a(_mul_sf.o)
