Archive member included because of file (symbol)

d:/engineering/embedded/imt_dip/embedded-tools/winavr/bin/../lib/gcc/avr/4.3.3/avr5\libgcc.a(_mulsi3.o)
                              ./LCD/LCD_program.o (__mulsi3)
d:/engineering/embedded/imt_dip/embedded-tools/winavr/bin/../lib/gcc/avr/4.3.3/avr5\libgcc.a(_udivmodhi4.o)
                              ./V_DC_sensor/V_DC_sensor_program.o (__udivmodhi4)
d:/engineering/embedded/imt_dip/embedded-tools/winavr/bin/../lib/gcc/avr/4.3.3/avr5\libgcc.a(_divmodsi4.o)
                              ./LCD/LCD_program.o (__divmodsi4)
d:/engineering/embedded/imt_dip/embedded-tools/winavr/bin/../lib/gcc/avr/4.3.3/avr5\libgcc.a(_exit.o)
                              d:/engineering/embedded/imt_dip/embedded-tools/winavr/bin/../lib/gcc/avr/4.3.3/../../../../avr/lib/avr5/crtm32.o (exit)
d:/engineering/embedded/imt_dip/embedded-tools/winavr/bin/../lib/gcc/avr/4.3.3/avr5\libgcc.a(_copy_data.o)
                              ./Temp_sensor/Temp_sensor_program.o (__do_copy_data)
d:/engineering/embedded/imt_dip/embedded-tools/winavr/bin/../lib/gcc/avr/4.3.3/avr5\libgcc.a(_clear_bss.o)
                              ./V_DC_sensor/V_DC_sensor_program.o (__do_clear_bss)
d:/engineering/embedded/imt_dip/embedded-tools/winavr/bin/../lib/gcc/avr/4.3.3/avr5\libgcc.a(_addsub_sf.o)
                              ./LCD/LCD_program.o (__subsf3)
d:/engineering/embedded/imt_dip/embedded-tools/winavr/bin/../lib/gcc/avr/4.3.3/avr5\libgcc.a(_mul_sf.o)
                              ./V_DC_sensor/V_DC_sensor_program.o (__mulsf3)
d:/engineering/embedded/imt_dip/embedded-tools/winavr/bin/../lib/gcc/avr/4.3.3/avr5\libgcc.a(_div_sf.o)
                              ./Temp_sensor/Temp_sensor_program.o (__divsf3)
d:/engineering/embedded/imt_dip/embedded-tools/winavr/bin/../lib/gcc/avr/4.3.3/avr5\libgcc.a(_ne_sf.o)
                              ./SRC/main.o (__nesf2)
d:/engineering/embedded/imt_dip/embedded-tools/winavr/bin/../lib/gcc/avr/4.3.3/avr5\libgcc.a(_gt_sf.o)
                              ./SRC/main.o (__gtsf2)
d:/engineering/embedded/imt_dip/embedded-tools/winavr/bin/../lib/gcc/avr/4.3.3/avr5\libgcc.a(_lt_sf.o)
                              ./SRC/main.o (__ltsf2)
d:/engineering/embedded/imt_dip/embedded-tools/winavr/bin/../lib/gcc/avr/4.3.3/avr5\libgcc.a(_si_to_sf.o)
                              ./LCD/LCD_program.o (__floatsisf)
d:/engineering/embedded/imt_dip/embedded-tools/winavr/bin/../lib/gcc/avr/4.3.3/avr5\libgcc.a(_sf_to_si.o)
                              ./LCD/LCD_program.o (__fixsfsi)
d:/engineering/embedded/imt_dip/embedded-tools/winavr/bin/../lib/gcc/avr/4.3.3/avr5\libgcc.a(_thenan_sf.o)
                              d:/engineering/embedded/imt_dip/embedded-tools/winavr/bin/../lib/gcc/avr/4.3.3/avr5\libgcc.a(_addsub_sf.o) (__thenan_sf)
d:/engineering/embedded/imt_dip/embedded-tools/winavr/bin/../lib/gcc/avr/4.3.3/avr5\libgcc.a(_usi_to_sf.o)
                              ./V_DC_sensor/V_DC_sensor_program.o (__floatunsisf)
d:/engineering/embedded/imt_dip/embedded-tools/winavr/bin/../lib/gcc/avr/4.3.3/avr5\libgcc.a(_udivmodsi4.o)
                              d:/engineering/embedded/imt_dip/embedded-tools/winavr/bin/../lib/gcc/avr/4.3.3/avr5\libgcc.a(_divmodsi4.o) (__udivmodsi4)
d:/engineering/embedded/imt_dip/embedded-tools/winavr/bin/../lib/gcc/avr/4.3.3/avr5\libgcc.a(_prologue.o)
                              d:/engineering/embedded/imt_dip/embedded-tools/winavr/bin/../lib/gcc/avr/4.3.3/avr5\libgcc.a(_addsub_sf.o) (__prologue_saves__)
d:/engineering/embedded/imt_dip/embedded-tools/winavr/bin/../lib/gcc/avr/4.3.3/avr5\libgcc.a(_epilogue.o)
                              d:/engineering/embedded/imt_dip/embedded-tools/winavr/bin/../lib/gcc/avr/4.3.3/avr5\libgcc.a(_addsub_sf.o) (__epilogue_restores__)
d:/engineering/embedded/imt_dip/embedded-tools/winavr/bin/../lib/gcc/avr/4.3.3/avr5\libgcc.a(_clzsi2.o)
                              d:/engineering/embedded/imt_dip/embedded-tools/winavr/bin/../lib/gcc/avr/4.3.3/avr5\libgcc.a(_si_to_sf.o) (__clzsi2)
d:/engineering/embedded/imt_dip/embedded-tools/winavr/bin/../lib/gcc/avr/4.3.3/avr5\libgcc.a(_pack_sf.o)
                              d:/engineering/embedded/imt_dip/embedded-tools/winavr/bin/../lib/gcc/avr/4.3.3/avr5\libgcc.a(_addsub_sf.o) (__pack_f)
d:/engineering/embedded/imt_dip/embedded-tools/winavr/bin/../lib/gcc/avr/4.3.3/avr5\libgcc.a(_unpack_sf.o)
                              d:/engineering/embedded/imt_dip/embedded-tools/winavr/bin/../lib/gcc/avr/4.3.3/avr5\libgcc.a(_addsub_sf.o) (__unpack_f)
d:/engineering/embedded/imt_dip/embedded-tools/winavr/bin/../lib/gcc/avr/4.3.3/avr5\libgcc.a(_fpcmp_parts_sf.o)
                              d:/engineering/embedded/imt_dip/embedded-tools/winavr/bin/../lib/gcc/avr/4.3.3/avr5\libgcc.a(_ne_sf.o) (__fpcmp_parts_f)
d:/engineering/embedded/imt_dip/embedded-tools/winavr/bin/../lib/gcc/avr/4.3.3/avr5\libgcc.a(_clz.o)
                              d:/engineering/embedded/imt_dip/embedded-tools/winavr/bin/../lib/gcc/avr/4.3.3/avr5\libgcc.a(_clzsi2.o) (__clz_tab)

Memory Configuration

Name             Origin             Length             Attributes
text             0x00000000         0x00020000         xr
data             0x00800060         0x0000ffa0         rw !x
eeprom           0x00810000         0x00010000         rw !x
fuse             0x00820000         0x00000400         rw !x
lock             0x00830000         0x00000400         rw !x
signature        0x00840000         0x00000400         rw !x
*default*        0x00000000         0xffffffff

Linker script and memory map

LOAD d:/engineering/embedded/imt_dip/embedded-tools/winavr/bin/../lib/gcc/avr/4.3.3/../../../../avr/lib/avr5/crtm32.o
LOAD ./V_DC_sensor/V_DC_sensor_program.o
LOAD ./Temp_sensor/Temp_sensor_program.o
LOAD ./SRC/main.o
LOAD ./LCD/LCD_program.o
LOAD ./EEP/EEP_program.o
LOAD ./DIO/DIO_program.o
LOAD ./A_DC_sensor/A_DC_sensor_program.o
LOAD ./ADC/ADC_program.o
LOAD d:/engineering/embedded/imt_dip/embedded-tools/winavr/bin/../lib/gcc/avr/4.3.3/avr5\libgcc.a
LOAD d:/engineering/embedded/imt_dip/embedded-tools/winavr/bin/../lib/gcc/avr/4.3.3/../../../../avr/lib/avr5\libc.a
LOAD d:/engineering/embedded/imt_dip/embedded-tools/winavr/bin/../lib/gcc/avr/4.3.3/avr5\libgcc.a

.hash
 *(.hash)

.dynsym
 *(.dynsym)

.dynstr
 *(.dynstr)

.gnu.version
 *(.gnu.version)

.gnu.version_d
 *(.gnu.version_d)

.gnu.version_r
 *(.gnu.version_r)

.rel.init
 *(.rel.init)

.rela.init
 *(.rela.init)

.rel.text
 *(.rel.text)
 *(.rel.text.*)
 *(.rel.gnu.linkonce.t*)

.rela.text
 *(.rela.text)
 *(.rela.text.*)
 *(.rela.gnu.linkonce.t*)

.rel.fini
 *(.rel.fini)

.rela.fini
 *(.rela.fini)

.rel.rodata
 *(.rel.rodata)
 *(.rel.rodata.*)
 *(.rel.gnu.linkonce.r*)

.rela.rodata
 *(.rela.rodata)
 *(.rela.rodata.*)
 *(.rela.gnu.linkonce.r*)

.rel.data
 *(.rel.data)
 *(.rel.data.*)
 *(.rel.gnu.linkonce.d*)

.rela.data
 *(.rela.data)
 *(.rela.data.*)
 *(.rela.gnu.linkonce.d*)

.rel.ctors
 *(.rel.ctors)

.rela.ctors
 *(.rela.ctors)

.rel.dtors
 *(.rel.dtors)

.rela.dtors
 *(.rela.dtors)

.rel.got
 *(.rel.got)

.rela.got
 *(.rela.got)

.rel.bss
 *(.rel.bss)

.rela.bss
 *(.rela.bss)

.rel.plt
 *(.rel.plt)

.rela.plt
 *(.rela.plt)

.text           0x00000000     0x2098
 *(.vectors)
 .vectors       0x00000000       0x54 d:/engineering/embedded/imt_dip/embedded-tools/winavr/bin/../lib/gcc/avr/4.3.3/../../../../avr/lib/avr5/crtm32.o
                0x00000000                __vectors
                0x00000000                __vector_default
 *(.vectors)
 *(.progmem.gcc*)
 *(.progmem*)
                0x00000054                . = ALIGN (0x2)
                0x00000054                __trampolines_start = .
 *(.trampolines)
 .trampolines   0x00000054        0x0 linker stubs
 *(.trampolines*)
                0x00000054                __trampolines_end = .
 *(.jumptables)
 *(.jumptables*)
 *(.lowtext)
 *(.lowtext*)
                0x00000054                __ctors_start = .
 *(.ctors)
                0x00000054                __ctors_end = .
                0x00000054                __dtors_start = .
 *(.dtors)
                0x00000054                __dtors_end = .
 SORT(*)(.ctors)
 SORT(*)(.dtors)
 *(.init0)
 .init0         0x00000054        0x0 d:/engineering/embedded/imt_dip/embedded-tools/winavr/bin/../lib/gcc/avr/4.3.3/../../../../avr/lib/avr5/crtm32.o
                0x00000054                __init
 *(.init0)
 *(.init1)
 *(.init1)
 *(.init2)
 .init2         0x00000054        0xc d:/engineering/embedded/imt_dip/embedded-tools/winavr/bin/../lib/gcc/avr/4.3.3/../../../../avr/lib/avr5/crtm32.o
 *(.init2)
 *(.init3)
 *(.init3)
 *(.init4)
 .init4         0x00000060       0x16 d:/engineering/embedded/imt_dip/embedded-tools/winavr/bin/../lib/gcc/avr/4.3.3/avr5\libgcc.a(_copy_data.o)
                0x00000060                __do_copy_data
 .init4         0x00000076       0x10 d:/engineering/embedded/imt_dip/embedded-tools/winavr/bin/../lib/gcc/avr/4.3.3/avr5\libgcc.a(_clear_bss.o)
                0x00000076                __do_clear_bss
 *(.init4)
 *(.init5)
 *(.init5)
 *(.init6)
 *(.init6)
 *(.init7)
 *(.init7)
 *(.init8)
 *(.init8)
 *(.init9)
 .init9         0x00000086        0x8 d:/engineering/embedded/imt_dip/embedded-tools/winavr/bin/../lib/gcc/avr/4.3.3/../../../../avr/lib/avr5/crtm32.o
 *(.init9)
 *(.text)
 .text          0x0000008e        0x4 d:/engineering/embedded/imt_dip/embedded-tools/winavr/bin/../lib/gcc/avr/4.3.3/../../../../avr/lib/avr5/crtm32.o
                0x0000008e                __vector_1
                0x0000008e                __vector_12
                0x0000008e                __bad_interrupt
                0x0000008e                __vector_6
                0x0000008e                __vector_3
                0x0000008e                __vector_11
                0x0000008e                __vector_13
                0x0000008e                __vector_17
                0x0000008e                __vector_19
                0x0000008e                __vector_7
                0x0000008e                __vector_5
                0x0000008e                __vector_4
                0x0000008e                __vector_9
                0x0000008e                __vector_2
                0x0000008e                __vector_15
                0x0000008e                __vector_8
                0x0000008e                __vector_14
                0x0000008e                __vector_10
                0x0000008e                __vector_18
                0x0000008e                __vector_20
 .text          0x00000092        0x0 ./V_DC_sensor/V_DC_sensor_program.o
 .text          0x00000092        0x0 ./Temp_sensor/Temp_sensor_program.o
 .text          0x00000092        0x0 ./SRC/main.o
 .text          0x00000092        0x0 ./LCD/LCD_program.o
 .text          0x00000092        0x0 ./EEP/EEP_program.o
 .text          0x00000092        0x0 ./DIO/DIO_program.o
 .text          0x00000092        0x0 ./A_DC_sensor/A_DC_sensor_program.o
 .text          0x00000092        0x0 ./ADC/ADC_program.o
 .text          0x00000092        0x0 d:/engineering/embedded/imt_dip/embedded-tools/winavr/bin/../lib/gcc/avr/4.3.3/avr5\libgcc.a(_mulsi3.o)
 .text          0x00000092        0x0 d:/engineering/embedded/imt_dip/embedded-tools/winavr/bin/../lib/gcc/avr/4.3.3/avr5\libgcc.a(_udivmodhi4.o)
 .text          0x00000092        0x0 d:/engineering/embedded/imt_dip/embedded-tools/winavr/bin/../lib/gcc/avr/4.3.3/avr5\libgcc.a(_divmodsi4.o)
 .text          0x00000092        0x0 d:/engineering/embedded/imt_dip/embedded-tools/winavr/bin/../lib/gcc/avr/4.3.3/avr5\libgcc.a(_exit.o)
 .text          0x00000092        0x0 d:/engineering/embedded/imt_dip/embedded-tools/winavr/bin/../lib/gcc/avr/4.3.3/avr5\libgcc.a(_copy_data.o)
 .text          0x00000092        0x0 d:/engineering/embedded/imt_dip/embedded-tools/winavr/bin/../lib/gcc/avr/4.3.3/avr5\libgcc.a(_clear_bss.o)
 .text          0x00000092      0x354 d:/engineering/embedded/imt_dip/embedded-tools/winavr/bin/../lib/gcc/avr/4.3.3/avr5\libgcc.a(_addsub_sf.o)
                0x0000032a                __subsf3
                0x0000038c                __addsf3
 .text          0x000003e6      0x1f4 d:/engineering/embedded/imt_dip/embedded-tools/winavr/bin/../lib/gcc/avr/4.3.3/avr5\libgcc.a(_mul_sf.o)
                0x000003e6                __mulsf3
 .text          0x000005da      0x158 d:/engineering/embedded/imt_dip/embedded-tools/winavr/bin/../lib/gcc/avr/4.3.3/avr5\libgcc.a(_div_sf.o)
                0x000005da                __divsf3
 .text          0x00000732       0x60 d:/engineering/embedded/imt_dip/embedded-tools/winavr/bin/../lib/gcc/avr/4.3.3/avr5\libgcc.a(_ne_sf.o)
                0x00000732                __nesf2
 .text          0x00000792       0x60 d:/engineering/embedded/imt_dip/embedded-tools/winavr/bin/../lib/gcc/avr/4.3.3/avr5\libgcc.a(_gt_sf.o)
                0x00000792                __gtsf2
 .text          0x000007f2       0x60 d:/engineering/embedded/imt_dip/embedded-tools/winavr/bin/../lib/gcc/avr/4.3.3/avr5\libgcc.a(_lt_sf.o)
                0x000007f2                __ltsf2
 .text          0x00000852       0xbc d:/engineering/embedded/imt_dip/embedded-tools/winavr/bin/../lib/gcc/avr/4.3.3/avr5\libgcc.a(_si_to_sf.o)
                0x00000852                __floatsisf
 .text          0x0000090e       0xa8 d:/engineering/embedded/imt_dip/embedded-tools/winavr/bin/../lib/gcc/avr/4.3.3/avr5\libgcc.a(_sf_to_si.o)
                0x0000090e                __fixsfsi
 .text          0x000009b6        0x0 d:/engineering/embedded/imt_dip/embedded-tools/winavr/bin/../lib/gcc/avr/4.3.3/avr5\libgcc.a(_thenan_sf.o)
 .text          0x000009b6       0xf2 d:/engineering/embedded/imt_dip/embedded-tools/winavr/bin/../lib/gcc/avr/4.3.3/avr5\libgcc.a(_usi_to_sf.o)
                0x000009b6                __floatunsisf
 .text          0x00000aa8        0x0 d:/engineering/embedded/imt_dip/embedded-tools/winavr/bin/../lib/gcc/avr/4.3.3/avr5\libgcc.a(_udivmodsi4.o)
 .text          0x00000aa8        0x0 d:/engineering/embedded/imt_dip/embedded-tools/winavr/bin/../lib/gcc/avr/4.3.3/avr5\libgcc.a(_prologue.o)
 .text          0x00000aa8        0x0 d:/engineering/embedded/imt_dip/embedded-tools/winavr/bin/../lib/gcc/avr/4.3.3/avr5\libgcc.a(_epilogue.o)
 .text          0x00000aa8       0x9e d:/engineering/embedded/imt_dip/embedded-tools/winavr/bin/../lib/gcc/avr/4.3.3/avr5\libgcc.a(_clzsi2.o)
                0x00000aa8                __clzsi2
 .text          0x00000b46      0x1aa d:/engineering/embedded/imt_dip/embedded-tools/winavr/bin/../lib/gcc/avr/4.3.3/avr5\libgcc.a(_pack_sf.o)
                0x00000b46                __pack_f
 .text          0x00000cf0       0xf0 d:/engineering/embedded/imt_dip/embedded-tools/winavr/bin/../lib/gcc/avr/4.3.3/avr5\libgcc.a(_unpack_sf.o)
                0x00000cf0                __unpack_f
 .text          0x00000de0       0xb2 d:/engineering/embedded/imt_dip/embedded-tools/winavr/bin/../lib/gcc/avr/4.3.3/avr5\libgcc.a(_fpcmp_parts_sf.o)
                0x00000de0                __fpcmp_parts_f
 .text          0x00000e92        0x0 d:/engineering/embedded/imt_dip/embedded-tools/winavr/bin/../lib/gcc/avr/4.3.3/avr5\libgcc.a(_clz.o)
                0x00000e92                . = ALIGN (0x2)
 *(.text.*)
 .text.Vsensor_voidClcVolt
                0x00000e92       0x90 ./V_DC_sensor/V_DC_sensor_program.o
                0x00000e92                Vsensor_voidClcVolt
 .text.Vsensor_voidInit
                0x00000f22       0x1a ./V_DC_sensor/V_DC_sensor_program.o
                0x00000f22                Vsensor_voidInit
 .text.Temp_sensor_voidClcTemp
                0x00000f3c       0x8e ./Temp_sensor/Temp_sensor_program.o
                0x00000f3c                Temp_sensor_voidClcTemp
 .text.Temp_sensor_voidInit
                0x00000fca       0x1a ./Temp_sensor/Temp_sensor_program.o
                0x00000fca                Temp_sensor_voidInit
 .text.APP_voidUpdateLCD
                0x00000fe4      0x15c ./SRC/main.o
                0x00000fe4                APP_voidUpdateLCD
 .text.main     0x00001140      0x266 ./SRC/main.o
                0x00001140                main
 .text.LCD_pow  0x000013a6       0x5e ./LCD/LCD_program.o
                0x000013a6                LCD_pow
 .text.LCD_create_char
                0x00001404        0x2 ./LCD/LCD_program.o
                0x00001404                LCD_create_char
 .text.LCD_read_data_4bit
                0x00001406       0xba ./LCD/LCD_program.o
                0x00001406                LCD_read_data_4bit
 .text.LCD_function_set_4bit
                0x000014c0      0x100 ./LCD/LCD_program.o
                0x000014c0                LCD_function_set_4bit
 .text.LCD_write_cmd_4bit
                0x000015c0       0xe6 ./LCD/LCD_program.o
                0x000015c0                LCD_write_cmd_4bit
 .text.LCD_on   0x000016a6        0xe ./LCD/LCD_program.o
                0x000016a6                LCD_on
 .text.LCD_off  0x000016b4       0x1a ./LCD/LCD_program.o
                0x000016b4                LCD_off
 .text.LCD_clear
                0x000016ce       0x26 ./LCD/LCD_program.o
                0x000016ce                LCD_clear
 .text.LCD_set_cursor
                0x000016f4       0x1c ./LCD/LCD_program.o
                0x000016f4                LCD_set_cursor
 .text.LCD_init
                0x00001710       0x82 ./LCD/LCD_program.o
                0x00001710                LCD_init
 .text.LCD_write_data_4bit
                0x00001792       0xe6 ./LCD/LCD_program.o
                0x00001792                LCD_write_data_4bit
 .text.LCD_write_char
                0x00001878        0xc ./LCD/LCD_program.o
                0x00001878                LCD_write_char
 .text.LCD_write_s32_number
                0x00001884       0xf2 ./LCD/LCD_program.o
                0x00001884                LCD_write_s32_number
 .text.LCD_write_float
                0x00001976       0xd0 ./LCD/LCD_program.o
                0x00001976                LCD_write_float
 .text.LCD_write_str
                0x00001a46       0x26 ./LCD/LCD_program.o
                0x00001a46                LCD_write_str
 .text.LCD_read_address_8bit
                0x00001a6c       0x60 ./LCD/LCD_program.o
                0x00001a6c                LCD_read_address_8bit
 .text.LCD_write_cmd_8bit
                0x00001acc       0x40 ./LCD/LCD_program.o
                0x00001acc                LCD_write_cmd_8bit
 .text.LCD_write_data_8bit
                0x00001b0c       0x40 ./LCD/LCD_program.o
                0x00001b0c                LCD_write_data_8bit
 .text.EEP_write_data
                0x00001b4c       0x18 ./EEP/EEP_program.o
                0x00001b4c                EEP_write_data
 .text.EEP_read_data
                0x00001b64       0x18 ./EEP/EEP_program.o
                0x00001b64                EEP_read_data
 .text.DIO_void_set_port_dir
                0x00001b7c       0x16 ./DIO/DIO_program.o
                0x00001b7c                DIO_void_set_port_dir
 .text.DIO_void_set_port_in_pullUp
                0x00001b92       0x26 ./DIO/DIO_program.o
                0x00001b92                DIO_void_set_port_in_pullUp
 .text.DIO_void_set_pin_dir
                0x00001bb8       0x52 ./DIO/DIO_program.o
                0x00001bb8                DIO_void_set_pin_dir
 .text.DIO_void_set_pin_in_pullUP
                0x00001c0a       0x3c ./DIO/DIO_program.o
                0x00001c0a                DIO_void_set_pin_in_pullUP
 .text.DIO_void_set_port
                0x00001c46       0x18 ./DIO/DIO_program.o
                0x00001c46                DIO_void_set_port
 .text.DIO_void_clear_port
                0x00001c5e       0x16 ./DIO/DIO_program.o
                0x00001c5e                DIO_void_clear_port
 .text.DIO_void_toggle_port
                0x00001c74       0x1a ./DIO/DIO_program.o
                0x00001c74                DIO_void_toggle_port
 .text.DIO_void_assign_port
                0x00001c8e       0x16 ./DIO/DIO_program.o
                0x00001c8e                DIO_void_assign_port
 .text.DIO_void_set_pin
                0x00001ca4       0x28 ./DIO/DIO_program.o
                0x00001ca4                DIO_void_set_pin
 .text.DIO_void_clear_pin
                0x00001ccc       0x2a ./DIO/DIO_program.o
                0x00001ccc                DIO_void_clear_pin
 .text.DIO_void_toggle_pin
                0x00001cf6       0x28 ./DIO/DIO_program.o
                0x00001cf6                DIO_void_toggle_pin
 .text.DIO_void_assign_pin
                0x00001d1e       0x52 ./DIO/DIO_program.o
                0x00001d1e                DIO_void_assign_pin
 .text.DIO_u8_get_port
                0x00001d70       0x16 ./DIO/DIO_program.o
                0x00001d70                DIO_u8_get_port
 .text.DIO_u8_get_pin
                0x00001d86       0x24 ./DIO/DIO_program.o
                0x00001d86                DIO_u8_get_pin
 .text.A_DC_sensor_voidClcAmps
                0x00001daa       0x8a ./A_DC_sensor/A_DC_sensor_program.o
                0x00001daa                A_DC_sensor_voidClcAmps
 .text.A_DC_sensor_voidInit
                0x00001e34       0x36 ./A_DC_sensor/A_DC_sensor_program.o
                0x00001e34                A_DC_sensor_voidInit
 .text.ADC_void_init
                0x00001e6a        0xa ./ADC/ADC_program.o
                0x00001e6a                ADC_void_init
 .text.ADC_void_config
                0x00001e74       0x5a ./ADC/ADC_program.o
                0x00001e74                ADC_void_config
 .text.ADC_void_start_conv
                0x00001ece        0x4 ./ADC/ADC_program.o
                0x00001ece                ADC_void_start_conv
 .text.ADC_void_read_data
                0x00001ed2       0x14 ./ADC/ADC_program.o
                0x00001ed2                ADC_void_read_data
 .text.ADC_void_INIT_callback
                0x00001ee6        0xa ./ADC/ADC_program.o
                0x00001ee6                ADC_void_INIT_callback
 .text.__vector_16
                0x00001ef0       0x56 ./ADC/ADC_program.o
                0x00001ef0                __vector_16
 .text.libgcc   0x00001f46       0x3e d:/engineering/embedded/imt_dip/embedded-tools/winavr/bin/../lib/gcc/avr/4.3.3/avr5\libgcc.a(_mulsi3.o)
                0x00001f46                __mulsi3
 .text.libgcc   0x00001f84       0x28 d:/engineering/embedded/imt_dip/embedded-tools/winavr/bin/../lib/gcc/avr/4.3.3/avr5\libgcc.a(_udivmodhi4.o)
                0x00001f84                __udivmodhi4
 .text.libgcc   0x00001fac       0x36 d:/engineering/embedded/imt_dip/embedded-tools/winavr/bin/../lib/gcc/avr/4.3.3/avr5\libgcc.a(_divmodsi4.o)
                0x00001fac                __divmodsi4
 .text.libgcc   0x00001fe2        0x0 d:/engineering/embedded/imt_dip/embedded-tools/winavr/bin/../lib/gcc/avr/4.3.3/avr5\libgcc.a(_exit.o)
 .text.libgcc   0x00001fe2        0x0 d:/engineering/embedded/imt_dip/embedded-tools/winavr/bin/../lib/gcc/avr/4.3.3/avr5\libgcc.a(_copy_data.o)
 .text.libgcc   0x00001fe2        0x0 d:/engineering/embedded/imt_dip/embedded-tools/winavr/bin/../lib/gcc/avr/4.3.3/avr5\libgcc.a(_clear_bss.o)
 .text.libgcc   0x00001fe2       0x44 d:/engineering/embedded/imt_dip/embedded-tools/winavr/bin/../lib/gcc/avr/4.3.3/avr5\libgcc.a(_udivmodsi4.o)
                0x00001fe2                __udivmodsi4
 .text.libgcc   0x00002026       0x38 d:/engineering/embedded/imt_dip/embedded-tools/winavr/bin/../lib/gcc/avr/4.3.3/avr5\libgcc.a(_prologue.o)
                0x00002026                __prologue_saves__
 .text.libgcc   0x0000205e       0x36 d:/engineering/embedded/imt_dip/embedded-tools/winavr/bin/../lib/gcc/avr/4.3.3/avr5\libgcc.a(_epilogue.o)
                0x0000205e                __epilogue_restores__
                0x00002094                . = ALIGN (0x2)
 *(.fini9)
 .fini9         0x00002094        0x0 d:/engineering/embedded/imt_dip/embedded-tools/winavr/bin/../lib/gcc/avr/4.3.3/avr5\libgcc.a(_exit.o)
                0x00002094                exit
                0x00002094                _exit
 *(.fini9)
 *(.fini8)
 *(.fini8)
 *(.fini7)
 *(.fini7)
 *(.fini6)
 *(.fini6)
 *(.fini5)
 *(.fini5)
 *(.fini4)
 *(.fini4)
 *(.fini3)
 *(.fini3)
 *(.fini2)
 *(.fini2)
 *(.fini1)
 *(.fini1)
 *(.fini0)
 .fini0         0x00002094        0x4 d:/engineering/embedded/imt_dip/embedded-tools/winavr/bin/../lib/gcc/avr/4.3.3/avr5\libgcc.a(_exit.o)
 *(.fini0)
                0x00002098                _etext = .

.data           0x00800060      0x164 load address 0x00002098
                0x00800060                PROVIDE (__data_start, .)
 *(.data)
 .data          0x00800060        0x0 d:/engineering/embedded/imt_dip/embedded-tools/winavr/bin/../lib/gcc/avr/4.3.3/../../../../avr/lib/avr5/crtm32.o
 .data          0x00800060        0x0 ./V_DC_sensor/V_DC_sensor_program.o
 .data          0x00800060        0x0 ./Temp_sensor/Temp_sensor_program.o
 .data          0x00800060       0x39 ./SRC/main.o
 .data          0x00800099        0x0 ./LCD/LCD_program.o
 .data          0x00800099        0x0 ./EEP/EEP_program.o
 .data          0x00800099        0x0 ./DIO/DIO_program.o
 .data          0x00800099        0x0 ./A_DC_sensor/A_DC_sensor_program.o
 .data          0x00800099        0x0 ./ADC/ADC_program.o
 .data          0x00800099        0x0 d:/engineering/embedded/imt_dip/embedded-tools/winavr/bin/../lib/gcc/avr/4.3.3/avr5\libgcc.a(_mulsi3.o)
 .data          0x00800099        0x0 d:/engineering/embedded/imt_dip/embedded-tools/winavr/bin/../lib/gcc/avr/4.3.3/avr5\libgcc.a(_udivmodhi4.o)
 .data          0x00800099        0x0 d:/engineering/embedded/imt_dip/embedded-tools/winavr/bin/../lib/gcc/avr/4.3.3/avr5\libgcc.a(_divmodsi4.o)
 .data          0x00800099        0x0 d:/engineering/embedded/imt_dip/embedded-tools/winavr/bin/../lib/gcc/avr/4.3.3/avr5\libgcc.a(_exit.o)
 .data          0x00800099        0x0 d:/engineering/embedded/imt_dip/embedded-tools/winavr/bin/../lib/gcc/avr/4.3.3/avr5\libgcc.a(_copy_data.o)
 .data          0x00800099        0x0 d:/engineering/embedded/imt_dip/embedded-tools/winavr/bin/../lib/gcc/avr/4.3.3/avr5\libgcc.a(_clear_bss.o)
 .data          0x00800099        0x0 d:/engineering/embedded/imt_dip/embedded-tools/winavr/bin/../lib/gcc/avr/4.3.3/avr5\libgcc.a(_addsub_sf.o)
 .data          0x00800099        0x0 d:/engineering/embedded/imt_dip/embedded-tools/winavr/bin/../lib/gcc/avr/4.3.3/avr5\libgcc.a(_mul_sf.o)
 .data          0x00800099        0x0 d:/engineering/embedded/imt_dip/embedded-tools/winavr/bin/../lib/gcc/avr/4.3.3/avr5\libgcc.a(_div_sf.o)
 .data          0x00800099        0x0 d:/engineering/embedded/imt_dip/embedded-tools/winavr/bin/../lib/gcc/avr/4.3.3/avr5\libgcc.a(_ne_sf.o)
 .data          0x00800099        0x0 d:/engineering/embedded/imt_dip/embedded-tools/winavr/bin/../lib/gcc/avr/4.3.3/avr5\libgcc.a(_gt_sf.o)
 .data          0x00800099        0x0 d:/engineering/embedded/imt_dip/embedded-tools/winavr/bin/../lib/gcc/avr/4.3.3/avr5\libgcc.a(_lt_sf.o)
 .data          0x00800099        0x0 d:/engineering/embedded/imt_dip/embedded-tools/winavr/bin/../lib/gcc/avr/4.3.3/avr5\libgcc.a(_si_to_sf.o)
 .data          0x00800099        0x0 d:/engineering/embedded/imt_dip/embedded-tools/winavr/bin/../lib/gcc/avr/4.3.3/avr5\libgcc.a(_sf_to_si.o)
 .data          0x00800099        0x8 d:/engineering/embedded/imt_dip/embedded-tools/winavr/bin/../lib/gcc/avr/4.3.3/avr5\libgcc.a(_thenan_sf.o)
                0x00800099                __thenan_sf
 .data          0x008000a1        0x0 d:/engineering/embedded/imt_dip/embedded-tools/winavr/bin/../lib/gcc/avr/4.3.3/avr5\libgcc.a(_usi_to_sf.o)
 .data          0x008000a1        0x0 d:/engineering/embedded/imt_dip/embedded-tools/winavr/bin/../lib/gcc/avr/4.3.3/avr5\libgcc.a(_udivmodsi4.o)
 .data          0x008000a1        0x0 d:/engineering/embedded/imt_dip/embedded-tools/winavr/bin/../lib/gcc/avr/4.3.3/avr5\libgcc.a(_prologue.o)
 .data          0x008000a1        0x0 d:/engineering/embedded/imt_dip/embedded-tools/winavr/bin/../lib/gcc/avr/4.3.3/avr5\libgcc.a(_epilogue.o)
 .data          0x008000a1        0x0 d:/engineering/embedded/imt_dip/embedded-tools/winavr/bin/../lib/gcc/avr/4.3.3/avr5\libgcc.a(_clzsi2.o)
 .data          0x008000a1        0x0 d:/engineering/embedded/imt_dip/embedded-tools/winavr/bin/../lib/gcc/avr/4.3.3/avr5\libgcc.a(_pack_sf.o)
 .data          0x008000a1        0x0 d:/engineering/embedded/imt_dip/embedded-tools/winavr/bin/../lib/gcc/avr/4.3.3/avr5\libgcc.a(_unpack_sf.o)
 .data          0x008000a1        0x0 d:/engineering/embedded/imt_dip/embedded-tools/winavr/bin/../lib/gcc/avr/4.3.3/avr5\libgcc.a(_fpcmp_parts_sf.o)
 .data          0x008000a1      0x100 d:/engineering/embedded/imt_dip/embedded-tools/winavr/bin/../lib/gcc/avr/4.3.3/avr5\libgcc.a(_clz.o)
                0x008000a1                __clz_tab
 *(.data*)
 .data.Temp_sensor_config
                0x008001a1        0x2 ./Temp_sensor/Temp_sensor_program.o
                0x008001a1                Temp_sensor_config
 .data.NVM_3.1389
                0x008001a3        0x2 ./SRC/main.o
 .data.NVM_2.1388
                0x008001a5        0x2 ./SRC/main.o
 .data.NVM_1.1387
                0x008001a7        0x2 ./SRC/main.o
 .data.A_DC_sensor_config
                0x008001a9        0x2 ./A_DC_sensor/A_DC_sensor_program.o
                0x008001a9                A_DC_sensor_config
 *(.rodata)
 *(.rodata*)
 .rodata.DIO_PINx_REF
                0x008001ab        0x8 ./DIO/DIO_program.o
 .rodata.DIO_PORTx_REF
                0x008001b3        0x8 ./DIO/DIO_program.o
 .rodata.DIO_DDRx_REF
                0x008001bb        0x8 ./DIO/DIO_program.o
 *(.gnu.linkonce.d*)
                0x008001c4                . = ALIGN (0x2)
 *fill*         0x008001c3        0x1 00
                0x008001c4                _edata = .
                0x008001c4                PROVIDE (__data_end, .)

.bss            0x008001c4        0xd
                0x008001c4                PROVIDE (__bss_start, .)
 *(.bss)
 .bss           0x008001c4        0x0 d:/engineering/embedded/imt_dip/embedded-tools/winavr/bin/../lib/gcc/avr/4.3.3/../../../../avr/lib/avr5/crtm32.o
 .bss           0x008001c4        0x0 ./V_DC_sensor/V_DC_sensor_program.o
 .bss           0x008001c4        0x0 ./Temp_sensor/Temp_sensor_program.o
 .bss           0x008001c4        0x0 ./SRC/main.o
 .bss           0x008001c4        0x0 ./LCD/LCD_program.o
 .bss           0x008001c4        0x0 ./EEP/EEP_program.o
 .bss           0x008001c4        0x0 ./DIO/DIO_program.o
 .bss           0x008001c4        0x0 ./A_DC_sensor/A_DC_sensor_program.o
 .bss           0x008001c4        0x0 ./ADC/ADC_program.o
 .bss           0x008001c4        0x0 d:/engineering/embedded/imt_dip/embedded-tools/winavr/bin/../lib/gcc/avr/4.3.3/avr5\libgcc.a(_mulsi3.o)
 .bss           0x008001c4        0x0 d:/engineering/embedded/imt_dip/embedded-tools/winavr/bin/../lib/gcc/avr/4.3.3/avr5\libgcc.a(_udivmodhi4.o)
 .bss           0x008001c4        0x0 d:/engineering/embedded/imt_dip/embedded-tools/winavr/bin/../lib/gcc/avr/4.3.3/avr5\libgcc.a(_divmodsi4.o)
 .bss           0x008001c4        0x0 d:/engineering/embedded/imt_dip/embedded-tools/winavr/bin/../lib/gcc/avr/4.3.3/avr5\libgcc.a(_exit.o)
 .bss           0x008001c4        0x0 d:/engineering/embedded/imt_dip/embedded-tools/winavr/bin/../lib/gcc/avr/4.3.3/avr5\libgcc.a(_copy_data.o)
 .bss           0x008001c4        0x0 d:/engineering/embedded/imt_dip/embedded-tools/winavr/bin/../lib/gcc/avr/4.3.3/avr5\libgcc.a(_clear_bss.o)
 .bss           0x008001c4        0x0 d:/engineering/embedded/imt_dip/embedded-tools/winavr/bin/../lib/gcc/avr/4.3.3/avr5\libgcc.a(_addsub_sf.o)
 .bss           0x008001c4        0x0 d:/engineering/embedded/imt_dip/embedded-tools/winavr/bin/../lib/gcc/avr/4.3.3/avr5\libgcc.a(_mul_sf.o)
 .bss           0x008001c4        0x0 d:/engineering/embedded/imt_dip/embedded-tools/winavr/bin/../lib/gcc/avr/4.3.3/avr5\libgcc.a(_div_sf.o)
 .bss           0x008001c4        0x0 d:/engineering/embedded/imt_dip/embedded-tools/winavr/bin/../lib/gcc/avr/4.3.3/avr5\libgcc.a(_ne_sf.o)
 .bss           0x008001c4        0x0 d:/engineering/embedded/imt_dip/embedded-tools/winavr/bin/../lib/gcc/avr/4.3.3/avr5\libgcc.a(_gt_sf.o)
 .bss           0x008001c4        0x0 d:/engineering/embedded/imt_dip/embedded-tools/winavr/bin/../lib/gcc/avr/4.3.3/avr5\libgcc.a(_lt_sf.o)
 .bss           0x008001c4        0x0 d:/engineering/embedded/imt_dip/embedded-tools/winavr/bin/../lib/gcc/avr/4.3.3/avr5\libgcc.a(_si_to_sf.o)
 .bss           0x008001c4        0x0 d:/engineering/embedded/imt_dip/embedded-tools/winavr/bin/../lib/gcc/avr/4.3.3/avr5\libgcc.a(_sf_to_si.o)
 .bss           0x008001c4        0x0 d:/engineering/embedded/imt_dip/embedded-tools/winavr/bin/../lib/gcc/avr/4.3.3/avr5\libgcc.a(_thenan_sf.o)
 .bss           0x008001c4        0x0 d:/engineering/embedded/imt_dip/embedded-tools/winavr/bin/../lib/gcc/avr/4.3.3/avr5\libgcc.a(_usi_to_sf.o)
 .bss           0x008001c4        0x0 d:/engineering/embedded/imt_dip/embedded-tools/winavr/bin/../lib/gcc/avr/4.3.3/avr5\libgcc.a(_udivmodsi4.o)
 .bss           0x008001c4        0x0 d:/engineering/embedded/imt_dip/embedded-tools/winavr/bin/../lib/gcc/avr/4.3.3/avr5\libgcc.a(_prologue.o)
 .bss           0x008001c4        0x0 d:/engineering/embedded/imt_dip/embedded-tools/winavr/bin/../lib/gcc/avr/4.3.3/avr5\libgcc.a(_epilogue.o)
 .bss           0x008001c4        0x0 d:/engineering/embedded/imt_dip/embedded-tools/winavr/bin/../lib/gcc/avr/4.3.3/avr5\libgcc.a(_clzsi2.o)
 .bss           0x008001c4        0x0 d:/engineering/embedded/imt_dip/embedded-tools/winavr/bin/../lib/gcc/avr/4.3.3/avr5\libgcc.a(_pack_sf.o)
 .bss           0x008001c4        0x0 d:/engineering/embedded/imt_dip/embedded-tools/winavr/bin/../lib/gcc/avr/4.3.3/avr5\libgcc.a(_unpack_sf.o)
 .bss           0x008001c4        0x0 d:/engineering/embedded/imt_dip/embedded-tools/winavr/bin/../lib/gcc/avr/4.3.3/avr5\libgcc.a(_fpcmp_parts_sf.o)
 .bss           0x008001c4        0x0 d:/engineering/embedded/imt_dip/embedded-tools/winavr/bin/../lib/gcc/avr/4.3.3/avr5\libgcc.a(_clz.o)
 *(.bss*)
 .bss.V_DC_sensor_config
                0x008001c4        0x2 ./V_DC_sensor/V_DC_sensor_program.o
                0x008001c4                V_DC_sensor_config
 .bss.cycle_counter
                0x008001c6        0x4 ./SRC/main.o
                0x008001c6                cycle_counter
 .bss.NVM_0.1386
                0x008001ca        0x1 ./SRC/main.o
 .bss.max_current
                0x008001cb        0x4 ./A_DC_sensor/A_DC_sensor_program.o
                0x008001cb                max_current
 .bss.callback_functions_address
                0x008001cf        0x2 ./ADC/ADC_program.o
 *(COMMON)
                0x008001d1                PROVIDE (__bss_end, .)
                0x00002098                __data_load_start = LOADADDR (.data)
                0x000021fc                __data_load_end = (__data_load_start + SIZEOF (.data))

.noinit         0x008001d1        0x0
                0x008001d1                PROVIDE (__noinit_start, .)
 *(.noinit*)
                0x008001d1                PROVIDE (__noinit_end, .)
                0x008001d1                _end = .
                0x008001d1                PROVIDE (__heap_start, .)

.eeprom         0x00810000        0x0
 *(.eeprom*)
                0x00810000                __eeprom_end = .

.fuse
 *(.fuse)
 *(.lfuse)
 *(.hfuse)
 *(.efuse)

.lock
 *(.lock*)

.signature
 *(.signature*)

.stab
 *(.stab)

.stabstr
 *(.stabstr)

.stab.excl
 *(.stab.excl)

.stab.exclstr
 *(.stab.exclstr)

.stab.index
 *(.stab.index)

.stab.indexstr
 *(.stab.indexstr)

.comment
 *(.comment)

.debug
 *(.debug)

.line
 *(.line)

.debug_srcinfo
 *(.debug_srcinfo)

.debug_sfnames
 *(.debug_sfnames)

.debug_aranges  0x00000000      0x1a0
 *(.debug_aranges)
 .debug_aranges
                0x00000000       0x20 d:/engineering/embedded/imt_dip/embedded-tools/winavr/bin/../lib/gcc/avr/4.3.3/avr5\libgcc.a(_addsub_sf.o)
 .debug_aranges
                0x00000020       0x20 d:/engineering/embedded/imt_dip/embedded-tools/winavr/bin/../lib/gcc/avr/4.3.3/avr5\libgcc.a(_mul_sf.o)
 .debug_aranges
                0x00000040       0x20 d:/engineering/embedded/imt_dip/embedded-tools/winavr/bin/../lib/gcc/avr/4.3.3/avr5\libgcc.a(_div_sf.o)
 .debug_aranges
                0x00000060       0x20 d:/engineering/embedded/imt_dip/embedded-tools/winavr/bin/../lib/gcc/avr/4.3.3/avr5\libgcc.a(_ne_sf.o)
 .debug_aranges
                0x00000080       0x20 d:/engineering/embedded/imt_dip/embedded-tools/winavr/bin/../lib/gcc/avr/4.3.3/avr5\libgcc.a(_gt_sf.o)
 .debug_aranges
                0x000000a0       0x20 d:/engineering/embedded/imt_dip/embedded-tools/winavr/bin/../lib/gcc/avr/4.3.3/avr5\libgcc.a(_lt_sf.o)
 .debug_aranges
                0x000000c0       0x20 d:/engineering/embedded/imt_dip/embedded-tools/winavr/bin/../lib/gcc/avr/4.3.3/avr5\libgcc.a(_si_to_sf.o)
 .debug_aranges
                0x000000e0       0x20 d:/engineering/embedded/imt_dip/embedded-tools/winavr/bin/../lib/gcc/avr/4.3.3/avr5\libgcc.a(_sf_to_si.o)
 .debug_aranges
                0x00000100       0x20 d:/engineering/embedded/imt_dip/embedded-tools/winavr/bin/../lib/gcc/avr/4.3.3/avr5\libgcc.a(_usi_to_sf.o)
 .debug_aranges
                0x00000120       0x20 d:/engineering/embedded/imt_dip/embedded-tools/winavr/bin/../lib/gcc/avr/4.3.3/avr5\libgcc.a(_clzsi2.o)
 .debug_aranges
                0x00000140       0x20 d:/engineering/embedded/imt_dip/embedded-tools/winavr/bin/../lib/gcc/avr/4.3.3/avr5\libgcc.a(_pack_sf.o)
 .debug_aranges
                0x00000160       0x20 d:/engineering/embedded/imt_dip/embedded-tools/winavr/bin/../lib/gcc/avr/4.3.3/avr5\libgcc.a(_unpack_sf.o)
 .debug_aranges
                0x00000180       0x20 d:/engineering/embedded/imt_dip/embedded-tools/winavr/bin/../lib/gcc/avr/4.3.3/avr5\libgcc.a(_fpcmp_parts_sf.o)

.debug_pubnames
                0x00000000      0x1f1
 *(.debug_pubnames)
 .debug_pubnames
                0x00000000       0x2c d:/engineering/embedded/imt_dip/embedded-tools/winavr/bin/../lib/gcc/avr/4.3.3/avr5\libgcc.a(_addsub_sf.o)
 .debug_pubnames
                0x0000002c       0x1f d:/engineering/embedded/imt_dip/embedded-tools/winavr/bin/../lib/gcc/avr/4.3.3/avr5\libgcc.a(_mul_sf.o)
 .debug_pubnames
                0x0000004b       0x1f d:/engineering/embedded/imt_dip/embedded-tools/winavr/bin/../lib/gcc/avr/4.3.3/avr5\libgcc.a(_div_sf.o)
 .debug_pubnames
                0x0000006a       0x1e d:/engineering/embedded/imt_dip/embedded-tools/winavr/bin/../lib/gcc/avr/4.3.3/avr5\libgcc.a(_ne_sf.o)
 .debug_pubnames
                0x00000088       0x1e d:/engineering/embedded/imt_dip/embedded-tools/winavr/bin/../lib/gcc/avr/4.3.3/avr5\libgcc.a(_gt_sf.o)
 .debug_pubnames
                0x000000a6       0x1e d:/engineering/embedded/imt_dip/embedded-tools/winavr/bin/../lib/gcc/avr/4.3.3/avr5\libgcc.a(_lt_sf.o)
 .debug_pubnames
                0x000000c4       0x22 d:/engineering/embedded/imt_dip/embedded-tools/winavr/bin/../lib/gcc/avr/4.3.3/avr5\libgcc.a(_si_to_sf.o)
 .debug_pubnames
                0x000000e6       0x20 d:/engineering/embedded/imt_dip/embedded-tools/winavr/bin/../lib/gcc/avr/4.3.3/avr5\libgcc.a(_sf_to_si.o)
 .debug_pubnames
                0x00000106       0x22 d:/engineering/embedded/imt_dip/embedded-tools/winavr/bin/../lib/gcc/avr/4.3.3/avr5\libgcc.a(_thenan_sf.o)
 .debug_pubnames
                0x00000128       0x24 d:/engineering/embedded/imt_dip/embedded-tools/winavr/bin/../lib/gcc/avr/4.3.3/avr5\libgcc.a(_usi_to_sf.o)
 .debug_pubnames
                0x0000014c       0x1f d:/engineering/embedded/imt_dip/embedded-tools/winavr/bin/../lib/gcc/avr/4.3.3/avr5\libgcc.a(_clzsi2.o)
 .debug_pubnames
                0x0000016b       0x1f d:/engineering/embedded/imt_dip/embedded-tools/winavr/bin/../lib/gcc/avr/4.3.3/avr5\libgcc.a(_pack_sf.o)
 .debug_pubnames
                0x0000018a       0x21 d:/engineering/embedded/imt_dip/embedded-tools/winavr/bin/../lib/gcc/avr/4.3.3/avr5\libgcc.a(_unpack_sf.o)
 .debug_pubnames
                0x000001ab       0x26 d:/engineering/embedded/imt_dip/embedded-tools/winavr/bin/../lib/gcc/avr/4.3.3/avr5\libgcc.a(_fpcmp_parts_sf.o)
 .debug_pubnames
                0x000001d1       0x20 d:/engineering/embedded/imt_dip/embedded-tools/winavr/bin/../lib/gcc/avr/4.3.3/avr5\libgcc.a(_clz.o)

.debug_info     0x00000000     0x2561
 *(.debug_info)
 .debug_info    0x00000000      0x47a d:/engineering/embedded/imt_dip/embedded-tools/winavr/bin/../lib/gcc/avr/4.3.3/avr5\libgcc.a(_addsub_sf.o)
 .debug_info    0x0000047a      0x485 d:/engineering/embedded/imt_dip/embedded-tools/winavr/bin/../lib/gcc/avr/4.3.3/avr5\libgcc.a(_mul_sf.o)
 .debug_info    0x000008ff      0x3fc d:/engineering/embedded/imt_dip/embedded-tools/winavr/bin/../lib/gcc/avr/4.3.3/avr5\libgcc.a(_div_sf.o)
 .debug_info    0x00000cfb      0x27f d:/engineering/embedded/imt_dip/embedded-tools/winavr/bin/../lib/gcc/avr/4.3.3/avr5\libgcc.a(_ne_sf.o)
 .debug_info    0x00000f7a      0x27f d:/engineering/embedded/imt_dip/embedded-tools/winavr/bin/../lib/gcc/avr/4.3.3/avr5\libgcc.a(_gt_sf.o)
 .debug_info    0x000011f9      0x27f d:/engineering/embedded/imt_dip/embedded-tools/winavr/bin/../lib/gcc/avr/4.3.3/avr5\libgcc.a(_lt_sf.o)
 .debug_info    0x00001478      0x207 d:/engineering/embedded/imt_dip/embedded-tools/winavr/bin/../lib/gcc/avr/4.3.3/avr5\libgcc.a(_si_to_sf.o)
 .debug_info    0x0000167f      0x2b0 d:/engineering/embedded/imt_dip/embedded-tools/winavr/bin/../lib/gcc/avr/4.3.3/avr5\libgcc.a(_sf_to_si.o)
 .debug_info    0x0000192f      0x12c d:/engineering/embedded/imt_dip/embedded-tools/winavr/bin/../lib/gcc/avr/4.3.3/avr5\libgcc.a(_thenan_sf.o)
 .debug_info    0x00001a5b      0x206 d:/engineering/embedded/imt_dip/embedded-tools/winavr/bin/../lib/gcc/avr/4.3.3/avr5\libgcc.a(_usi_to_sf.o)
 .debug_info    0x00001c61      0x117 d:/engineering/embedded/imt_dip/embedded-tools/winavr/bin/../lib/gcc/avr/4.3.3/avr5\libgcc.a(_clzsi2.o)
 .debug_info    0x00001d78      0x2df d:/engineering/embedded/imt_dip/embedded-tools/winavr/bin/../lib/gcc/avr/4.3.3/avr5\libgcc.a(_pack_sf.o)
 .debug_info    0x00002057      0x251 d:/engineering/embedded/imt_dip/embedded-tools/winavr/bin/../lib/gcc/avr/4.3.3/avr5\libgcc.a(_unpack_sf.o)
 .debug_info    0x000022a8      0x210 d:/engineering/embedded/imt_dip/embedded-tools/winavr/bin/../lib/gcc/avr/4.3.3/avr5\libgcc.a(_fpcmp_parts_sf.o)
 .debug_info    0x000024b8       0xa9 d:/engineering/embedded/imt_dip/embedded-tools/winavr/bin/../lib/gcc/avr/4.3.3/avr5\libgcc.a(_clz.o)
 *(.gnu.linkonce.wi.*)

.debug_abbrev   0x00000000     0x1471
 *(.debug_abbrev)
 .debug_abbrev  0x00000000      0x1ea d:/engineering/embedded/imt_dip/embedded-tools/winavr/bin/../lib/gcc/avr/4.3.3/avr5\libgcc.a(_addsub_sf.o)
 .debug_abbrev  0x000001ea      0x21b d:/engineering/embedded/imt_dip/embedded-tools/winavr/bin/../lib/gcc/avr/4.3.3/avr5\libgcc.a(_mul_sf.o)
 .debug_abbrev  0x00000405      0x216 d:/engineering/embedded/imt_dip/embedded-tools/winavr/bin/../lib/gcc/avr/4.3.3/avr5\libgcc.a(_div_sf.o)
 .debug_abbrev  0x0000061b      0x15a d:/engineering/embedded/imt_dip/embedded-tools/winavr/bin/../lib/gcc/avr/4.3.3/avr5\libgcc.a(_ne_sf.o)
 .debug_abbrev  0x00000775      0x15a d:/engineering/embedded/imt_dip/embedded-tools/winavr/bin/../lib/gcc/avr/4.3.3/avr5\libgcc.a(_gt_sf.o)
 .debug_abbrev  0x000008cf      0x15a d:/engineering/embedded/imt_dip/embedded-tools/winavr/bin/../lib/gcc/avr/4.3.3/avr5\libgcc.a(_lt_sf.o)
 .debug_abbrev  0x00000a29      0x148 d:/engineering/embedded/imt_dip/embedded-tools/winavr/bin/../lib/gcc/avr/4.3.3/avr5\libgcc.a(_si_to_sf.o)
 .debug_abbrev  0x00000b71      0x17f d:/engineering/embedded/imt_dip/embedded-tools/winavr/bin/../lib/gcc/avr/4.3.3/avr5\libgcc.a(_sf_to_si.o)
 .debug_abbrev  0x00000cf0       0xad d:/engineering/embedded/imt_dip/embedded-tools/winavr/bin/../lib/gcc/avr/4.3.3/avr5\libgcc.a(_thenan_sf.o)
 .debug_abbrev  0x00000d9d      0x157 d:/engineering/embedded/imt_dip/embedded-tools/winavr/bin/../lib/gcc/avr/4.3.3/avr5\libgcc.a(_usi_to_sf.o)
 .debug_abbrev  0x00000ef4       0xc4 d:/engineering/embedded/imt_dip/embedded-tools/winavr/bin/../lib/gcc/avr/4.3.3/avr5\libgcc.a(_clzsi2.o)
 .debug_abbrev  0x00000fb8      0x1c0 d:/engineering/embedded/imt_dip/embedded-tools/winavr/bin/../lib/gcc/avr/4.3.3/avr5\libgcc.a(_pack_sf.o)
 .debug_abbrev  0x00001178      0x154 d:/engineering/embedded/imt_dip/embedded-tools/winavr/bin/../lib/gcc/avr/4.3.3/avr5\libgcc.a(_unpack_sf.o)
 .debug_abbrev  0x000012cc      0x13b d:/engineering/embedded/imt_dip/embedded-tools/winavr/bin/../lib/gcc/avr/4.3.3/avr5\libgcc.a(_fpcmp_parts_sf.o)
 .debug_abbrev  0x00001407       0x6a d:/engineering/embedded/imt_dip/embedded-tools/winavr/bin/../lib/gcc/avr/4.3.3/avr5\libgcc.a(_clz.o)

.debug_line     0x00000000     0x1264
 *(.debug_line)
 .debug_line    0x00000000      0x2af d:/engineering/embedded/imt_dip/embedded-tools/winavr/bin/../lib/gcc/avr/4.3.3/avr5\libgcc.a(_addsub_sf.o)
 .debug_line    0x000002af      0x239 d:/engineering/embedded/imt_dip/embedded-tools/winavr/bin/../lib/gcc/avr/4.3.3/avr5\libgcc.a(_mul_sf.o)
 .debug_line    0x000004e8      0x1d5 d:/engineering/embedded/imt_dip/embedded-tools/winavr/bin/../lib/gcc/avr/4.3.3/avr5\libgcc.a(_div_sf.o)
 .debug_line    0x000006bd       0xd3 d:/engineering/embedded/imt_dip/embedded-tools/winavr/bin/../lib/gcc/avr/4.3.3/avr5\libgcc.a(_ne_sf.o)
 .debug_line    0x00000790       0xd3 d:/engineering/embedded/imt_dip/embedded-tools/winavr/bin/../lib/gcc/avr/4.3.3/avr5\libgcc.a(_gt_sf.o)
 .debug_line    0x00000863       0xd3 d:/engineering/embedded/imt_dip/embedded-tools/winavr/bin/../lib/gcc/avr/4.3.3/avr5\libgcc.a(_lt_sf.o)
 .debug_line    0x00000936      0x135 d:/engineering/embedded/imt_dip/embedded-tools/winavr/bin/../lib/gcc/avr/4.3.3/avr5\libgcc.a(_si_to_sf.o)
 .debug_line    0x00000a6b      0x109 d:/engineering/embedded/imt_dip/embedded-tools/winavr/bin/../lib/gcc/avr/4.3.3/avr5\libgcc.a(_sf_to_si.o)
 .debug_line    0x00000b74       0x90 d:/engineering/embedded/imt_dip/embedded-tools/winavr/bin/../lib/gcc/avr/4.3.3/avr5\libgcc.a(_thenan_sf.o)
 .debug_line    0x00000c04      0x133 d:/engineering/embedded/imt_dip/embedded-tools/winavr/bin/../lib/gcc/avr/4.3.3/avr5\libgcc.a(_usi_to_sf.o)
 .debug_line    0x00000d37       0xa5 d:/engineering/embedded/imt_dip/embedded-tools/winavr/bin/../lib/gcc/avr/4.3.3/avr5\libgcc.a(_clzsi2.o)
 .debug_line    0x00000ddc      0x18a d:/engineering/embedded/imt_dip/embedded-tools/winavr/bin/../lib/gcc/avr/4.3.3/avr5\libgcc.a(_pack_sf.o)
 .debug_line    0x00000f66      0x14b d:/engineering/embedded/imt_dip/embedded-tools/winavr/bin/../lib/gcc/avr/4.3.3/avr5\libgcc.a(_unpack_sf.o)
 .debug_line    0x000010b1      0x137 d:/engineering/embedded/imt_dip/embedded-tools/winavr/bin/../lib/gcc/avr/4.3.3/avr5\libgcc.a(_fpcmp_parts_sf.o)
 .debug_line    0x000011e8       0x7c d:/engineering/embedded/imt_dip/embedded-tools/winavr/bin/../lib/gcc/avr/4.3.3/avr5\libgcc.a(_clz.o)

.debug_frame    0x00000000      0x1c0
 *(.debug_frame)
 .debug_frame   0x00000000       0x40 d:/engineering/embedded/imt_dip/embedded-tools/winavr/bin/../lib/gcc/avr/4.3.3/avr5\libgcc.a(_addsub_sf.o)
 .debug_frame   0x00000040       0x20 d:/engineering/embedded/imt_dip/embedded-tools/winavr/bin/../lib/gcc/avr/4.3.3/avr5\libgcc.a(_mul_sf.o)
 .debug_frame   0x00000060       0x20 d:/engineering/embedded/imt_dip/embedded-tools/winavr/bin/../lib/gcc/avr/4.3.3/avr5\libgcc.a(_div_sf.o)
 .debug_frame   0x00000080       0x20 d:/engineering/embedded/imt_dip/embedded-tools/winavr/bin/../lib/gcc/avr/4.3.3/avr5\libgcc.a(_ne_sf.o)
 .debug_frame   0x000000a0       0x20 d:/engineering/embedded/imt_dip/embedded-tools/winavr/bin/../lib/gcc/avr/4.3.3/avr5\libgcc.a(_gt_sf.o)
 .debug_frame   0x000000c0       0x20 d:/engineering/embedded/imt_dip/embedded-tools/winavr/bin/../lib/gcc/avr/4.3.3/avr5\libgcc.a(_lt_sf.o)
 .debug_frame   0x000000e0       0x20 d:/engineering/embedded/imt_dip/embedded-tools/winavr/bin/../lib/gcc/avr/4.3.3/avr5\libgcc.a(_si_to_sf.o)
 .debug_frame   0x00000100       0x20 d:/engineering/embedded/imt_dip/embedded-tools/winavr/bin/../lib/gcc/avr/4.3.3/avr5\libgcc.a(_sf_to_si.o)
 .debug_frame   0x00000120       0x20 d:/engineering/embedded/imt_dip/embedded-tools/winavr/bin/../lib/gcc/avr/4.3.3/avr5\libgcc.a(_usi_to_sf.o)
 .debug_frame   0x00000140       0x20 d:/engineering/embedded/imt_dip/embedded-tools/winavr/bin/../lib/gcc/avr/4.3.3/avr5\libgcc.a(_clzsi2.o)
 .debug_frame   0x00000160       0x20 d:/engineering/embedded/imt_dip/embedded-tools/winavr/bin/../lib/gcc/avr/4.3.3/avr5\libgcc.a(_pack_sf.o)
 .debug_frame   0x00000180       0x20 d:/engineering/embedded/imt_dip/embedded-tools/winavr/bin/../lib/gcc/avr/4.3.3/avr5\libgcc.a(_unpack_sf.o)
 .debug_frame   0x000001a0       0x20 d:/engineering/embedded/imt_dip/embedded-tools/winavr/bin/../lib/gcc/avr/4.3.3/avr5\libgcc.a(_fpcmp_parts_sf.o)

.debug_str      0x00000000      0x2fa
 *(.debug_str)
 .debug_str     0x00000000      0x19e d:/engineering/embedded/imt_dip/embedded-tools/winavr/bin/../lib/gcc/avr/4.3.3/avr5\libgcc.a(_addsub_sf.o)
                                0x206 (size before relaxing)
 .debug_str     0x0000019e       0x27 d:/engineering/embedded/imt_dip/embedded-tools/winavr/bin/../lib/gcc/avr/4.3.3/avr5\libgcc.a(_mul_sf.o)
                                0x1bf (size before relaxing)
 .debug_str     0x000001c5       0x35 d:/engineering/embedded/imt_dip/embedded-tools/winavr/bin/../lib/gcc/avr/4.3.3/avr5\libgcc.a(_div_sf.o)
                                0x1c8 (size before relaxing)
 .debug_str     0x000001fa        0x8 d:/engineering/embedded/imt_dip/embedded-tools/winavr/bin/../lib/gcc/avr/4.3.3/avr5\libgcc.a(_ne_sf.o)
                                0x195 (size before relaxing)
 .debug_str     0x00000202        0x8 d:/engineering/embedded/imt_dip/embedded-tools/winavr/bin/../lib/gcc/avr/4.3.3/avr5\libgcc.a(_gt_sf.o)
                                0x195 (size before relaxing)
 .debug_str     0x0000020a        0x8 d:/engineering/embedded/imt_dip/embedded-tools/winavr/bin/../lib/gcc/avr/4.3.3/avr5\libgcc.a(_lt_sf.o)
                                0x195 (size before relaxing)
 .debug_str     0x00000212       0x1e d:/engineering/embedded/imt_dip/embedded-tools/winavr/bin/../lib/gcc/avr/4.3.3/avr5\libgcc.a(_si_to_sf.o)
                                0x17b (size before relaxing)
 .debug_str     0x00000230        0xa d:/engineering/embedded/imt_dip/embedded-tools/winavr/bin/../lib/gcc/avr/4.3.3/avr5\libgcc.a(_sf_to_si.o)
                                0x19e (size before relaxing)
 .debug_str     0x00000000      0x103 d:/engineering/embedded/imt_dip/embedded-tools/winavr/bin/../lib/gcc/avr/4.3.3/avr5\libgcc.a(_thenan_sf.o)
 .debug_str     0x0000023a       0x14 d:/engineering/embedded/imt_dip/embedded-tools/winavr/bin/../lib/gcc/avr/4.3.3/avr5\libgcc.a(_usi_to_sf.o)
                                0x177 (size before relaxing)
 .debug_str     0x0000024e       0x81 d:/engineering/embedded/imt_dip/embedded-tools/winavr/bin/../lib/gcc/avr/4.3.3/avr5\libgcc.a(_clzsi2.o)
                                0x111 (size before relaxing)
 .debug_str     0x000002cf       0x10 d:/engineering/embedded/imt_dip/embedded-tools/winavr/bin/../lib/gcc/avr/4.3.3/avr5\libgcc.a(_pack_sf.o)
                                0x19d (size before relaxing)
 .debug_str     0x000002df        0xb d:/engineering/embedded/imt_dip/embedded-tools/winavr/bin/../lib/gcc/avr/4.3.3/avr5\libgcc.a(_unpack_sf.o)
                                0x17f (size before relaxing)
 .debug_str     0x000002ea       0x10 d:/engineering/embedded/imt_dip/embedded-tools/winavr/bin/../lib/gcc/avr/4.3.3/avr5\libgcc.a(_fpcmp_parts_sf.o)
                                0x163 (size before relaxing)
 .debug_str     0x00000000       0xf4 d:/engineering/embedded/imt_dip/embedded-tools/winavr/bin/../lib/gcc/avr/4.3.3/avr5\libgcc.a(_clz.o)

.debug_loc      0x00000000      0x9e6
 *(.debug_loc)
 .debug_loc     0x00000000      0x32a d:/engineering/embedded/imt_dip/embedded-tools/winavr/bin/../lib/gcc/avr/4.3.3/avr5\libgcc.a(_addsub_sf.o)
 .debug_loc     0x0000032a      0x104 d:/engineering/embedded/imt_dip/embedded-tools/winavr/bin/../lib/gcc/avr/4.3.3/avr5\libgcc.a(_mul_sf.o)
 .debug_loc     0x0000042e       0xc0 d:/engineering/embedded/imt_dip/embedded-tools/winavr/bin/../lib/gcc/avr/4.3.3/avr5\libgcc.a(_div_sf.o)
 .debug_loc     0x000004ee       0x3c d:/engineering/embedded/imt_dip/embedded-tools/winavr/bin/../lib/gcc/avr/4.3.3/avr5\libgcc.a(_ne_sf.o)
 .debug_loc     0x0000052a       0x3c d:/engineering/embedded/imt_dip/embedded-tools/winavr/bin/../lib/gcc/avr/4.3.3/avr5\libgcc.a(_gt_sf.o)
 .debug_loc     0x00000566       0x3c d:/engineering/embedded/imt_dip/embedded-tools/winavr/bin/../lib/gcc/avr/4.3.3/avr5\libgcc.a(_lt_sf.o)
 .debug_loc     0x000005a2       0xac d:/engineering/embedded/imt_dip/embedded-tools/winavr/bin/../lib/gcc/avr/4.3.3/avr5\libgcc.a(_si_to_sf.o)
 .debug_loc     0x0000064e       0x7e d:/engineering/embedded/imt_dip/embedded-tools/winavr/bin/../lib/gcc/avr/4.3.3/avr5\libgcc.a(_sf_to_si.o)
 .debug_loc     0x000006cc       0x4c d:/engineering/embedded/imt_dip/embedded-tools/winavr/bin/../lib/gcc/avr/4.3.3/avr5\libgcc.a(_usi_to_sf.o)
 .debug_loc     0x00000718       0x94 d:/engineering/embedded/imt_dip/embedded-tools/winavr/bin/../lib/gcc/avr/4.3.3/avr5\libgcc.a(_clzsi2.o)
 .debug_loc     0x000007ac      0x13e d:/engineering/embedded/imt_dip/embedded-tools/winavr/bin/../lib/gcc/avr/4.3.3/avr5\libgcc.a(_pack_sf.o)
 .debug_loc     0x000008ea       0xac d:/engineering/embedded/imt_dip/embedded-tools/winavr/bin/../lib/gcc/avr/4.3.3/avr5\libgcc.a(_unpack_sf.o)
 .debug_loc     0x00000996       0x50 d:/engineering/embedded/imt_dip/embedded-tools/winavr/bin/../lib/gcc/avr/4.3.3/avr5\libgcc.a(_fpcmp_parts_sf.o)

.debug_macinfo
 *(.debug_macinfo)
OUTPUT(APP_38_IMS.elf elf32-avr)
LOAD linker stubs

.debug_ranges   0x00000000       0x50
 .debug_ranges  0x00000000       0x50 d:/engineering/embedded/imt_dip/embedded-tools/winavr/bin/../lib/gcc/avr/4.3.3/avr5\libgcc.a(_mul_sf.o)
