Archive member included because of file (symbol)

c:/c-toolchains/winavr/bin/../lib/gcc/avr/4.3.3/avr5\libgcc.a(_mulsi3.o)
                              ./Drivers/HAL/LCD/LCD_program.o (__mulsi3)
c:/c-toolchains/winavr/bin/../lib/gcc/avr/4.3.3/avr5\libgcc.a(_divmodsi4.o)
                              ./Drivers/HAL/LCD/LCD_program.o (__divmodsi4)
c:/c-toolchains/winavr/bin/../lib/gcc/avr/4.3.3/avr5\libgcc.a(_exit.o)
                              c:/c-toolchains/winavr/bin/../lib/gcc/avr/4.3.3/../../../../avr/lib/avr5/crtm32.o (exit)
c:/c-toolchains/winavr/bin/../lib/gcc/avr/4.3.3/avr5\libgcc.a(_copy_data.o)
                              ./SRS/main.o (__do_copy_data)
c:/c-toolchains/winavr/bin/../lib/gcc/avr/4.3.3/avr5\libgcc.a(_clear_bss.o)
                              ./Drivers/MCAL/EXTI/EXTI_program.o (__do_clear_bss)
c:/c-toolchains/winavr/bin/../lib/gcc/avr/4.3.3/avr5\libgcc.a(_addsub_sf.o)
                              ./Drivers/HAL/LCD/LCD_program.o (__subsf3)
c:/c-toolchains/winavr/bin/../lib/gcc/avr/4.3.3/avr5\libgcc.a(_mul_sf.o)
                              ./Drivers/HAL/LCD/LCD_program.o (__mulsf3)
c:/c-toolchains/winavr/bin/../lib/gcc/avr/4.3.3/avr5\libgcc.a(_div_sf.o)
                              ./SRS/main.o (__divsf3)
c:/c-toolchains/winavr/bin/../lib/gcc/avr/4.3.3/avr5\libgcc.a(_si_to_sf.o)
                              ./SRS/main.o (__floatsisf)
c:/c-toolchains/winavr/bin/../lib/gcc/avr/4.3.3/avr5\libgcc.a(_sf_to_si.o)
                              ./Drivers/HAL/LCD/LCD_program.o (__fixsfsi)
c:/c-toolchains/winavr/bin/../lib/gcc/avr/4.3.3/avr5\libgcc.a(_thenan_sf.o)
                              c:/c-toolchains/winavr/bin/../lib/gcc/avr/4.3.3/avr5\libgcc.a(_addsub_sf.o) (__thenan_sf)
c:/c-toolchains/winavr/bin/../lib/gcc/avr/4.3.3/avr5\libgcc.a(_udivmodsi4.o)
                              c:/c-toolchains/winavr/bin/../lib/gcc/avr/4.3.3/avr5\libgcc.a(_divmodsi4.o) (__udivmodsi4)
c:/c-toolchains/winavr/bin/../lib/gcc/avr/4.3.3/avr5\libgcc.a(_prologue.o)
                              c:/c-toolchains/winavr/bin/../lib/gcc/avr/4.3.3/avr5\libgcc.a(_addsub_sf.o) (__prologue_saves__)
c:/c-toolchains/winavr/bin/../lib/gcc/avr/4.3.3/avr5\libgcc.a(_epilogue.o)
                              c:/c-toolchains/winavr/bin/../lib/gcc/avr/4.3.3/avr5\libgcc.a(_addsub_sf.o) (__epilogue_restores__)
c:/c-toolchains/winavr/bin/../lib/gcc/avr/4.3.3/avr5\libgcc.a(_clzsi2.o)
                              c:/c-toolchains/winavr/bin/../lib/gcc/avr/4.3.3/avr5\libgcc.a(_si_to_sf.o) (__clzsi2)
c:/c-toolchains/winavr/bin/../lib/gcc/avr/4.3.3/avr5\libgcc.a(_pack_sf.o)
                              c:/c-toolchains/winavr/bin/../lib/gcc/avr/4.3.3/avr5\libgcc.a(_addsub_sf.o) (__pack_f)
c:/c-toolchains/winavr/bin/../lib/gcc/avr/4.3.3/avr5\libgcc.a(_unpack_sf.o)
                              c:/c-toolchains/winavr/bin/../lib/gcc/avr/4.3.3/avr5\libgcc.a(_addsub_sf.o) (__unpack_f)
c:/c-toolchains/winavr/bin/../lib/gcc/avr/4.3.3/avr5\libgcc.a(_clz.o)
                              c:/c-toolchains/winavr/bin/../lib/gcc/avr/4.3.3/avr5\libgcc.a(_clzsi2.o) (__clz_tab)

Allocating common symbols
Common symbol       size              file

call_back_function  0x6               ./Drivers/MCAL/EXTI/EXTI_program.o

Memory Configuration

Name             Origin             Length             Attributes
text             0x00000000         0x00020000         xr
data             0x00800060         0x0000ffa0         rw !x
eeprom           0x00810000         0x00010000         rw !x
fuse             0x00820000         0x00000400         rw !x
lock             0x00830000         0x00000400         rw !x
signature        0x00840000         0x00000400         rw !x
*default*        0x00000000         0xffffffff

Linker script and memory map

LOAD c:/c-toolchains/winavr/bin/../lib/gcc/avr/4.3.3/../../../../avr/lib/avr5/crtm32.o
LOAD ./SRS/main.o
LOAD ./Drivers/MCAL/EXTI/EXTI_program.o
LOAD ./Drivers/MCAL/DIO/DIO_program.o
LOAD ./Drivers/MCAL/ADC/ADC_program.o
LOAD ./Drivers/HAL/ST_Motor/ST_Motor_program.o
LOAD ./Drivers/HAL/LCD/LCD_program.o
LOAD ./Drivers/HAL/KEYPAD/KEYPAD_program.o
LOAD ./Drivers/HAL/DC_Motor/DC_Motor_program.o
LOAD c:/c-toolchains/winavr/bin/../lib/gcc/avr/4.3.3/avr5\libgcc.a
LOAD c:/c-toolchains/winavr/bin/../lib/gcc/avr/4.3.3/../../../../avr/lib/avr5\libc.a
LOAD c:/c-toolchains/winavr/bin/../lib/gcc/avr/4.3.3/avr5\libgcc.a

.hash
 *(.hash)

.dynsym
 *(.dynsym)

.dynstr
 *(.dynstr)

.gnu.version
 *(.gnu.version)

.gnu.version_d
 *(.gnu.version_d)

.gnu.version_r
 *(.gnu.version_r)

.rel.init
 *(.rel.init)

.rela.init
 *(.rela.init)

.rel.text
 *(.rel.text)
 *(.rel.text.*)
 *(.rel.gnu.linkonce.t*)

.rela.text
 *(.rela.text)
 *(.rela.text.*)
 *(.rela.gnu.linkonce.t*)

.rel.fini
 *(.rel.fini)

.rela.fini
 *(.rela.fini)

.rel.rodata
 *(.rel.rodata)
 *(.rel.rodata.*)
 *(.rel.gnu.linkonce.r*)

.rela.rodata
 *(.rela.rodata)
 *(.rela.rodata.*)
 *(.rela.gnu.linkonce.r*)

.rel.data
 *(.rel.data)
 *(.rel.data.*)
 *(.rel.gnu.linkonce.d*)

.rela.data
 *(.rela.data)
 *(.rela.data.*)
 *(.rela.gnu.linkonce.d*)

.rel.ctors
 *(.rel.ctors)

.rela.ctors
 *(.rela.ctors)

.rel.dtors
 *(.rel.dtors)

.rela.dtors
 *(.rela.dtors)

.rel.got
 *(.rel.got)

.rela.got
 *(.rela.got)

.rel.bss
 *(.rel.bss)

.rela.bss
 *(.rela.bss)

.rel.plt
 *(.rel.plt)

.rela.plt
 *(.rela.plt)

.text           0x00000000     0x2110
 *(.vectors)
 .vectors       0x00000000       0x54 c:/c-toolchains/winavr/bin/../lib/gcc/avr/4.3.3/../../../../avr/lib/avr5/crtm32.o
                0x00000000                __vectors
                0x00000000                __vector_default
 *(.vectors)
 *(.progmem.gcc*)
 *(.progmem*)
                0x00000054                . = ALIGN (0x2)
                0x00000054                __trampolines_start = .
 *(.trampolines)
 .trampolines   0x00000054        0x0 linker stubs
 *(.trampolines*)
                0x00000054                __trampolines_end = .
 *(.jumptables)
 *(.jumptables*)
 *(.lowtext)
 *(.lowtext*)
                0x00000054                __ctors_start = .
 *(.ctors)
                0x00000054                __ctors_end = .
                0x00000054                __dtors_start = .
 *(.dtors)
                0x00000054                __dtors_end = .
 SORT(*)(.ctors)
 SORT(*)(.dtors)
 *(.init0)
 .init0         0x00000054        0x0 c:/c-toolchains/winavr/bin/../lib/gcc/avr/4.3.3/../../../../avr/lib/avr5/crtm32.o
                0x00000054                __init
 *(.init0)
 *(.init1)
 *(.init1)
 *(.init2)
 .init2         0x00000054        0xc c:/c-toolchains/winavr/bin/../lib/gcc/avr/4.3.3/../../../../avr/lib/avr5/crtm32.o
 *(.init2)
 *(.init3)
 *(.init3)
 *(.init4)
 .init4         0x00000060       0x16 c:/c-toolchains/winavr/bin/../lib/gcc/avr/4.3.3/avr5\libgcc.a(_copy_data.o)
                0x00000060                __do_copy_data
 .init4         0x00000076       0x10 c:/c-toolchains/winavr/bin/../lib/gcc/avr/4.3.3/avr5\libgcc.a(_clear_bss.o)
                0x00000076                __do_clear_bss
 *(.init4)
 *(.init5)
 *(.init5)
 *(.init6)
 *(.init6)
 *(.init7)
 *(.init7)
 *(.init8)
 *(.init8)
 *(.init9)
 .init9         0x00000086        0x8 c:/c-toolchains/winavr/bin/../lib/gcc/avr/4.3.3/../../../../avr/lib/avr5/crtm32.o
 *(.init9)
 *(.text)
 .text          0x0000008e        0x4 c:/c-toolchains/winavr/bin/../lib/gcc/avr/4.3.3/../../../../avr/lib/avr5/crtm32.o
                0x0000008e                __vector_12
                0x0000008e                __bad_interrupt
                0x0000008e                __vector_6
                0x0000008e                __vector_11
                0x0000008e                __vector_13
                0x0000008e                __vector_17
                0x0000008e                __vector_19
                0x0000008e                __vector_7
                0x0000008e                __vector_5
                0x0000008e                __vector_4
                0x0000008e                __vector_9
                0x0000008e                __vector_15
                0x0000008e                __vector_8
                0x0000008e                __vector_14
                0x0000008e                __vector_10
                0x0000008e                __vector_16
                0x0000008e                __vector_18
                0x0000008e                __vector_20
 .text          0x00000092        0x0 ./SRS/main.o
 .text          0x00000092        0x0 ./Drivers/MCAL/EXTI/EXTI_program.o
 .text          0x00000092        0x0 ./Drivers/MCAL/DIO/DIO_program.o
 .text          0x00000092        0x0 ./Drivers/MCAL/ADC/ADC_program.o
 .text          0x00000092        0x0 ./Drivers/HAL/ST_Motor/ST_Motor_program.o
 .text          0x00000092        0x0 ./Drivers/HAL/LCD/LCD_program.o
 .text          0x00000092        0x0 ./Drivers/HAL/KEYPAD/KEYPAD_program.o
 .text          0x00000092        0x0 ./Drivers/HAL/DC_Motor/DC_Motor_program.o
 .text          0x00000092        0x0 c:/c-toolchains/winavr/bin/../lib/gcc/avr/4.3.3/avr5\libgcc.a(_mulsi3.o)
 .text          0x00000092        0x0 c:/c-toolchains/winavr/bin/../lib/gcc/avr/4.3.3/avr5\libgcc.a(_divmodsi4.o)
 .text          0x00000092        0x0 c:/c-toolchains/winavr/bin/../lib/gcc/avr/4.3.3/avr5\libgcc.a(_exit.o)
 .text          0x00000092        0x0 c:/c-toolchains/winavr/bin/../lib/gcc/avr/4.3.3/avr5\libgcc.a(_copy_data.o)
 .text          0x00000092        0x0 c:/c-toolchains/winavr/bin/../lib/gcc/avr/4.3.3/avr5\libgcc.a(_clear_bss.o)
 .text          0x00000092      0x354 c:/c-toolchains/winavr/bin/../lib/gcc/avr/4.3.3/avr5\libgcc.a(_addsub_sf.o)
                0x0000032a                __subsf3
                0x0000038c                __addsf3
 .text          0x000003e6      0x1f4 c:/c-toolchains/winavr/bin/../lib/gcc/avr/4.3.3/avr5\libgcc.a(_mul_sf.o)
                0x000003e6                __mulsf3
 .text          0x000005da      0x158 c:/c-toolchains/winavr/bin/../lib/gcc/avr/4.3.3/avr5\libgcc.a(_div_sf.o)
                0x000005da                __divsf3
 .text          0x00000732       0xbc c:/c-toolchains/winavr/bin/../lib/gcc/avr/4.3.3/avr5\libgcc.a(_si_to_sf.o)
                0x00000732                __floatsisf
 .text          0x000007ee       0xa8 c:/c-toolchains/winavr/bin/../lib/gcc/avr/4.3.3/avr5\libgcc.a(_sf_to_si.o)
                0x000007ee                __fixsfsi
 .text          0x00000896        0x0 c:/c-toolchains/winavr/bin/../lib/gcc/avr/4.3.3/avr5\libgcc.a(_thenan_sf.o)
 .text          0x00000896        0x0 c:/c-toolchains/winavr/bin/../lib/gcc/avr/4.3.3/avr5\libgcc.a(_udivmodsi4.o)
 .text          0x00000896        0x0 c:/c-toolchains/winavr/bin/../lib/gcc/avr/4.3.3/avr5\libgcc.a(_prologue.o)
 .text          0x00000896        0x0 c:/c-toolchains/winavr/bin/../lib/gcc/avr/4.3.3/avr5\libgcc.a(_epilogue.o)
 .text          0x00000896       0x9e c:/c-toolchains/winavr/bin/../lib/gcc/avr/4.3.3/avr5\libgcc.a(_clzsi2.o)
                0x00000896                __clzsi2
 .text          0x00000934      0x1aa c:/c-toolchains/winavr/bin/../lib/gcc/avr/4.3.3/avr5\libgcc.a(_pack_sf.o)
                0x00000934                __pack_f
 .text          0x00000ade       0xf0 c:/c-toolchains/winavr/bin/../lib/gcc/avr/4.3.3/avr5\libgcc.a(_unpack_sf.o)
                0x00000ade                __unpack_f
 .text          0x00000bce        0x0 c:/c-toolchains/winavr/bin/../lib/gcc/avr/4.3.3/avr5\libgcc.a(_clz.o)
                0x00000bce                . = ALIGN (0x2)
 *(.text.*)
 .text.main     0x00000bce      0x15a ./SRS/main.o
                0x00000bce                main
 .text.EXTI_void_init
                0x00000d28       0x9c ./Drivers/MCAL/EXTI/EXTI_program.o
                0x00000d28                EXTI_void_init
 .text.EXTI_get_INT_flag
                0x00000dc4       0x30 ./Drivers/MCAL/EXTI/EXTI_program.o
                0x00000dc4                EXTI_get_INT_flag
 .text.EXTI_void_INT_callback
                0x00000df4       0x16 ./Drivers/MCAL/EXTI/EXTI_program.o
                0x00000df4                EXTI_void_INT_callback
 .text.__vector_1
                0x00000e0a       0x52 ./Drivers/MCAL/EXTI/EXTI_program.o
                0x00000e0a                __vector_1
 .text.__vector_2
                0x00000e5c       0x52 ./Drivers/MCAL/EXTI/EXTI_program.o
                0x00000e5c                __vector_2
 .text.__vector_3
                0x00000eae       0x52 ./Drivers/MCAL/EXTI/EXTI_program.o
                0x00000eae                __vector_3
 .text.DIO_void_set_port_dir
                0x00000f00       0x16 ./Drivers/MCAL/DIO/DIO_program.o
                0x00000f00                DIO_void_set_port_dir
 .text.DIO_void_set_port_in_pullUp
                0x00000f16       0x26 ./Drivers/MCAL/DIO/DIO_program.o
                0x00000f16                DIO_void_set_port_in_pullUp
 .text.DIO_void_set_pin_dir
                0x00000f3c       0x52 ./Drivers/MCAL/DIO/DIO_program.o
                0x00000f3c                DIO_void_set_pin_dir
 .text.DIO_void_set_pin_in_pullUP
                0x00000f8e       0x3c ./Drivers/MCAL/DIO/DIO_program.o
                0x00000f8e                DIO_void_set_pin_in_pullUP
 .text.DIO_void_set_port
                0x00000fca       0x18 ./Drivers/MCAL/DIO/DIO_program.o
                0x00000fca                DIO_void_set_port
 .text.DIO_void_clear_port
                0x00000fe2       0x16 ./Drivers/MCAL/DIO/DIO_program.o
                0x00000fe2                DIO_void_clear_port
 .text.DIO_void_toggle_port
                0x00000ff8       0x1a ./Drivers/MCAL/DIO/DIO_program.o
                0x00000ff8                DIO_void_toggle_port
 .text.DIO_void_assign_port
                0x00001012       0x16 ./Drivers/MCAL/DIO/DIO_program.o
                0x00001012                DIO_void_assign_port
 .text.DIO_void_set_pin
                0x00001028       0x28 ./Drivers/MCAL/DIO/DIO_program.o
                0x00001028                DIO_void_set_pin
 .text.DIO_void_clear_pin
                0x00001050       0x2a ./Drivers/MCAL/DIO/DIO_program.o
                0x00001050                DIO_void_clear_pin
 .text.DIO_void_toggle_pin
                0x0000107a       0x28 ./Drivers/MCAL/DIO/DIO_program.o
                0x0000107a                DIO_void_toggle_pin
 .text.DIO_void_assign_pin
                0x000010a2       0x52 ./Drivers/MCAL/DIO/DIO_program.o
                0x000010a2                DIO_void_assign_pin
 .text.DIO_u8_get_port
                0x000010f4       0x16 ./Drivers/MCAL/DIO/DIO_program.o
                0x000010f4                DIO_u8_get_port
 .text.DIO_u8_get_pin
                0x0000110a       0x24 ./Drivers/MCAL/DIO/DIO_program.o
                0x0000110a                DIO_u8_get_pin
 .text.ADC_void_init
                0x0000112e        0xa ./Drivers/MCAL/ADC/ADC_program.o
                0x0000112e                ADC_void_init
 .text.ADC_void_config
                0x00001138       0x46 ./Drivers/MCAL/ADC/ADC_program.o
                0x00001138                ADC_void_config
 .text.ADC_void_read_data
                0x0000117e       0x14 ./Drivers/MCAL/ADC/ADC_program.o
                0x0000117e                ADC_void_read_data
 .text.st_mot_stop
                0x00001192       0x52 ./Drivers/HAL/ST_Motor/ST_Motor_program.o
                0x00001192                st_mot_stop
 .text.st_mot_void_steps_CCW
                0x000011e4      0x202 ./Drivers/HAL/ST_Motor/ST_Motor_program.o
                0x000011e4                st_mot_void_steps_CCW
 .text.st_mot_void_steps_CW
                0x000013e6      0x206 ./Drivers/HAL/ST_Motor/ST_Motor_program.o
                0x000013e6                st_mot_void_steps_CW
 .text.st_mot_void_init
                0x000015ec       0x5a ./Drivers/HAL/ST_Motor/ST_Motor_program.o
                0x000015ec                st_mot_void_init
 .text.LCD_pow  0x00001646       0x5e ./Drivers/HAL/LCD/LCD_program.o
                0x00001646                LCD_pow
 .text.LCD_create_char
                0x000016a4        0x2 ./Drivers/HAL/LCD/LCD_program.o
                0x000016a4                LCD_create_char
 .text.LCD_read_data_4bit
                0x000016a6       0xba ./Drivers/HAL/LCD/LCD_program.o
                0x000016a6                LCD_read_data_4bit
 .text.LCD_function_set_4bit
                0x00001760      0x100 ./Drivers/HAL/LCD/LCD_program.o
                0x00001760                LCD_function_set_4bit
 .text.LCD_write_cmd_4bit
                0x00001860       0xe6 ./Drivers/HAL/LCD/LCD_program.o
                0x00001860                LCD_write_cmd_4bit
 .text.LCD_on   0x00001946        0xe ./Drivers/HAL/LCD/LCD_program.o
                0x00001946                LCD_on
 .text.LCD_off  0x00001954       0x1a ./Drivers/HAL/LCD/LCD_program.o
                0x00001954                LCD_off
 .text.LCD_clear
                0x0000196e       0x26 ./Drivers/HAL/LCD/LCD_program.o
                0x0000196e                LCD_clear
 .text.LCD_set_cursor
                0x00001994       0x1c ./Drivers/HAL/LCD/LCD_program.o
                0x00001994                LCD_set_cursor
 .text.LCD_init
                0x000019b0       0x82 ./Drivers/HAL/LCD/LCD_program.o
                0x000019b0                LCD_init
 .text.LCD_write_data_4bit
                0x00001a32       0xe6 ./Drivers/HAL/LCD/LCD_program.o
                0x00001a32                LCD_write_data_4bit
 .text.LCD_write_char
                0x00001b18        0xc ./Drivers/HAL/LCD/LCD_program.o
                0x00001b18                LCD_write_char
 .text.LCD_wtire_s32_number
                0x00001b24       0xf2 ./Drivers/HAL/LCD/LCD_program.o
                0x00001b24                LCD_wtire_s32_number
 .text.LCD_write_float
                0x00001c16       0xe0 ./Drivers/HAL/LCD/LCD_program.o
                0x00001c16                LCD_write_float
 .text.LCD_write_str
                0x00001cf6       0x26 ./Drivers/HAL/LCD/LCD_program.o
                0x00001cf6                LCD_write_str
 .text.LCD_read_address_8bit
                0x00001d1c       0x60 ./Drivers/HAL/LCD/LCD_program.o
                0x00001d1c                LCD_read_address_8bit
 .text.LCD_write_cmd_8bit
                0x00001d7c       0x40 ./Drivers/HAL/LCD/LCD_program.o
                0x00001d7c                LCD_write_cmd_8bit
 .text.LCD_write_data_8bit
                0x00001dbc       0x40 ./Drivers/HAL/LCD/LCD_program.o
                0x00001dbc                LCD_write_data_8bit
 .text.keypad_set_map
                0x00001dfc       0x36 ./Drivers/HAL/KEYPAD/KEYPAD_program.o
                0x00001dfc                keypad_set_map
 .text.keypad_read
                0x00001e32       0x88 ./Drivers/HAL/KEYPAD/KEYPAD_program.o
                0x00001e32                keypad_read
 .text.keypad_init
                0x00001eba       0x40 ./Drivers/HAL/KEYPAD/KEYPAD_program.o
                0x00001eba                keypad_init
 .text.DC_motor_void_CW
                0x00001efa        0x2 ./Drivers/HAL/DC_Motor/DC_Motor_program.o
                0x00001efa                DC_motor_void_CW
 .text.DC_motor_void_CCW
                0x00001efc        0x2 ./Drivers/HAL/DC_Motor/DC_Motor_program.o
                0x00001efc                DC_motor_void_CCW
 .text.DC_motor_void_stop
                0x00001efe       0x30 ./Drivers/HAL/DC_Motor/DC_Motor_program.o
                0x00001efe                DC_motor_void_stop
 .text.DC_motor_void_CCW_full_speed
                0x00001f2e       0x30 ./Drivers/HAL/DC_Motor/DC_Motor_program.o
                0x00001f2e                DC_motor_void_CCW_full_speed
 .text.DC_motor_void_CW_full_speed
                0x00001f5e       0x30 ./Drivers/HAL/DC_Motor/DC_Motor_program.o
                0x00001f5e                DC_motor_void_CW_full_speed
 .text.DC_Motor_void_init
                0x00001f8e       0x58 ./Drivers/HAL/DC_Motor/DC_Motor_program.o
                0x00001f8e                DC_Motor_void_init
 .text.libgcc   0x00001fe6       0x3e c:/c-toolchains/winavr/bin/../lib/gcc/avr/4.3.3/avr5\libgcc.a(_mulsi3.o)
                0x00001fe6                __mulsi3
 .text.libgcc   0x00002024       0x36 c:/c-toolchains/winavr/bin/../lib/gcc/avr/4.3.3/avr5\libgcc.a(_divmodsi4.o)
                0x00002024                __divmodsi4
 .text.libgcc   0x0000205a        0x0 c:/c-toolchains/winavr/bin/../lib/gcc/avr/4.3.3/avr5\libgcc.a(_exit.o)
 .text.libgcc   0x0000205a        0x0 c:/c-toolchains/winavr/bin/../lib/gcc/avr/4.3.3/avr5\libgcc.a(_copy_data.o)
 .text.libgcc   0x0000205a        0x0 c:/c-toolchains/winavr/bin/../lib/gcc/avr/4.3.3/avr5\libgcc.a(_clear_bss.o)
 .text.libgcc   0x0000205a       0x44 c:/c-toolchains/winavr/bin/../lib/gcc/avr/4.3.3/avr5\libgcc.a(_udivmodsi4.o)
                0x0000205a                __udivmodsi4
 .text.libgcc   0x0000209e       0x38 c:/c-toolchains/winavr/bin/../lib/gcc/avr/4.3.3/avr5\libgcc.a(_prologue.o)
                0x0000209e                __prologue_saves__
 .text.libgcc   0x000020d6       0x36 c:/c-toolchains/winavr/bin/../lib/gcc/avr/4.3.3/avr5\libgcc.a(_epilogue.o)
                0x000020d6                __epilogue_restores__
                0x0000210c                . = ALIGN (0x2)
 *(.fini9)
 .fini9         0x0000210c        0x0 c:/c-toolchains/winavr/bin/../lib/gcc/avr/4.3.3/avr5\libgcc.a(_exit.o)
                0x0000210c                exit
                0x0000210c                _exit
 *(.fini9)
 *(.fini8)
 *(.fini8)
 *(.fini7)
 *(.fini7)
 *(.fini6)
 *(.fini6)
 *(.fini5)
 *(.fini5)
 *(.fini4)
 *(.fini4)
 *(.fini3)
 *(.fini3)
 *(.fini2)
 *(.fini2)
 *(.fini1)
 *(.fini1)
 *(.fini0)
 .fini0         0x0000210c        0x4 c:/c-toolchains/winavr/bin/../lib/gcc/avr/4.3.3/avr5\libgcc.a(_exit.o)
 *(.fini0)
                0x00002110                _etext = .

.data           0x00800060      0x14a load address 0x00002110
                0x00800060                PROVIDE (__data_start, .)
 *(.data)
 .data          0x00800060        0x0 c:/c-toolchains/winavr/bin/../lib/gcc/avr/4.3.3/../../../../avr/lib/avr5/crtm32.o
 .data          0x00800060       0x12 ./SRS/main.o
 .data          0x00800072        0x0 ./Drivers/MCAL/EXTI/EXTI_program.o
 .data          0x00800072        0x0 ./Drivers/MCAL/DIO/DIO_program.o
 .data          0x00800072        0x0 ./Drivers/MCAL/ADC/ADC_program.o
 .data          0x00800072        0x0 ./Drivers/HAL/ST_Motor/ST_Motor_program.o
 .data          0x00800072        0x0 ./Drivers/HAL/LCD/LCD_program.o
 .data          0x00800072        0x0 ./Drivers/HAL/KEYPAD/KEYPAD_program.o
 .data          0x00800072        0x0 ./Drivers/HAL/DC_Motor/DC_Motor_program.o
 .data          0x00800072        0x0 c:/c-toolchains/winavr/bin/../lib/gcc/avr/4.3.3/avr5\libgcc.a(_mulsi3.o)
 .data          0x00800072        0x0 c:/c-toolchains/winavr/bin/../lib/gcc/avr/4.3.3/avr5\libgcc.a(_divmodsi4.o)
 .data          0x00800072        0x0 c:/c-toolchains/winavr/bin/../lib/gcc/avr/4.3.3/avr5\libgcc.a(_exit.o)
 .data          0x00800072        0x0 c:/c-toolchains/winavr/bin/../lib/gcc/avr/4.3.3/avr5\libgcc.a(_copy_data.o)
 .data          0x00800072        0x0 c:/c-toolchains/winavr/bin/../lib/gcc/avr/4.3.3/avr5\libgcc.a(_clear_bss.o)
 .data          0x00800072        0x0 c:/c-toolchains/winavr/bin/../lib/gcc/avr/4.3.3/avr5\libgcc.a(_addsub_sf.o)
 .data          0x00800072        0x0 c:/c-toolchains/winavr/bin/../lib/gcc/avr/4.3.3/avr5\libgcc.a(_mul_sf.o)
 .data          0x00800072        0x0 c:/c-toolchains/winavr/bin/../lib/gcc/avr/4.3.3/avr5\libgcc.a(_div_sf.o)
 .data          0x00800072        0x0 c:/c-toolchains/winavr/bin/../lib/gcc/avr/4.3.3/avr5\libgcc.a(_si_to_sf.o)
 .data          0x00800072        0x0 c:/c-toolchains/winavr/bin/../lib/gcc/avr/4.3.3/avr5\libgcc.a(_sf_to_si.o)
 .data          0x00800072        0x8 c:/c-toolchains/winavr/bin/../lib/gcc/avr/4.3.3/avr5\libgcc.a(_thenan_sf.o)
                0x00800072                __thenan_sf
 .data          0x0080007a        0x0 c:/c-toolchains/winavr/bin/../lib/gcc/avr/4.3.3/avr5\libgcc.a(_udivmodsi4.o)
 .data          0x0080007a        0x0 c:/c-toolchains/winavr/bin/../lib/gcc/avr/4.3.3/avr5\libgcc.a(_prologue.o)
 .data          0x0080007a        0x0 c:/c-toolchains/winavr/bin/../lib/gcc/avr/4.3.3/avr5\libgcc.a(_epilogue.o)
 .data          0x0080007a        0x0 c:/c-toolchains/winavr/bin/../lib/gcc/avr/4.3.3/avr5\libgcc.a(_clzsi2.o)
 .data          0x0080007a        0x0 c:/c-toolchains/winavr/bin/../lib/gcc/avr/4.3.3/avr5\libgcc.a(_pack_sf.o)
 .data          0x0080007a        0x0 c:/c-toolchains/winavr/bin/../lib/gcc/avr/4.3.3/avr5\libgcc.a(_unpack_sf.o)
 .data          0x0080007a      0x100 c:/c-toolchains/winavr/bin/../lib/gcc/avr/4.3.3/avr5\libgcc.a(_clz.o)
                0x0080007a                __clz_tab
 *(.data*)
 .data.DIO_PINx_REF
                0x0080017a        0x8 ./Drivers/MCAL/DIO/DIO_program.o
                0x0080017a                DIO_PINx_REF
 .data.DIO_DDRx_REF
                0x00800182        0x8 ./Drivers/MCAL/DIO/DIO_program.o
                0x00800182                DIO_DDRx_REF
 .data.DIO_PORTx_REF
                0x0080018a        0x8 ./Drivers/MCAL/DIO/DIO_program.o
                0x0080018a                DIO_PORTx_REF
 .data.keypad_map
                0x00800192       0x10 ./Drivers/HAL/KEYPAD/KEYPAD_program.o
                0x00800192                keypad_map
 *(.rodata)
 *(.rodata*)
 .rodata.steps_array
                0x008001a2        0x8 ./Drivers/HAL/ST_Motor/ST_Motor_program.o
 *(.gnu.linkonce.d*)
                0x008001aa                . = ALIGN (0x2)
                0x008001aa                _edata = .
                0x008001aa                PROVIDE (__data_end, .)

.bss            0x008001aa        0x6
                0x008001aa                PROVIDE (__bss_start, .)
 *(.bss)
 .bss           0x008001aa        0x0 c:/c-toolchains/winavr/bin/../lib/gcc/avr/4.3.3/../../../../avr/lib/avr5/crtm32.o
 .bss           0x008001aa        0x0 ./SRS/main.o
 .bss           0x008001aa        0x0 ./Drivers/MCAL/EXTI/EXTI_program.o
 .bss           0x008001aa        0x0 ./Drivers/MCAL/DIO/DIO_program.o
 .bss           0x008001aa        0x0 ./Drivers/MCAL/ADC/ADC_program.o
 .bss           0x008001aa        0x0 ./Drivers/HAL/ST_Motor/ST_Motor_program.o
 .bss           0x008001aa        0x0 ./Drivers/HAL/LCD/LCD_program.o
 .bss           0x008001aa        0x0 ./Drivers/HAL/KEYPAD/KEYPAD_program.o
 .bss           0x008001aa        0x0 ./Drivers/HAL/DC_Motor/DC_Motor_program.o
 .bss           0x008001aa        0x0 c:/c-toolchains/winavr/bin/../lib/gcc/avr/4.3.3/avr5\libgcc.a(_mulsi3.o)
 .bss           0x008001aa        0x0 c:/c-toolchains/winavr/bin/../lib/gcc/avr/4.3.3/avr5\libgcc.a(_divmodsi4.o)
 .bss           0x008001aa        0x0 c:/c-toolchains/winavr/bin/../lib/gcc/avr/4.3.3/avr5\libgcc.a(_exit.o)
 .bss           0x008001aa        0x0 c:/c-toolchains/winavr/bin/../lib/gcc/avr/4.3.3/avr5\libgcc.a(_copy_data.o)
 .bss           0x008001aa        0x0 c:/c-toolchains/winavr/bin/../lib/gcc/avr/4.3.3/avr5\libgcc.a(_clear_bss.o)
 .bss           0x008001aa        0x0 c:/c-toolchains/winavr/bin/../lib/gcc/avr/4.3.3/avr5\libgcc.a(_addsub_sf.o)
 .bss           0x008001aa        0x0 c:/c-toolchains/winavr/bin/../lib/gcc/avr/4.3.3/avr5\libgcc.a(_mul_sf.o)
 .bss           0x008001aa        0x0 c:/c-toolchains/winavr/bin/../lib/gcc/avr/4.3.3/avr5\libgcc.a(_div_sf.o)
 .bss           0x008001aa        0x0 c:/c-toolchains/winavr/bin/../lib/gcc/avr/4.3.3/avr5\libgcc.a(_si_to_sf.o)
 .bss           0x008001aa        0x0 c:/c-toolchains/winavr/bin/../lib/gcc/avr/4.3.3/avr5\libgcc.a(_sf_to_si.o)
 .bss           0x008001aa        0x0 c:/c-toolchains/winavr/bin/../lib/gcc/avr/4.3.3/avr5\libgcc.a(_thenan_sf.o)
 .bss           0x008001aa        0x0 c:/c-toolchains/winavr/bin/../lib/gcc/avr/4.3.3/avr5\libgcc.a(_udivmodsi4.o)
 .bss           0x008001aa        0x0 c:/c-toolchains/winavr/bin/../lib/gcc/avr/4.3.3/avr5\libgcc.a(_prologue.o)
 .bss           0x008001aa        0x0 c:/c-toolchains/winavr/bin/../lib/gcc/avr/4.3.3/avr5\libgcc.a(_epilogue.o)
 .bss           0x008001aa        0x0 c:/c-toolchains/winavr/bin/../lib/gcc/avr/4.3.3/avr5\libgcc.a(_clzsi2.o)
 .bss           0x008001aa        0x0 c:/c-toolchains/winavr/bin/../lib/gcc/avr/4.3.3/avr5\libgcc.a(_pack_sf.o)
 .bss           0x008001aa        0x0 c:/c-toolchains/winavr/bin/../lib/gcc/avr/4.3.3/avr5\libgcc.a(_unpack_sf.o)
 .bss           0x008001aa        0x0 c:/c-toolchains/winavr/bin/../lib/gcc/avr/4.3.3/avr5\libgcc.a(_clz.o)
 *(.bss*)
 *(COMMON)
 COMMON         0x008001aa        0x6 ./Drivers/MCAL/EXTI/EXTI_program.o
                0x008001aa                call_back_function
                0x008001b0                PROVIDE (__bss_end, .)
                0x00002110                __data_load_start = LOADADDR (.data)
                0x0000225a                __data_load_end = (__data_load_start + SIZEOF (.data))

.noinit         0x008001b0        0x0
                0x008001b0                PROVIDE (__noinit_start, .)
 *(.noinit*)
                0x008001b0                PROVIDE (__noinit_end, .)
                0x008001b0                _end = .
                0x008001b0                PROVIDE (__heap_start, .)

.eeprom         0x00810000        0x0
 *(.eeprom*)
                0x00810000                __eeprom_end = .

.fuse
 *(.fuse)
 *(.lfuse)
 *(.hfuse)
 *(.efuse)

.lock
 *(.lock*)

.signature
 *(.signature*)

.stab
 *(.stab)

.stabstr
 *(.stabstr)

.stab.excl
 *(.stab.excl)

.stab.exclstr
 *(.stab.exclstr)

.stab.index
 *(.stab.index)

.stab.indexstr
 *(.stab.indexstr)

.comment
 *(.comment)

.debug
 *(.debug)

.line
 *(.line)

.debug_srcinfo
 *(.debug_srcinfo)

.debug_sfnames
 *(.debug_sfnames)

.debug_aranges  0x00000000      0x100
 *(.debug_aranges)
 .debug_aranges
                0x00000000       0x20 c:/c-toolchains/winavr/bin/../lib/gcc/avr/4.3.3/avr5\libgcc.a(_addsub_sf.o)
 .debug_aranges
                0x00000020       0x20 c:/c-toolchains/winavr/bin/../lib/gcc/avr/4.3.3/avr5\libgcc.a(_mul_sf.o)
 .debug_aranges
                0x00000040       0x20 c:/c-toolchains/winavr/bin/../lib/gcc/avr/4.3.3/avr5\libgcc.a(_div_sf.o)
 .debug_aranges
                0x00000060       0x20 c:/c-toolchains/winavr/bin/../lib/gcc/avr/4.3.3/avr5\libgcc.a(_si_to_sf.o)
 .debug_aranges
                0x00000080       0x20 c:/c-toolchains/winavr/bin/../lib/gcc/avr/4.3.3/avr5\libgcc.a(_sf_to_si.o)
 .debug_aranges
                0x000000a0       0x20 c:/c-toolchains/winavr/bin/../lib/gcc/avr/4.3.3/avr5\libgcc.a(_clzsi2.o)
 .debug_aranges
                0x000000c0       0x20 c:/c-toolchains/winavr/bin/../lib/gcc/avr/4.3.3/avr5\libgcc.a(_pack_sf.o)
 .debug_aranges
                0x000000e0       0x20 c:/c-toolchains/winavr/bin/../lib/gcc/avr/4.3.3/avr5\libgcc.a(_unpack_sf.o)

.debug_pubnames
                0x00000000      0x14d
 *(.debug_pubnames)
 .debug_pubnames
                0x00000000       0x2c c:/c-toolchains/winavr/bin/../lib/gcc/avr/4.3.3/avr5\libgcc.a(_addsub_sf.o)
 .debug_pubnames
                0x0000002c       0x1f c:/c-toolchains/winavr/bin/../lib/gcc/avr/4.3.3/avr5\libgcc.a(_mul_sf.o)
 .debug_pubnames
                0x0000004b       0x1f c:/c-toolchains/winavr/bin/../lib/gcc/avr/4.3.3/avr5\libgcc.a(_div_sf.o)
 .debug_pubnames
                0x0000006a       0x22 c:/c-toolchains/winavr/bin/../lib/gcc/avr/4.3.3/avr5\libgcc.a(_si_to_sf.o)
 .debug_pubnames
                0x0000008c       0x20 c:/c-toolchains/winavr/bin/../lib/gcc/avr/4.3.3/avr5\libgcc.a(_sf_to_si.o)
 .debug_pubnames
                0x000000ac       0x22 c:/c-toolchains/winavr/bin/../lib/gcc/avr/4.3.3/avr5\libgcc.a(_thenan_sf.o)
 .debug_pubnames
                0x000000ce       0x1f c:/c-toolchains/winavr/bin/../lib/gcc/avr/4.3.3/avr5\libgcc.a(_clzsi2.o)
 .debug_pubnames
                0x000000ed       0x1f c:/c-toolchains/winavr/bin/../lib/gcc/avr/4.3.3/avr5\libgcc.a(_pack_sf.o)
 .debug_pubnames
                0x0000010c       0x21 c:/c-toolchains/winavr/bin/../lib/gcc/avr/4.3.3/avr5\libgcc.a(_unpack_sf.o)
 .debug_pubnames
                0x0000012d       0x20 c:/c-toolchains/winavr/bin/../lib/gcc/avr/4.3.3/avr5\libgcc.a(_clz.o)

.debug_info     0x00000000     0x19ce
 *(.debug_info)
 .debug_info    0x00000000      0x47a c:/c-toolchains/winavr/bin/../lib/gcc/avr/4.3.3/avr5\libgcc.a(_addsub_sf.o)
 .debug_info    0x0000047a      0x485 c:/c-toolchains/winavr/bin/../lib/gcc/avr/4.3.3/avr5\libgcc.a(_mul_sf.o)
 .debug_info    0x000008ff      0x3fc c:/c-toolchains/winavr/bin/../lib/gcc/avr/4.3.3/avr5\libgcc.a(_div_sf.o)
 .debug_info    0x00000cfb      0x207 c:/c-toolchains/winavr/bin/../lib/gcc/avr/4.3.3/avr5\libgcc.a(_si_to_sf.o)
 .debug_info    0x00000f02      0x2b0 c:/c-toolchains/winavr/bin/../lib/gcc/avr/4.3.3/avr5\libgcc.a(_sf_to_si.o)
 .debug_info    0x000011b2      0x12c c:/c-toolchains/winavr/bin/../lib/gcc/avr/4.3.3/avr5\libgcc.a(_thenan_sf.o)
 .debug_info    0x000012de      0x117 c:/c-toolchains/winavr/bin/../lib/gcc/avr/4.3.3/avr5\libgcc.a(_clzsi2.o)
 .debug_info    0x000013f5      0x2df c:/c-toolchains/winavr/bin/../lib/gcc/avr/4.3.3/avr5\libgcc.a(_pack_sf.o)
 .debug_info    0x000016d4      0x251 c:/c-toolchains/winavr/bin/../lib/gcc/avr/4.3.3/avr5\libgcc.a(_unpack_sf.o)
 .debug_info    0x00001925       0xa9 c:/c-toolchains/winavr/bin/../lib/gcc/avr/4.3.3/avr5\libgcc.a(_clz.o)
 *(.gnu.linkonce.wi.*)

.debug_abbrev   0x00000000      0xdd1
 *(.debug_abbrev)
 .debug_abbrev  0x00000000      0x1ea c:/c-toolchains/winavr/bin/../lib/gcc/avr/4.3.3/avr5\libgcc.a(_addsub_sf.o)
 .debug_abbrev  0x000001ea      0x21b c:/c-toolchains/winavr/bin/../lib/gcc/avr/4.3.3/avr5\libgcc.a(_mul_sf.o)
 .debug_abbrev  0x00000405      0x216 c:/c-toolchains/winavr/bin/../lib/gcc/avr/4.3.3/avr5\libgcc.a(_div_sf.o)
 .debug_abbrev  0x0000061b      0x148 c:/c-toolchains/winavr/bin/../lib/gcc/avr/4.3.3/avr5\libgcc.a(_si_to_sf.o)
 .debug_abbrev  0x00000763      0x17f c:/c-toolchains/winavr/bin/../lib/gcc/avr/4.3.3/avr5\libgcc.a(_sf_to_si.o)
 .debug_abbrev  0x000008e2       0xad c:/c-toolchains/winavr/bin/../lib/gcc/avr/4.3.3/avr5\libgcc.a(_thenan_sf.o)
 .debug_abbrev  0x0000098f       0xc4 c:/c-toolchains/winavr/bin/../lib/gcc/avr/4.3.3/avr5\libgcc.a(_clzsi2.o)
 .debug_abbrev  0x00000a53      0x1c0 c:/c-toolchains/winavr/bin/../lib/gcc/avr/4.3.3/avr5\libgcc.a(_pack_sf.o)
 .debug_abbrev  0x00000c13      0x154 c:/c-toolchains/winavr/bin/../lib/gcc/avr/4.3.3/avr5\libgcc.a(_unpack_sf.o)
 .debug_abbrev  0x00000d67       0x6a c:/c-toolchains/winavr/bin/../lib/gcc/avr/4.3.3/avr5\libgcc.a(_clz.o)

.debug_line     0x00000000      0xd81
 *(.debug_line)
 .debug_line    0x00000000      0x2af c:/c-toolchains/winavr/bin/../lib/gcc/avr/4.3.3/avr5\libgcc.a(_addsub_sf.o)
 .debug_line    0x000002af      0x239 c:/c-toolchains/winavr/bin/../lib/gcc/avr/4.3.3/avr5\libgcc.a(_mul_sf.o)
 .debug_line    0x000004e8      0x1d5 c:/c-toolchains/winavr/bin/../lib/gcc/avr/4.3.3/avr5\libgcc.a(_div_sf.o)
 .debug_line    0x000006bd      0x135 c:/c-toolchains/winavr/bin/../lib/gcc/avr/4.3.3/avr5\libgcc.a(_si_to_sf.o)
 .debug_line    0x000007f2      0x109 c:/c-toolchains/winavr/bin/../lib/gcc/avr/4.3.3/avr5\libgcc.a(_sf_to_si.o)
 .debug_line    0x000008fb       0x90 c:/c-toolchains/winavr/bin/../lib/gcc/avr/4.3.3/avr5\libgcc.a(_thenan_sf.o)
 .debug_line    0x0000098b       0xa5 c:/c-toolchains/winavr/bin/../lib/gcc/avr/4.3.3/avr5\libgcc.a(_clzsi2.o)
 .debug_line    0x00000a30      0x18a c:/c-toolchains/winavr/bin/../lib/gcc/avr/4.3.3/avr5\libgcc.a(_pack_sf.o)
 .debug_line    0x00000bba      0x14b c:/c-toolchains/winavr/bin/../lib/gcc/avr/4.3.3/avr5\libgcc.a(_unpack_sf.o)
 .debug_line    0x00000d05       0x7c c:/c-toolchains/winavr/bin/../lib/gcc/avr/4.3.3/avr5\libgcc.a(_clz.o)

.debug_frame    0x00000000      0x120
 *(.debug_frame)
 .debug_frame   0x00000000       0x40 c:/c-toolchains/winavr/bin/../lib/gcc/avr/4.3.3/avr5\libgcc.a(_addsub_sf.o)
 .debug_frame   0x00000040       0x20 c:/c-toolchains/winavr/bin/../lib/gcc/avr/4.3.3/avr5\libgcc.a(_mul_sf.o)
 .debug_frame   0x00000060       0x20 c:/c-toolchains/winavr/bin/../lib/gcc/avr/4.3.3/avr5\libgcc.a(_div_sf.o)
 .debug_frame   0x00000080       0x20 c:/c-toolchains/winavr/bin/../lib/gcc/avr/4.3.3/avr5\libgcc.a(_si_to_sf.o)
 .debug_frame   0x000000a0       0x20 c:/c-toolchains/winavr/bin/../lib/gcc/avr/4.3.3/avr5\libgcc.a(_sf_to_si.o)
 .debug_frame   0x000000c0       0x20 c:/c-toolchains/winavr/bin/../lib/gcc/avr/4.3.3/avr5\libgcc.a(_clzsi2.o)
 .debug_frame   0x000000e0       0x20 c:/c-toolchains/winavr/bin/../lib/gcc/avr/4.3.3/avr5\libgcc.a(_pack_sf.o)
 .debug_frame   0x00000100       0x20 c:/c-toolchains/winavr/bin/../lib/gcc/avr/4.3.3/avr5\libgcc.a(_unpack_sf.o)

.debug_str      0x00000000      0x2be
 *(.debug_str)
 .debug_str     0x00000000      0x19e c:/c-toolchains/winavr/bin/../lib/gcc/avr/4.3.3/avr5\libgcc.a(_addsub_sf.o)
                                0x206 (size before relaxing)
 .debug_str     0x0000019e       0x27 c:/c-toolchains/winavr/bin/../lib/gcc/avr/4.3.3/avr5\libgcc.a(_mul_sf.o)
                                0x1bf (size before relaxing)
 .debug_str     0x000001c5       0x35 c:/c-toolchains/winavr/bin/../lib/gcc/avr/4.3.3/avr5\libgcc.a(_div_sf.o)
                                0x1c8 (size before relaxing)
 .debug_str     0x000001fa       0x1e c:/c-toolchains/winavr/bin/../lib/gcc/avr/4.3.3/avr5\libgcc.a(_si_to_sf.o)
                                0x17b (size before relaxing)
 .debug_str     0x00000218        0xa c:/c-toolchains/winavr/bin/../lib/gcc/avr/4.3.3/avr5\libgcc.a(_sf_to_si.o)
                                0x19e (size before relaxing)
 .debug_str     0x00000000      0x103 c:/c-toolchains/winavr/bin/../lib/gcc/avr/4.3.3/avr5\libgcc.a(_thenan_sf.o)
 .debug_str     0x00000222       0x81 c:/c-toolchains/winavr/bin/../lib/gcc/avr/4.3.3/avr5\libgcc.a(_clzsi2.o)
                                0x111 (size before relaxing)
 .debug_str     0x000002a3       0x10 c:/c-toolchains/winavr/bin/../lib/gcc/avr/4.3.3/avr5\libgcc.a(_pack_sf.o)
                                0x19d (size before relaxing)
 .debug_str     0x000002b3        0xb c:/c-toolchains/winavr/bin/../lib/gcc/avr/4.3.3/avr5\libgcc.a(_unpack_sf.o)
                                0x17f (size before relaxing)
 .debug_str     0x00000000       0xf4 c:/c-toolchains/winavr/bin/../lib/gcc/avr/4.3.3/avr5\libgcc.a(_clz.o)

.debug_loc      0x00000000      0x896
 *(.debug_loc)
 .debug_loc     0x00000000      0x32a c:/c-toolchains/winavr/bin/../lib/gcc/avr/4.3.3/avr5\libgcc.a(_addsub_sf.o)
 .debug_loc     0x0000032a      0x104 c:/c-toolchains/winavr/bin/../lib/gcc/avr/4.3.3/avr5\libgcc.a(_mul_sf.o)
 .debug_loc     0x0000042e       0xc0 c:/c-toolchains/winavr/bin/../lib/gcc/avr/4.3.3/avr5\libgcc.a(_div_sf.o)
 .debug_loc     0x000004ee       0xac c:/c-toolchains/winavr/bin/../lib/gcc/avr/4.3.3/avr5\libgcc.a(_si_to_sf.o)
 .debug_loc     0x0000059a       0x7e c:/c-toolchains/winavr/bin/../lib/gcc/avr/4.3.3/avr5\libgcc.a(_sf_to_si.o)
 .debug_loc     0x00000618       0x94 c:/c-toolchains/winavr/bin/../lib/gcc/avr/4.3.3/avr5\libgcc.a(_clzsi2.o)
 .debug_loc     0x000006ac      0x13e c:/c-toolchains/winavr/bin/../lib/gcc/avr/4.3.3/avr5\libgcc.a(_pack_sf.o)
 .debug_loc     0x000007ea       0xac c:/c-toolchains/winavr/bin/../lib/gcc/avr/4.3.3/avr5\libgcc.a(_unpack_sf.o)

.debug_macinfo
 *(.debug_macinfo)
OUTPUT(APP_13_LCD-Driver.elf elf32-avr)
LOAD linker stubs

.debug_ranges   0x00000000       0x50
 .debug_ranges  0x00000000       0x50 c:/c-toolchains/winavr/bin/../lib/gcc/avr/4.3.3/avr5\libgcc.a(_mul_sf.o)
