Archive member included because of file (symbol)

d:/engineering/embedded/imt_dip/embedded-tools/winavr/bin/../lib/gcc/avr/4.3.3/avr5\libgcc.a(_exit.o)
                              d:/engineering/embedded/imt_dip/embedded-tools/winavr/bin/../lib/gcc/avr/4.3.3/../../../../avr/lib/avr5/crtm32.o (exit)
d:/engineering/embedded/imt_dip/embedded-tools/winavr/bin/../lib/gcc/avr/4.3.3/avr5\libgcc.a(_copy_data.o)
                              ./SRS/main.o (__do_copy_data)
d:/engineering/embedded/imt_dip/embedded-tools/winavr/bin/../lib/gcc/avr/4.3.3/avr5\libgcc.a(_clear_bss.o)
                              ./SRS/main.o (__do_clear_bss)
d:/engineering/embedded/imt_dip/embedded-tools/winavr/bin/../lib/gcc/avr/4.3.3/../../../../avr/lib/avr5\libc.a(memcpy.o)
                              ./FreeRTOS/queue.o (memcpy)

Allocating common symbols
Common symbol       size              file

x_sem               0x2               ./SRS/main.o

Memory Configuration

Name             Origin             Length             Attributes
text             0x00000000         0x00020000         xr
data             0x00800060         0x0000ffa0         rw !x
eeprom           0x00810000         0x00010000         rw !x
fuse             0x00820000         0x00000400         rw !x
lock             0x00830000         0x00000400         rw !x
signature        0x00840000         0x00000400         rw !x
*default*        0x00000000         0xffffffff

Linker script and memory map

LOAD d:/engineering/embedded/imt_dip/embedded-tools/winavr/bin/../lib/gcc/avr/4.3.3/../../../../avr/lib/avr5/crtm32.o
LOAD ./SRS/main.o
LOAD ./FreeRTOS/croutine.o
LOAD ./FreeRTOS/event_groups.o
LOAD ./FreeRTOS/heap_1.o
LOAD ./FreeRTOS/list.o
LOAD ./FreeRTOS/port.o
LOAD ./FreeRTOS/queue.o
LOAD ./FreeRTOS/tasks.o
LOAD ./FreeRTOS/timers.o
LOAD ./DIO/DIO_program.o
LOAD d:/engineering/embedded/imt_dip/embedded-tools/winavr/bin/../lib/gcc/avr/4.3.3/avr5\libgcc.a
LOAD d:/engineering/embedded/imt_dip/embedded-tools/winavr/bin/../lib/gcc/avr/4.3.3/../../../../avr/lib/avr5\libc.a
LOAD d:/engineering/embedded/imt_dip/embedded-tools/winavr/bin/../lib/gcc/avr/4.3.3/avr5\libgcc.a

.hash
 *(.hash)

.dynsym
 *(.dynsym)

.dynstr
 *(.dynstr)

.gnu.version
 *(.gnu.version)

.gnu.version_d
 *(.gnu.version_d)

.gnu.version_r
 *(.gnu.version_r)

.rel.init
 *(.rel.init)

.rela.init
 *(.rela.init)

.rel.text
 *(.rel.text)
 *(.rel.text.*)
 *(.rel.gnu.linkonce.t*)

.rela.text
 *(.rela.text)
 *(.rela.text.*)
 *(.rela.gnu.linkonce.t*)

.rel.fini
 *(.rel.fini)

.rela.fini
 *(.rela.fini)

.rel.rodata
 *(.rel.rodata)
 *(.rel.rodata.*)
 *(.rel.gnu.linkonce.r*)

.rela.rodata
 *(.rela.rodata)
 *(.rela.rodata.*)
 *(.rela.gnu.linkonce.r*)

.rel.data
 *(.rel.data)
 *(.rel.data.*)
 *(.rel.gnu.linkonce.d*)

.rela.data
 *(.rela.data)
 *(.rela.data.*)
 *(.rela.gnu.linkonce.d*)

.rel.ctors
 *(.rel.ctors)

.rela.ctors
 *(.rela.ctors)

.rel.dtors
 *(.rel.dtors)

.rela.dtors
 *(.rela.dtors)

.rel.got
 *(.rel.got)

.rela.got
 *(.rela.got)

.rel.bss
 *(.rel.bss)

.rela.bss
 *(.rela.bss)

.rel.plt
 *(.rel.plt)

.rela.plt
 *(.rela.plt)

.text           0x00000000     0x21f8
 *(.vectors)
 .vectors       0x00000000       0x54 d:/engineering/embedded/imt_dip/embedded-tools/winavr/bin/../lib/gcc/avr/4.3.3/../../../../avr/lib/avr5/crtm32.o
                0x00000000                __vectors
                0x00000000                __vector_default
 *(.vectors)
 *(.progmem.gcc*)
 *(.progmem*)
                0x00000054                . = ALIGN (0x2)
                0x00000054                __trampolines_start = .
 *(.trampolines)
 .trampolines   0x00000054        0x0 linker stubs
 *(.trampolines*)
                0x00000054                __trampolines_end = .
 *(.jumptables)
 *(.jumptables*)
 *(.lowtext)
 *(.lowtext*)
                0x00000054                __ctors_start = .
 *(.ctors)
                0x00000054                __ctors_end = .
                0x00000054                __dtors_start = .
 *(.dtors)
                0x00000054                __dtors_end = .
 SORT(*)(.ctors)
 SORT(*)(.dtors)
 *(.init0)
 .init0         0x00000054        0x0 d:/engineering/embedded/imt_dip/embedded-tools/winavr/bin/../lib/gcc/avr/4.3.3/../../../../avr/lib/avr5/crtm32.o
                0x00000054                __init
 *(.init0)
 *(.init1)
 *(.init1)
 *(.init2)
 .init2         0x00000054        0xc d:/engineering/embedded/imt_dip/embedded-tools/winavr/bin/../lib/gcc/avr/4.3.3/../../../../avr/lib/avr5/crtm32.o
 *(.init2)
 *(.init3)
 *(.init3)
 *(.init4)
 .init4         0x00000060       0x16 d:/engineering/embedded/imt_dip/embedded-tools/winavr/bin/../lib/gcc/avr/4.3.3/avr5\libgcc.a(_copy_data.o)
                0x00000060                __do_copy_data
 .init4         0x00000076       0x10 d:/engineering/embedded/imt_dip/embedded-tools/winavr/bin/../lib/gcc/avr/4.3.3/avr5\libgcc.a(_clear_bss.o)
                0x00000076                __do_clear_bss
 *(.init4)
 *(.init5)
 *(.init5)
 *(.init6)
 *(.init6)
 *(.init7)
 *(.init7)
 *(.init8)
 *(.init8)
 *(.init9)
 .init9         0x00000086        0x8 d:/engineering/embedded/imt_dip/embedded-tools/winavr/bin/../lib/gcc/avr/4.3.3/../../../../avr/lib/avr5/crtm32.o
 *(.init9)
 *(.text)
 .text          0x0000008e        0x4 d:/engineering/embedded/imt_dip/embedded-tools/winavr/bin/../lib/gcc/avr/4.3.3/../../../../avr/lib/avr5/crtm32.o
                0x0000008e                __vector_1
                0x0000008e                __vector_12
                0x0000008e                __bad_interrupt
                0x0000008e                __vector_6
                0x0000008e                __vector_3
                0x0000008e                __vector_11
                0x0000008e                __vector_13
                0x0000008e                __vector_17
                0x0000008e                __vector_19
                0x0000008e                __vector_5
                0x0000008e                __vector_4
                0x0000008e                __vector_9
                0x0000008e                __vector_2
                0x0000008e                __vector_15
                0x0000008e                __vector_8
                0x0000008e                __vector_14
                0x0000008e                __vector_10
                0x0000008e                __vector_16
                0x0000008e                __vector_18
                0x0000008e                __vector_20
 .text          0x00000092        0x0 ./SRS/main.o
 .text          0x00000092        0x0 ./FreeRTOS/croutine.o
 .text          0x00000092        0x0 ./FreeRTOS/event_groups.o
 .text          0x00000092        0x0 ./FreeRTOS/heap_1.o
 .text          0x00000092        0x0 ./FreeRTOS/list.o
 .text          0x00000092        0x0 ./FreeRTOS/port.o
 .text          0x00000092        0x0 ./FreeRTOS/queue.o
 .text          0x00000092        0x0 ./FreeRTOS/tasks.o
 .text          0x00000092        0x0 ./FreeRTOS/timers.o
 .text          0x00000092        0x0 ./DIO/DIO_program.o
 .text          0x00000092        0x0 d:/engineering/embedded/imt_dip/embedded-tools/winavr/bin/../lib/gcc/avr/4.3.3/avr5\libgcc.a(_exit.o)
 .text          0x00000092        0x0 d:/engineering/embedded/imt_dip/embedded-tools/winavr/bin/../lib/gcc/avr/4.3.3/avr5\libgcc.a(_copy_data.o)
 .text          0x00000092        0x0 d:/engineering/embedded/imt_dip/embedded-tools/winavr/bin/../lib/gcc/avr/4.3.3/avr5\libgcc.a(_clear_bss.o)
 .text          0x00000092        0x0 d:/engineering/embedded/imt_dip/embedded-tools/winavr/bin/../lib/gcc/avr/4.3.3/../../../../avr/lib/avr5\libc.a(memcpy.o)
                0x00000092                . = ALIGN (0x2)
 *(.text.*)
 .text.task_2   0x00000092       0x30 ./SRS/main.o
                0x00000092                task_2
 .text.task_1   0x000000c2       0x50 ./SRS/main.o
                0x000000c2                task_1
 .text.main     0x00000112       0x60 ./SRS/main.o
                0x00000112                main
 .text.xEventGroupClearBits
                0x00000172       0x20 ./FreeRTOS/event_groups.o
                0x00000172                xEventGroupClearBits
 .text.xEventGroupGetBitsFromISR
                0x00000192        0x8 ./FreeRTOS/event_groups.o
                0x00000192                xEventGroupGetBitsFromISR
 .text.vEventGroupClearBitsCallback
                0x0000019a        0x8 ./FreeRTOS/event_groups.o
                0x0000019a                vEventGroupClearBitsCallback
 .text.vEventGroupDelete
                0x000001a2       0x2e ./FreeRTOS/event_groups.o
                0x000001a2                vEventGroupDelete
 .text.xEventGroupSetBits
                0x000001d0       0xb0 ./FreeRTOS/event_groups.o
                0x000001d0                xEventGroupSetBits
 .text.vEventGroupSetBitsCallback
                0x00000280        0x8 ./FreeRTOS/event_groups.o
                0x00000280                vEventGroupSetBitsCallback
 .text.xEventGroupWaitBits
                0x00000288       0xfe ./FreeRTOS/event_groups.o
                0x00000288                xEventGroupWaitBits
 .text.xEventGroupSync
                0x00000386       0xd6 ./FreeRTOS/event_groups.o
                0x00000386                xEventGroupSync
 .text.xEventGroupCreate
                0x0000045c       0x26 ./FreeRTOS/event_groups.o
                0x0000045c                xEventGroupCreate
 .text.vPortFree
                0x00000482        0x2 ./FreeRTOS/heap_1.o
                0x00000482                vPortFree
 .text.vPortInitialiseBlocks
                0x00000484        0xa ./FreeRTOS/heap_1.o
                0x00000484                vPortInitialiseBlocks
 .text.xPortGetFreeHeapSize
                0x0000048e       0x14 ./FreeRTOS/heap_1.o
                0x0000048e                xPortGetFreeHeapSize
 .text.pvPortMalloc
                0x000004a2       0x64 ./FreeRTOS/heap_1.o
                0x000004a2                pvPortMalloc
 .text.vListInitialise
                0x00000506       0x20 ./FreeRTOS/list.o
                0x00000506                vListInitialise
 .text.vListInitialiseItem
                0x00000526        0x8 ./FreeRTOS/list.o
                0x00000526                vListInitialiseItem
 .text.vListInsertEnd
                0x0000052e       0x3e ./FreeRTOS/list.o
                0x0000052e                vListInsertEnd
 .text.vListInsert
                0x0000056c       0x64 ./FreeRTOS/list.o
                0x0000056c                vListInsert
 .text.uxListRemove
                0x000005d0       0x56 ./FreeRTOS/list.o
                0x000005d0                uxListRemove
 .text.pxPortInitialiseStack
                0x00000626       0x90 ./FreeRTOS/port.o
                0x00000626                pxPortInitialiseStack
 .text.xPortStartScheduler
                0x000006b6       0x6a ./FreeRTOS/port.o
                0x000006b6                xPortStartScheduler
 .text.vPortEndScheduler
                0x00000720        0x2 ./FreeRTOS/port.o
                0x00000720                vPortEndScheduler
 .text.vPortYieldFromTick
                0x00000722       0xba ./FreeRTOS/port.o
                0x00000722                vPortYieldFromTick
 .text.__vector_7
                0x000007dc        0x6 ./FreeRTOS/port.o
                0x000007dc                __vector_7
 .text.vPortYield
                0x000007e2       0xb2 ./FreeRTOS/port.o
                0x000007e2                vPortYield
 .text.uxQueueMessagesWaiting
                0x00000894       0x10 ./FreeRTOS/queue.o
                0x00000894                uxQueueMessagesWaiting
 .text.uxQueueSpacesAvailable
                0x000008a4       0x14 ./FreeRTOS/queue.o
                0x000008a4                uxQueueSpacesAvailable
 .text.uxQueueMessagesWaitingFromISR
                0x000008b8        0x6 ./FreeRTOS/queue.o
                0x000008b8                uxQueueMessagesWaitingFromISR
 .text.xQueueIsQueueEmptyFromISR
                0x000008be       0x10 ./FreeRTOS/queue.o
                0x000008be                xQueueIsQueueEmptyFromISR
 .text.xQueueIsQueueFullFromISR
                0x000008ce       0x12 ./FreeRTOS/queue.o
                0x000008ce                xQueueIsQueueFullFromISR
 .text.vQueueDelete
                0x000008e0        0x6 ./FreeRTOS/queue.o
                0x000008e0                vQueueDelete
 .text.prvCopyDataFromQueue
                0x000008e6       0x3c ./FreeRTOS/queue.o
 .text.xQueuePeekFromISR
                0x00000922       0x2a ./FreeRTOS/queue.o
                0x00000922                xQueuePeekFromISR
 .text.prvCopyDataToQueue
                0x0000094c       0x94 ./FreeRTOS/queue.o
 .text.xQueueReceiveFromISR
                0x000009e0       0x5c ./FreeRTOS/queue.o
                0x000009e0                xQueueReceiveFromISR
 .text.xQueueGiveFromISR
                0x00000a3c       0x46 ./FreeRTOS/queue.o
                0x00000a3c                xQueueGiveFromISR
 .text.xQueueGenericSendFromISR
                0x00000a82       0x5e ./FreeRTOS/queue.o
                0x00000a82                xQueueGenericSendFromISR
 .text.prvUnlockQueue
                0x00000ae0       0x84 ./FreeRTOS/queue.o
 .text.xQueuePeek
                0x00000b64      0x152 ./FreeRTOS/queue.o
                0x00000b64                xQueuePeek
 .text.xQueueSemaphoreTake
                0x00000cb6      0x13e ./FreeRTOS/queue.o
                0x00000cb6                xQueueSemaphoreTake
 .text.xQueueReceive
                0x00000df4      0x156 ./FreeRTOS/queue.o
                0x00000df4                xQueueReceive
 .text.xQueueGenericSend
                0x00000f4a      0x156 ./FreeRTOS/queue.o
                0x00000f4a                xQueueGenericSend
 .text.xQueueGenericReset
                0x000010a0       0x84 ./FreeRTOS/queue.o
                0x000010a0                xQueueGenericReset
 .text.xQueueGenericCreate
                0x00001124       0x50 ./FreeRTOS/queue.o
                0x00001124                xQueueGenericCreate
 .text.vTaskSuspendAll
                0x00001174        0xc ./FreeRTOS/tasks.o
                0x00001174                vTaskSuspendAll
 .text.xTaskGetTickCount
                0x00001180       0x16 ./FreeRTOS/tasks.o
                0x00001180                xTaskGetTickCount
 .text.xTaskGetTickCountFromISR
                0x00001196        0xc ./FreeRTOS/tasks.o
                0x00001196                xTaskGetTickCountFromISR
 .text.uxTaskGetNumberOfTasks
                0x000011a2        0x6 ./FreeRTOS/tasks.o
                0x000011a2                uxTaskGetNumberOfTasks
 .text.pcTaskGetName
                0x000011a8       0x16 ./FreeRTOS/tasks.o
                0x000011a8                pcTaskGetName
 .text.vTaskSwitchContext
                0x000011be       0x74 ./FreeRTOS/tasks.o
                0x000011be                vTaskSwitchContext
 .text.vTaskSetTimeOutState
                0x00001232       0x20 ./FreeRTOS/tasks.o
                0x00001232                vTaskSetTimeOutState
 .text.vTaskInternalSetTimeOutState
                0x00001252       0x16 ./FreeRTOS/tasks.o
                0x00001252                vTaskInternalSetTimeOutState
 .text.xTaskCheckForTimeOut
                0x00001268       0x64 ./FreeRTOS/tasks.o
                0x00001268                xTaskCheckForTimeOut
 .text.vTaskMissedYield
                0x000012cc        0x8 ./FreeRTOS/tasks.o
                0x000012cc                vTaskMissedYield
 .text.uxTaskResetEventItemValue
                0x000012d4       0x30 ./FreeRTOS/tasks.o
                0x000012d4                uxTaskResetEventItemValue
 .text.xTaskNotifyStateClear
                0x00001304       0x2a ./FreeRTOS/tasks.o
                0x00001304                xTaskNotifyStateClear
 .text.vTaskNotifyGiveFromISR
                0x0000132e       0xa0 ./FreeRTOS/tasks.o
                0x0000132e                vTaskNotifyGiveFromISR
 .text.xTaskGenericNotifyFromISR
                0x000013ce       0xf6 ./FreeRTOS/tasks.o
                0x000013ce                xTaskGenericNotifyFromISR
 .text.vTaskRemoveFromUnorderedEventList
                0x000014c4       0x64 ./FreeRTOS/tasks.o
                0x000014c4                vTaskRemoveFromUnorderedEventList
 .text.xTaskRemoveFromEventList
                0x00001528       0x80 ./FreeRTOS/tasks.o
                0x00001528                xTaskRemoveFromEventList
 .text.xTaskIncrementTick
                0x000015a8      0x188 ./FreeRTOS/tasks.o
                0x000015a8                xTaskIncrementTick
 .text.xTaskGenericNotify
                0x00001730       0xd4 ./FreeRTOS/tasks.o
                0x00001730                xTaskGenericNotify
 .text.xTaskResumeAll
                0x00001804      0x112 ./FreeRTOS/tasks.o
                0x00001804                xTaskResumeAll
 .text.prvAddCurrentTaskToDelayedList
                0x00001916       0x88 ./FreeRTOS/tasks.o
 .text.xTaskNotifyWait
                0x0000199e      0x10e ./FreeRTOS/tasks.o
                0x0000199e                xTaskNotifyWait
 .text.ulTaskNotifyTake
                0x00001aac       0xb0 ./FreeRTOS/tasks.o
                0x00001aac                ulTaskNotifyTake
 .text.vTaskPlaceOnUnorderedEventList
                0x00001b5c       0x32 ./FreeRTOS/tasks.o
                0x00001b5c                vTaskPlaceOnUnorderedEventList
 .text.vTaskDelay
                0x00001b8e       0x26 ./FreeRTOS/tasks.o
                0x00001b8e                vTaskDelay
 .text.vTaskDelayUntil
                0x00001bb4       0x5e ./FreeRTOS/tasks.o
                0x00001bb4                vTaskDelayUntil
 .text.vTaskPlaceOnEventList
                0x00001c12       0x24 ./FreeRTOS/tasks.o
                0x00001c12                vTaskPlaceOnEventList
 .text.vTaskEndScheduler
                0x00001c36        0xc ./FreeRTOS/tasks.o
                0x00001c36                vTaskEndScheduler
 .text.prvIdleTask
                0x00001c42       0x52 ./FreeRTOS/tasks.o
 .text.vTaskDelete
                0x00001c94       0xdc ./FreeRTOS/tasks.o
                0x00001c94                vTaskDelete
 .text.xTaskCreate
                0x00001d70      0x1f4 ./FreeRTOS/tasks.o
                0x00001d70                xTaskCreate
 .text.vTaskStartScheduler
                0x00001f64       0x50 ./FreeRTOS/tasks.o
                0x00001f64                vTaskStartScheduler
 .text.DIO_void_set_port_dir
                0x00001fb4       0x16 ./DIO/DIO_program.o
                0x00001fb4                DIO_void_set_port_dir
 .text.DIO_void_set_port_in_pullUp
                0x00001fca       0x26 ./DIO/DIO_program.o
                0x00001fca                DIO_void_set_port_in_pullUp
 .text.DIO_void_set_pin_dir
                0x00001ff0       0x52 ./DIO/DIO_program.o
                0x00001ff0                DIO_void_set_pin_dir
 .text.DIO_void_set_pin_in_pullUP
                0x00002042       0x3c ./DIO/DIO_program.o
                0x00002042                DIO_void_set_pin_in_pullUP
 .text.DIO_void_set_port
                0x0000207e       0x18 ./DIO/DIO_program.o
                0x0000207e                DIO_void_set_port
 .text.DIO_void_clear_port
                0x00002096       0x16 ./DIO/DIO_program.o
                0x00002096                DIO_void_clear_port
 .text.DIO_void_toggle_port
                0x000020ac       0x1a ./DIO/DIO_program.o
                0x000020ac                DIO_void_toggle_port
 .text.DIO_void_assign_port
                0x000020c6       0x16 ./DIO/DIO_program.o
                0x000020c6                DIO_void_assign_port
 .text.DIO_void_set_pin
                0x000020dc       0x28 ./DIO/DIO_program.o
                0x000020dc                DIO_void_set_pin
 .text.DIO_void_clear_pin
                0x00002104       0x2a ./DIO/DIO_program.o
                0x00002104                DIO_void_clear_pin
 .text.DIO_void_toggle_pin
                0x0000212e       0x28 ./DIO/DIO_program.o
                0x0000212e                DIO_void_toggle_pin
 .text.DIO_void_assign_pin
                0x00002156       0x52 ./DIO/DIO_program.o
                0x00002156                DIO_void_assign_pin
 .text.DIO_u8_get_port
                0x000021a8       0x16 ./DIO/DIO_program.o
                0x000021a8                DIO_u8_get_port
 .text.DIO_u8_get_pin
                0x000021be       0x24 ./DIO/DIO_program.o
                0x000021be                DIO_u8_get_pin
 .text.libgcc   0x000021e2        0x0 d:/engineering/embedded/imt_dip/embedded-tools/winavr/bin/../lib/gcc/avr/4.3.3/avr5\libgcc.a(_exit.o)
 .text.libgcc   0x000021e2        0x0 d:/engineering/embedded/imt_dip/embedded-tools/winavr/bin/../lib/gcc/avr/4.3.3/avr5\libgcc.a(_copy_data.o)
 .text.libgcc   0x000021e2        0x0 d:/engineering/embedded/imt_dip/embedded-tools/winavr/bin/../lib/gcc/avr/4.3.3/avr5\libgcc.a(_clear_bss.o)
 .text.avr-libc
                0x000021e2       0x12 d:/engineering/embedded/imt_dip/embedded-tools/winavr/bin/../lib/gcc/avr/4.3.3/../../../../avr/lib/avr5\libc.a(memcpy.o)
                0x000021e2                memcpy
                0x000021f4                . = ALIGN (0x2)
 *(.fini9)
 .fini9         0x000021f4        0x0 d:/engineering/embedded/imt_dip/embedded-tools/winavr/bin/../lib/gcc/avr/4.3.3/avr5\libgcc.a(_exit.o)
                0x000021f4                exit
                0x000021f4                _exit
 *(.fini9)
 *(.fini8)
 *(.fini8)
 *(.fini7)
 *(.fini7)
 *(.fini6)
 *(.fini6)
 *(.fini5)
 *(.fini5)
 *(.fini4)
 *(.fini4)
 *(.fini3)
 *(.fini3)
 *(.fini2)
 *(.fini2)
 *(.fini1)
 *(.fini1)
 *(.fini0)
 .fini0         0x000021f4        0x4 d:/engineering/embedded/imt_dip/embedded-tools/winavr/bin/../lib/gcc/avr/4.3.3/avr5\libgcc.a(_exit.o)
 *(.fini0)
                0x000021f8                _etext = .

.data           0x00800060       0x28 load address 0x000021f8
                0x00800060                PROVIDE (__data_start, .)
 *(.data)
 .data          0x00800060        0x0 d:/engineering/embedded/imt_dip/embedded-tools/winavr/bin/../lib/gcc/avr/4.3.3/../../../../avr/lib/avr5/crtm32.o
 .data          0x00800060        0xb ./SRS/main.o
 .data          0x0080006b        0x0 ./FreeRTOS/croutine.o
 .data          0x0080006b        0x0 ./FreeRTOS/event_groups.o
 .data          0x0080006b        0x0 ./FreeRTOS/heap_1.o
 .data          0x0080006b        0x0 ./FreeRTOS/list.o
 .data          0x0080006b        0x0 ./FreeRTOS/port.o
 .data          0x0080006b        0x0 ./FreeRTOS/queue.o
 .data          0x0080006b        0x5 ./FreeRTOS/tasks.o
 .data          0x00800070        0x0 ./FreeRTOS/timers.o
 .data          0x00800070        0x0 ./DIO/DIO_program.o
 .data          0x00800070        0x0 d:/engineering/embedded/imt_dip/embedded-tools/winavr/bin/../lib/gcc/avr/4.3.3/avr5\libgcc.a(_exit.o)
 .data          0x00800070        0x0 d:/engineering/embedded/imt_dip/embedded-tools/winavr/bin/../lib/gcc/avr/4.3.3/avr5\libgcc.a(_copy_data.o)
 .data          0x00800070        0x0 d:/engineering/embedded/imt_dip/embedded-tools/winavr/bin/../lib/gcc/avr/4.3.3/avr5\libgcc.a(_clear_bss.o)
 .data          0x00800070        0x0 d:/engineering/embedded/imt_dip/embedded-tools/winavr/bin/../lib/gcc/avr/4.3.3/../../../../avr/lib/avr5\libc.a(memcpy.o)
 *(.data*)
 *(.rodata)
 *(.rodata*)
 .rodata.DIO_PINx_REF
                0x00800070        0x8 ./DIO/DIO_program.o
 .rodata.DIO_PORTx_REF
                0x00800078        0x8 ./DIO/DIO_program.o
 .rodata.DIO_DDRx_REF
                0x00800080        0x8 ./DIO/DIO_program.o
 *(.gnu.linkonce.d*)
                0x00800088                . = ALIGN (0x2)
                0x00800088                _edata = .
                0x00800088                PROVIDE (__data_end, .)

.bss            0x00800088      0x2bb
                0x00800088                PROVIDE (__bss_start, .)
 *(.bss)
 .bss           0x00800088        0x0 d:/engineering/embedded/imt_dip/embedded-tools/winavr/bin/../lib/gcc/avr/4.3.3/../../../../avr/lib/avr5/crtm32.o
 .bss           0x00800088        0x0 ./SRS/main.o
 .bss           0x00800088        0x0 ./FreeRTOS/croutine.o
 .bss           0x00800088        0x0 ./FreeRTOS/event_groups.o
 .bss           0x00800088        0x0 ./FreeRTOS/heap_1.o
 .bss           0x00800088        0x0 ./FreeRTOS/list.o
 .bss           0x00800088        0x0 ./FreeRTOS/port.o
 .bss           0x00800088        0x0 ./FreeRTOS/queue.o
 .bss           0x00800088        0x0 ./FreeRTOS/tasks.o
 .bss           0x00800088        0x0 ./FreeRTOS/timers.o
 .bss           0x00800088        0x0 ./DIO/DIO_program.o
 .bss           0x00800088        0x0 d:/engineering/embedded/imt_dip/embedded-tools/winavr/bin/../lib/gcc/avr/4.3.3/avr5\libgcc.a(_exit.o)
 .bss           0x00800088        0x0 d:/engineering/embedded/imt_dip/embedded-tools/winavr/bin/../lib/gcc/avr/4.3.3/avr5\libgcc.a(_copy_data.o)
 .bss           0x00800088        0x0 d:/engineering/embedded/imt_dip/embedded-tools/winavr/bin/../lib/gcc/avr/4.3.3/avr5\libgcc.a(_clear_bss.o)
 .bss           0x00800088        0x0 d:/engineering/embedded/imt_dip/embedded-tools/winavr/bin/../lib/gcc/avr/4.3.3/../../../../avr/lib/avr5\libc.a(memcpy.o)
 *(.bss*)
 .bss.xNextFreeByte
                0x00800088        0x2 ./FreeRTOS/heap_1.o
 .bss.pucAlignedHeap.1645
                0x0080008a        0x2 ./FreeRTOS/heap_1.o
 .bss.ucHeap    0x0080008c      0x258 ./FreeRTOS/heap_1.o
 .bss.pxCurrentTCB
                0x008002e4        0x2 ./FreeRTOS/tasks.o
                0x008002e4                pxCurrentTCB
 .bss.uxSchedulerSuspended
                0x008002e6        0x1 ./FreeRTOS/tasks.o
 .bss.uxTopReadyPriority
                0x008002e7        0x1 ./FreeRTOS/tasks.o
 .bss.xYieldPending
                0x008002e8        0x1 ./FreeRTOS/tasks.o
 .bss.xTickCount
                0x008002e9        0x2 ./FreeRTOS/tasks.o
 .bss.xNextTaskUnblockTime
                0x008002eb        0x2 ./FreeRTOS/tasks.o
 .bss.xNumOfOverflows
                0x008002ed        0x1 ./FreeRTOS/tasks.o
 .bss.uxPendedTicks
                0x008002ee        0x1 ./FreeRTOS/tasks.o
 .bss.uxCurrentNumberOfTasks
                0x008002ef        0x1 ./FreeRTOS/tasks.o
 .bss.xSchedulerRunning
                0x008002f0        0x1 ./FreeRTOS/tasks.o
 .bss.xIdleTaskHandle
                0x008002f1        0x2 ./FreeRTOS/tasks.o
 .bss.uxDeletedTasksWaitingCleanUp
                0x008002f3        0x1 ./FreeRTOS/tasks.o
 .bss.uxTaskNumber
                0x008002f4        0x1 ./FreeRTOS/tasks.o
 .bss.pxReadyTasksLists
                0x008002f5       0x24 ./FreeRTOS/tasks.o
 .bss.xDelayedTaskList1
                0x00800319        0x9 ./FreeRTOS/tasks.o
 .bss.xDelayedTaskList2
                0x00800322        0x9 ./FreeRTOS/tasks.o
 .bss.pxDelayedTaskList
                0x0080032b        0x2 ./FreeRTOS/tasks.o
 .bss.pxOverflowDelayedTaskList
                0x0080032d        0x2 ./FreeRTOS/tasks.o
 .bss.xPendingReadyList
                0x0080032f        0x9 ./FreeRTOS/tasks.o
 .bss.xTasksWaitingTermination
                0x00800338        0x9 ./FreeRTOS/tasks.o
 *(COMMON)
 COMMON         0x00800341        0x2 ./SRS/main.o
                0x00800341                x_sem
                0x00800343                PROVIDE (__bss_end, .)
                0x000021f8                __data_load_start = LOADADDR (.data)
                0x00002220                __data_load_end = (__data_load_start + SIZEOF (.data))

.noinit         0x00800343        0x0
                0x00800343                PROVIDE (__noinit_start, .)
 *(.noinit*)
                0x00800343                PROVIDE (__noinit_end, .)
                0x00800343                _end = .
                0x00800343                PROVIDE (__heap_start, .)

.eeprom         0x00810000        0x0
 *(.eeprom*)
                0x00810000                __eeprom_end = .

.fuse
 *(.fuse)
 *(.lfuse)
 *(.hfuse)
 *(.efuse)

.lock
 *(.lock*)

.signature
 *(.signature*)

.stab
 *(.stab)

.stabstr
 *(.stabstr)

.stab.excl
 *(.stab.excl)

.stab.exclstr
 *(.stab.exclstr)

.stab.index
 *(.stab.index)

.stab.indexstr
 *(.stab.indexstr)

.comment
 *(.comment)

.debug
 *(.debug)

.line
 *(.line)

.debug_srcinfo
 *(.debug_srcinfo)

.debug_sfnames
 *(.debug_sfnames)

.debug_aranges
 *(.debug_aranges)

.debug_pubnames
 *(.debug_pubnames)

.debug_info
 *(.debug_info)
 *(.gnu.linkonce.wi.*)

.debug_abbrev
 *(.debug_abbrev)

.debug_line
 *(.debug_line)

.debug_frame
 *(.debug_frame)

.debug_str
 *(.debug_str)

.debug_loc
 *(.debug_loc)

.debug_macinfo
 *(.debug_macinfo)
OUTPUT(APP_32_FreeRTOS-semaphore-test.elf elf32-avr)
LOAD linker stubs
