Archive member included because of file (symbol)

d:/engineering/embedded/imt_dip/embedded-tools/winavr/bin/../lib/gcc/avr/4.3.3/avr5\libgcc.a(_mulsi3.o)
                              ./LCD/LCD_program.o (__mulsi3)
d:/engineering/embedded/imt_dip/embedded-tools/winavr/bin/../lib/gcc/avr/4.3.3/avr5\libgcc.a(_udivmodhi4.o)
                              ./A_DC_sensor/A_DC_sensor_program.o (__udivmodhi4)
d:/engineering/embedded/imt_dip/embedded-tools/winavr/bin/../lib/gcc/avr/4.3.3/avr5\libgcc.a(_divmodsi4.o)
                              ./LCD/LCD_program.o (__divmodsi4)
d:/engineering/embedded/imt_dip/embedded-tools/winavr/bin/../lib/gcc/avr/4.3.3/avr5\libgcc.a(_exit.o)
                              d:/engineering/embedded/imt_dip/embedded-tools/winavr/bin/../lib/gcc/avr/4.3.3/../../../../avr/lib/avr5/crtm32.o (exit)
d:/engineering/embedded/imt_dip/embedded-tools/winavr/bin/../lib/gcc/avr/4.3.3/avr5\libgcc.a(_copy_data.o)
                              ./SRC/main.o (__do_copy_data)
d:/engineering/embedded/imt_dip/embedded-tools/winavr/bin/../lib/gcc/avr/4.3.3/avr5\libgcc.a(_clear_bss.o)
                              ./A_DC_sensor/A_DC_sensor_program.o (__do_clear_bss)
d:/engineering/embedded/imt_dip/embedded-tools/winavr/bin/../lib/gcc/avr/4.3.3/avr5\libgcc.a(_addsub_sf.o)
                              ./LCD/LCD_program.o (__subsf3)
d:/engineering/embedded/imt_dip/embedded-tools/winavr/bin/../lib/gcc/avr/4.3.3/avr5\libgcc.a(_mul_sf.o)
                              ./LCD/LCD_program.o (__mulsf3)
d:/engineering/embedded/imt_dip/embedded-tools/winavr/bin/../lib/gcc/avr/4.3.3/avr5\libgcc.a(_ne_sf.o)
                              ./SRC/main.o (__nesf2)
d:/engineering/embedded/imt_dip/embedded-tools/winavr/bin/../lib/gcc/avr/4.3.3/avr5\libgcc.a(_si_to_sf.o)
                              ./LCD/LCD_program.o (__floatsisf)
d:/engineering/embedded/imt_dip/embedded-tools/winavr/bin/../lib/gcc/avr/4.3.3/avr5\libgcc.a(_sf_to_si.o)
                              ./LCD/LCD_program.o (__fixsfsi)
d:/engineering/embedded/imt_dip/embedded-tools/winavr/bin/../lib/gcc/avr/4.3.3/avr5\libgcc.a(_thenan_sf.o)
                              d:/engineering/embedded/imt_dip/embedded-tools/winavr/bin/../lib/gcc/avr/4.3.3/avr5\libgcc.a(_addsub_sf.o) (__thenan_sf)
d:/engineering/embedded/imt_dip/embedded-tools/winavr/bin/../lib/gcc/avr/4.3.3/avr5\libgcc.a(_usi_to_sf.o)
                              ./A_DC_sensor/A_DC_sensor_program.o (__floatunsisf)
d:/engineering/embedded/imt_dip/embedded-tools/winavr/bin/../lib/gcc/avr/4.3.3/avr5\libgcc.a(_udivmodsi4.o)
                              d:/engineering/embedded/imt_dip/embedded-tools/winavr/bin/../lib/gcc/avr/4.3.3/avr5\libgcc.a(_divmodsi4.o) (__udivmodsi4)
d:/engineering/embedded/imt_dip/embedded-tools/winavr/bin/../lib/gcc/avr/4.3.3/avr5\libgcc.a(_prologue.o)
                              d:/engineering/embedded/imt_dip/embedded-tools/winavr/bin/../lib/gcc/avr/4.3.3/avr5\libgcc.a(_addsub_sf.o) (__prologue_saves__)
d:/engineering/embedded/imt_dip/embedded-tools/winavr/bin/../lib/gcc/avr/4.3.3/avr5\libgcc.a(_epilogue.o)
                              d:/engineering/embedded/imt_dip/embedded-tools/winavr/bin/../lib/gcc/avr/4.3.3/avr5\libgcc.a(_addsub_sf.o) (__epilogue_restores__)
d:/engineering/embedded/imt_dip/embedded-tools/winavr/bin/../lib/gcc/avr/4.3.3/avr5\libgcc.a(_clzsi2.o)
                              d:/engineering/embedded/imt_dip/embedded-tools/winavr/bin/../lib/gcc/avr/4.3.3/avr5\libgcc.a(_si_to_sf.o) (__clzsi2)
d:/engineering/embedded/imt_dip/embedded-tools/winavr/bin/../lib/gcc/avr/4.3.3/avr5\libgcc.a(_pack_sf.o)
                              d:/engineering/embedded/imt_dip/embedded-tools/winavr/bin/../lib/gcc/avr/4.3.3/avr5\libgcc.a(_addsub_sf.o) (__pack_f)
d:/engineering/embedded/imt_dip/embedded-tools/winavr/bin/../lib/gcc/avr/4.3.3/avr5\libgcc.a(_unpack_sf.o)
                              d:/engineering/embedded/imt_dip/embedded-tools/winavr/bin/../lib/gcc/avr/4.3.3/avr5\libgcc.a(_addsub_sf.o) (__unpack_f)
d:/engineering/embedded/imt_dip/embedded-tools/winavr/bin/../lib/gcc/avr/4.3.3/avr5\libgcc.a(_fpcmp_parts_sf.o)
                              d:/engineering/embedded/imt_dip/embedded-tools/winavr/bin/../lib/gcc/avr/4.3.3/avr5\libgcc.a(_ne_sf.o) (__fpcmp_parts_f)
d:/engineering/embedded/imt_dip/embedded-tools/winavr/bin/../lib/gcc/avr/4.3.3/avr5\libgcc.a(_clz.o)
                              d:/engineering/embedded/imt_dip/embedded-tools/winavr/bin/../lib/gcc/avr/4.3.3/avr5\libgcc.a(_clzsi2.o) (__clz_tab)

Memory Configuration

Name             Origin             Length             Attributes
text             0x00000000         0x00020000         xr
data             0x00800060         0x0000ffa0         rw !x
eeprom           0x00810000         0x00010000         rw !x
fuse             0x00820000         0x00000400         rw !x
lock             0x00830000         0x00000400         rw !x
signature        0x00840000         0x00000400         rw !x
*default*        0x00000000         0xffffffff

Linker script and memory map

LOAD d:/engineering/embedded/imt_dip/embedded-tools/winavr/bin/../lib/gcc/avr/4.3.3/../../../../avr/lib/avr5/crtm32.o
LOAD ./SRC/main.o
LOAD ./LCD/LCD_program.o
LOAD ./DIO/DIO_program.o
LOAD ./A_DC_sensor/A_DC_sensor_program.o
LOAD ./ADC/ADC_program.o
LOAD d:/engineering/embedded/imt_dip/embedded-tools/winavr/bin/../lib/gcc/avr/4.3.3/avr5\libgcc.a
LOAD d:/engineering/embedded/imt_dip/embedded-tools/winavr/bin/../lib/gcc/avr/4.3.3/../../../../avr/lib/avr5\libc.a
LOAD d:/engineering/embedded/imt_dip/embedded-tools/winavr/bin/../lib/gcc/avr/4.3.3/avr5\libgcc.a

.hash
 *(.hash)

.dynsym
 *(.dynsym)

.dynstr
 *(.dynstr)

.gnu.version
 *(.gnu.version)

.gnu.version_d
 *(.gnu.version_d)

.gnu.version_r
 *(.gnu.version_r)

.rel.init
 *(.rel.init)

.rela.init
 *(.rela.init)

.rel.text
 *(.rel.text)
 *(.rel.text.*)
 *(.rel.gnu.linkonce.t*)

.rela.text
 *(.rela.text)
 *(.rela.text.*)
 *(.rela.gnu.linkonce.t*)

.rel.fini
 *(.rel.fini)

.rela.fini
 *(.rela.fini)

.rel.rodata
 *(.rel.rodata)
 *(.rel.rodata.*)
 *(.rel.gnu.linkonce.r*)

.rela.rodata
 *(.rela.rodata)
 *(.rela.rodata.*)
 *(.rela.gnu.linkonce.r*)

.rel.data
 *(.rel.data)
 *(.rel.data.*)
 *(.rel.gnu.linkonce.d*)

.rela.data
 *(.rela.data)
 *(.rela.data.*)
 *(.rela.gnu.linkonce.d*)

.rel.ctors
 *(.rel.ctors)

.rela.ctors
 *(.rela.ctors)

.rel.dtors
 *(.rel.dtors)

.rela.dtors
 *(.rela.dtors)

.rel.got
 *(.rel.got)

.rela.got
 *(.rela.got)

.rel.bss
 *(.rel.bss)

.rela.bss
 *(.rela.bss)

.rel.plt
 *(.rel.plt)

.rela.plt
 *(.rela.plt)

.text           0x00000000     0x19d0
 *(.vectors)
 .vectors       0x00000000       0x54 d:/engineering/embedded/imt_dip/embedded-tools/winavr/bin/../lib/gcc/avr/4.3.3/../../../../avr/lib/avr5/crtm32.o
                0x00000000                __vectors
                0x00000000                __vector_default
 *(.vectors)
 *(.progmem.gcc*)
 *(.progmem*)
                0x00000054                . = ALIGN (0x2)
                0x00000054                __trampolines_start = .
 *(.trampolines)
 .trampolines   0x00000054        0x0 linker stubs
 *(.trampolines*)
                0x00000054                __trampolines_end = .
 *(.jumptables)
 *(.jumptables*)
 *(.lowtext)
 *(.lowtext*)
                0x00000054                __ctors_start = .
 *(.ctors)
                0x00000054                __ctors_end = .
                0x00000054                __dtors_start = .
 *(.dtors)
                0x00000054                __dtors_end = .
 SORT(*)(.ctors)
 SORT(*)(.dtors)
 *(.init0)
 .init0         0x00000054        0x0 d:/engineering/embedded/imt_dip/embedded-tools/winavr/bin/../lib/gcc/avr/4.3.3/../../../../avr/lib/avr5/crtm32.o
                0x00000054                __init
 *(.init0)
 *(.init1)
 *(.init1)
 *(.init2)
 .init2         0x00000054        0xc d:/engineering/embedded/imt_dip/embedded-tools/winavr/bin/../lib/gcc/avr/4.3.3/../../../../avr/lib/avr5/crtm32.o
 *(.init2)
 *(.init3)
 *(.init3)
 *(.init4)
 .init4         0x00000060       0x16 d:/engineering/embedded/imt_dip/embedded-tools/winavr/bin/../lib/gcc/avr/4.3.3/avr5\libgcc.a(_copy_data.o)
                0x00000060                __do_copy_data
 .init4         0x00000076       0x10 d:/engineering/embedded/imt_dip/embedded-tools/winavr/bin/../lib/gcc/avr/4.3.3/avr5\libgcc.a(_clear_bss.o)
                0x00000076                __do_clear_bss
 *(.init4)
 *(.init5)
 *(.init5)
 *(.init6)
 *(.init6)
 *(.init7)
 *(.init7)
 *(.init8)
 *(.init8)
 *(.init9)
 .init9         0x00000086        0x8 d:/engineering/embedded/imt_dip/embedded-tools/winavr/bin/../lib/gcc/avr/4.3.3/../../../../avr/lib/avr5/crtm32.o
 *(.init9)
 *(.text)
 .text          0x0000008e        0x4 d:/engineering/embedded/imt_dip/embedded-tools/winavr/bin/../lib/gcc/avr/4.3.3/../../../../avr/lib/avr5/crtm32.o
                0x0000008e                __vector_1
                0x0000008e                __vector_12
                0x0000008e                __bad_interrupt
                0x0000008e                __vector_6
                0x0000008e                __vector_3
                0x0000008e                __vector_11
                0x0000008e                __vector_13
                0x0000008e                __vector_17
                0x0000008e                __vector_19
                0x0000008e                __vector_7
                0x0000008e                __vector_5
                0x0000008e                __vector_4
                0x0000008e                __vector_9
                0x0000008e                __vector_2
                0x0000008e                __vector_15
                0x0000008e                __vector_8
                0x0000008e                __vector_14
                0x0000008e                __vector_10
                0x0000008e                __vector_18
                0x0000008e                __vector_20
 .text          0x00000092        0x0 ./SRC/main.o
 .text          0x00000092        0x0 ./LCD/LCD_program.o
 .text          0x00000092        0x0 ./DIO/DIO_program.o
 .text          0x00000092        0x0 ./A_DC_sensor/A_DC_sensor_program.o
 .text          0x00000092        0x0 ./ADC/ADC_program.o
 .text          0x00000092        0x0 d:/engineering/embedded/imt_dip/embedded-tools/winavr/bin/../lib/gcc/avr/4.3.3/avr5\libgcc.a(_mulsi3.o)
 .text          0x00000092        0x0 d:/engineering/embedded/imt_dip/embedded-tools/winavr/bin/../lib/gcc/avr/4.3.3/avr5\libgcc.a(_udivmodhi4.o)
 .text          0x00000092        0x0 d:/engineering/embedded/imt_dip/embedded-tools/winavr/bin/../lib/gcc/avr/4.3.3/avr5\libgcc.a(_divmodsi4.o)
 .text          0x00000092        0x0 d:/engineering/embedded/imt_dip/embedded-tools/winavr/bin/../lib/gcc/avr/4.3.3/avr5\libgcc.a(_exit.o)
 .text          0x00000092        0x0 d:/engineering/embedded/imt_dip/embedded-tools/winavr/bin/../lib/gcc/avr/4.3.3/avr5\libgcc.a(_copy_data.o)
 .text          0x00000092        0x0 d:/engineering/embedded/imt_dip/embedded-tools/winavr/bin/../lib/gcc/avr/4.3.3/avr5\libgcc.a(_clear_bss.o)
 .text          0x00000092      0x354 d:/engineering/embedded/imt_dip/embedded-tools/winavr/bin/../lib/gcc/avr/4.3.3/avr5\libgcc.a(_addsub_sf.o)
                0x0000032a                __subsf3
                0x0000038c                __addsf3
 .text          0x000003e6      0x1f4 d:/engineering/embedded/imt_dip/embedded-tools/winavr/bin/../lib/gcc/avr/4.3.3/avr5\libgcc.a(_mul_sf.o)
                0x000003e6                __mulsf3
 .text          0x000005da       0x60 d:/engineering/embedded/imt_dip/embedded-tools/winavr/bin/../lib/gcc/avr/4.3.3/avr5\libgcc.a(_ne_sf.o)
                0x000005da                __nesf2
 .text          0x0000063a       0xbc d:/engineering/embedded/imt_dip/embedded-tools/winavr/bin/../lib/gcc/avr/4.3.3/avr5\libgcc.a(_si_to_sf.o)
                0x0000063a                __floatsisf
 .text          0x000006f6       0xa8 d:/engineering/embedded/imt_dip/embedded-tools/winavr/bin/../lib/gcc/avr/4.3.3/avr5\libgcc.a(_sf_to_si.o)
                0x000006f6                __fixsfsi
 .text          0x0000079e        0x0 d:/engineering/embedded/imt_dip/embedded-tools/winavr/bin/../lib/gcc/avr/4.3.3/avr5\libgcc.a(_thenan_sf.o)
 .text          0x0000079e       0xf2 d:/engineering/embedded/imt_dip/embedded-tools/winavr/bin/../lib/gcc/avr/4.3.3/avr5\libgcc.a(_usi_to_sf.o)
                0x0000079e                __floatunsisf
 .text          0x00000890        0x0 d:/engineering/embedded/imt_dip/embedded-tools/winavr/bin/../lib/gcc/avr/4.3.3/avr5\libgcc.a(_udivmodsi4.o)
 .text          0x00000890        0x0 d:/engineering/embedded/imt_dip/embedded-tools/winavr/bin/../lib/gcc/avr/4.3.3/avr5\libgcc.a(_prologue.o)
 .text          0x00000890        0x0 d:/engineering/embedded/imt_dip/embedded-tools/winavr/bin/../lib/gcc/avr/4.3.3/avr5\libgcc.a(_epilogue.o)
 .text          0x00000890       0x9e d:/engineering/embedded/imt_dip/embedded-tools/winavr/bin/../lib/gcc/avr/4.3.3/avr5\libgcc.a(_clzsi2.o)
                0x00000890                __clzsi2
 .text          0x0000092e      0x1aa d:/engineering/embedded/imt_dip/embedded-tools/winavr/bin/../lib/gcc/avr/4.3.3/avr5\libgcc.a(_pack_sf.o)
                0x0000092e                __pack_f
 .text          0x00000ad8       0xf0 d:/engineering/embedded/imt_dip/embedded-tools/winavr/bin/../lib/gcc/avr/4.3.3/avr5\libgcc.a(_unpack_sf.o)
                0x00000ad8                __unpack_f
 .text          0x00000bc8       0xb2 d:/engineering/embedded/imt_dip/embedded-tools/winavr/bin/../lib/gcc/avr/4.3.3/avr5\libgcc.a(_fpcmp_parts_sf.o)
                0x00000bc8                __fpcmp_parts_f
 .text          0x00000c7a        0x0 d:/engineering/embedded/imt_dip/embedded-tools/winavr/bin/../lib/gcc/avr/4.3.3/avr5\libgcc.a(_clz.o)
                0x00000c7a                . = ALIGN (0x2)
 *(.text.*)
 .text.main     0x00000c7a       0x94 ./SRC/main.o
                0x00000c7a                main
 .text.LCD_pow  0x00000d0e       0x5e ./LCD/LCD_program.o
                0x00000d0e                LCD_pow
 .text.LCD_create_char
                0x00000d6c        0x2 ./LCD/LCD_program.o
                0x00000d6c                LCD_create_char
 .text.LCD_read_data_4bit
                0x00000d6e       0xba ./LCD/LCD_program.o
                0x00000d6e                LCD_read_data_4bit
 .text.LCD_function_set_4bit
                0x00000e28      0x100 ./LCD/LCD_program.o
                0x00000e28                LCD_function_set_4bit
 .text.LCD_write_cmd_4bit
                0x00000f28       0xe6 ./LCD/LCD_program.o
                0x00000f28                LCD_write_cmd_4bit
 .text.LCD_on   0x0000100e        0xe ./LCD/LCD_program.o
                0x0000100e                LCD_on
 .text.LCD_off  0x0000101c       0x1a ./LCD/LCD_program.o
                0x0000101c                LCD_off
 .text.LCD_clear
                0x00001036       0x26 ./LCD/LCD_program.o
                0x00001036                LCD_clear
 .text.LCD_set_cursor
                0x0000105c       0x1c ./LCD/LCD_program.o
                0x0000105c                LCD_set_cursor
 .text.LCD_init
                0x00001078       0x82 ./LCD/LCD_program.o
                0x00001078                LCD_init
 .text.LCD_write_data_4bit
                0x000010fa       0xe6 ./LCD/LCD_program.o
                0x000010fa                LCD_write_data_4bit
 .text.LCD_write_char
                0x000011e0        0xc ./LCD/LCD_program.o
                0x000011e0                LCD_write_char
 .text.LCD_write_s32_number
                0x000011ec       0xf2 ./LCD/LCD_program.o
                0x000011ec                LCD_write_s32_number
 .text.LCD_write_float
                0x000012de       0xd0 ./LCD/LCD_program.o
                0x000012de                LCD_write_float
 .text.LCD_write_str
                0x000013ae       0x26 ./LCD/LCD_program.o
                0x000013ae                LCD_write_str
 .text.LCD_read_address_8bit
                0x000013d4       0x60 ./LCD/LCD_program.o
                0x000013d4                LCD_read_address_8bit
 .text.LCD_write_cmd_8bit
                0x00001434       0x40 ./LCD/LCD_program.o
                0x00001434                LCD_write_cmd_8bit
 .text.LCD_write_data_8bit
                0x00001474       0x40 ./LCD/LCD_program.o
                0x00001474                LCD_write_data_8bit
 .text.DIO_void_set_port_dir
                0x000014b4       0x16 ./DIO/DIO_program.o
                0x000014b4                DIO_void_set_port_dir
 .text.DIO_void_set_port_in_pullUp
                0x000014ca       0x26 ./DIO/DIO_program.o
                0x000014ca                DIO_void_set_port_in_pullUp
 .text.DIO_void_set_pin_dir
                0x000014f0       0x52 ./DIO/DIO_program.o
                0x000014f0                DIO_void_set_pin_dir
 .text.DIO_void_set_pin_in_pullUP
                0x00001542       0x3c ./DIO/DIO_program.o
                0x00001542                DIO_void_set_pin_in_pullUP
 .text.DIO_void_set_port
                0x0000157e       0x18 ./DIO/DIO_program.o
                0x0000157e                DIO_void_set_port
 .text.DIO_void_clear_port
                0x00001596       0x16 ./DIO/DIO_program.o
                0x00001596                DIO_void_clear_port
 .text.DIO_void_toggle_port
                0x000015ac       0x1a ./DIO/DIO_program.o
                0x000015ac                DIO_void_toggle_port
 .text.DIO_void_assign_port
                0x000015c6       0x16 ./DIO/DIO_program.o
                0x000015c6                DIO_void_assign_port
 .text.DIO_void_set_pin
                0x000015dc       0x28 ./DIO/DIO_program.o
                0x000015dc                DIO_void_set_pin
 .text.DIO_void_clear_pin
                0x00001604       0x2a ./DIO/DIO_program.o
                0x00001604                DIO_void_clear_pin
 .text.DIO_void_toggle_pin
                0x0000162e       0x28 ./DIO/DIO_program.o
                0x0000162e                DIO_void_toggle_pin
 .text.DIO_void_assign_pin
                0x00001656       0x52 ./DIO/DIO_program.o
                0x00001656                DIO_void_assign_pin
 .text.DIO_u8_get_port
                0x000016a8       0x16 ./DIO/DIO_program.o
                0x000016a8                DIO_u8_get_port
 .text.DIO_u8_get_pin
                0x000016be       0x24 ./DIO/DIO_program.o
                0x000016be                DIO_u8_get_pin
 .text.A_DC_sensor_voidClcAmps
                0x000016e2       0x8a ./A_DC_sensor/A_DC_sensor_program.o
                0x000016e2                A_DC_sensor_voidClcAmps
 .text.A_DC_sensor_voidInit
                0x0000176c       0x36 ./A_DC_sensor/A_DC_sensor_program.o
                0x0000176c                A_DC_sensor_voidInit
 .text.ADC_void_init
                0x000017a2        0xa ./ADC/ADC_program.o
                0x000017a2                ADC_void_init
 .text.ADC_void_config
                0x000017ac       0x5a ./ADC/ADC_program.o
                0x000017ac                ADC_void_config
 .text.ADC_void_start_conv
                0x00001806        0x4 ./ADC/ADC_program.o
                0x00001806                ADC_void_start_conv
 .text.ADC_void_read_data
                0x0000180a       0x14 ./ADC/ADC_program.o
                0x0000180a                ADC_void_read_data
 .text.ADC_void_INIT_callback
                0x0000181e        0xa ./ADC/ADC_program.o
                0x0000181e                ADC_void_INIT_callback
 .text.__vector_16
                0x00001828       0x56 ./ADC/ADC_program.o
                0x00001828                __vector_16
 .text.libgcc   0x0000187e       0x3e d:/engineering/embedded/imt_dip/embedded-tools/winavr/bin/../lib/gcc/avr/4.3.3/avr5\libgcc.a(_mulsi3.o)
                0x0000187e                __mulsi3
 .text.libgcc   0x000018bc       0x28 d:/engineering/embedded/imt_dip/embedded-tools/winavr/bin/../lib/gcc/avr/4.3.3/avr5\libgcc.a(_udivmodhi4.o)
                0x000018bc                __udivmodhi4
 .text.libgcc   0x000018e4       0x36 d:/engineering/embedded/imt_dip/embedded-tools/winavr/bin/../lib/gcc/avr/4.3.3/avr5\libgcc.a(_divmodsi4.o)
                0x000018e4                __divmodsi4
 .text.libgcc   0x0000191a        0x0 d:/engineering/embedded/imt_dip/embedded-tools/winavr/bin/../lib/gcc/avr/4.3.3/avr5\libgcc.a(_exit.o)
 .text.libgcc   0x0000191a        0x0 d:/engineering/embedded/imt_dip/embedded-tools/winavr/bin/../lib/gcc/avr/4.3.3/avr5\libgcc.a(_copy_data.o)
 .text.libgcc   0x0000191a        0x0 d:/engineering/embedded/imt_dip/embedded-tools/winavr/bin/../lib/gcc/avr/4.3.3/avr5\libgcc.a(_clear_bss.o)
 .text.libgcc   0x0000191a       0x44 d:/engineering/embedded/imt_dip/embedded-tools/winavr/bin/../lib/gcc/avr/4.3.3/avr5\libgcc.a(_udivmodsi4.o)
                0x0000191a                __udivmodsi4
 .text.libgcc   0x0000195e       0x38 d:/engineering/embedded/imt_dip/embedded-tools/winavr/bin/../lib/gcc/avr/4.3.3/avr5\libgcc.a(_prologue.o)
                0x0000195e                __prologue_saves__
 .text.libgcc   0x00001996       0x36 d:/engineering/embedded/imt_dip/embedded-tools/winavr/bin/../lib/gcc/avr/4.3.3/avr5\libgcc.a(_epilogue.o)
                0x00001996                __epilogue_restores__
                0x000019cc                . = ALIGN (0x2)
 *(.fini9)
 .fini9         0x000019cc        0x0 d:/engineering/embedded/imt_dip/embedded-tools/winavr/bin/../lib/gcc/avr/4.3.3/avr5\libgcc.a(_exit.o)
                0x000019cc                exit
                0x000019cc                _exit
 *(.fini9)
 *(.fini8)
 *(.fini8)
 *(.fini7)
 *(.fini7)
 *(.fini6)
 *(.fini6)
 *(.fini5)
 *(.fini5)
 *(.fini4)
 *(.fini4)
 *(.fini3)
 *(.fini3)
 *(.fini2)
 *(.fini2)
 *(.fini1)
 *(.fini1)
 *(.fini0)
 .fini0         0x000019cc        0x4 d:/engineering/embedded/imt_dip/embedded-tools/winavr/bin/../lib/gcc/avr/4.3.3/avr5\libgcc.a(_exit.o)
 *(.fini0)
                0x000019d0                _etext = .

.data           0x00800060      0x130 load address 0x000019d0
                0x00800060                PROVIDE (__data_start, .)
 *(.data)
 .data          0x00800060        0x0 d:/engineering/embedded/imt_dip/embedded-tools/winavr/bin/../lib/gcc/avr/4.3.3/../../../../avr/lib/avr5/crtm32.o
 .data          0x00800060        0xd ./SRC/main.o
 .data          0x0080006d        0x0 ./LCD/LCD_program.o
 .data          0x0080006d        0x0 ./DIO/DIO_program.o
 .data          0x0080006d        0x0 ./A_DC_sensor/A_DC_sensor_program.o
 .data          0x0080006d        0x0 ./ADC/ADC_program.o
 .data          0x0080006d        0x0 d:/engineering/embedded/imt_dip/embedded-tools/winavr/bin/../lib/gcc/avr/4.3.3/avr5\libgcc.a(_mulsi3.o)
 .data          0x0080006d        0x0 d:/engineering/embedded/imt_dip/embedded-tools/winavr/bin/../lib/gcc/avr/4.3.3/avr5\libgcc.a(_udivmodhi4.o)
 .data          0x0080006d        0x0 d:/engineering/embedded/imt_dip/embedded-tools/winavr/bin/../lib/gcc/avr/4.3.3/avr5\libgcc.a(_divmodsi4.o)
 .data          0x0080006d        0x0 d:/engineering/embedded/imt_dip/embedded-tools/winavr/bin/../lib/gcc/avr/4.3.3/avr5\libgcc.a(_exit.o)
 .data          0x0080006d        0x0 d:/engineering/embedded/imt_dip/embedded-tools/winavr/bin/../lib/gcc/avr/4.3.3/avr5\libgcc.a(_copy_data.o)
 .data          0x0080006d        0x0 d:/engineering/embedded/imt_dip/embedded-tools/winavr/bin/../lib/gcc/avr/4.3.3/avr5\libgcc.a(_clear_bss.o)
 .data          0x0080006d        0x0 d:/engineering/embedded/imt_dip/embedded-tools/winavr/bin/../lib/gcc/avr/4.3.3/avr5\libgcc.a(_addsub_sf.o)
 .data          0x0080006d        0x0 d:/engineering/embedded/imt_dip/embedded-tools/winavr/bin/../lib/gcc/avr/4.3.3/avr5\libgcc.a(_mul_sf.o)
 .data          0x0080006d        0x0 d:/engineering/embedded/imt_dip/embedded-tools/winavr/bin/../lib/gcc/avr/4.3.3/avr5\libgcc.a(_ne_sf.o)
 .data          0x0080006d        0x0 d:/engineering/embedded/imt_dip/embedded-tools/winavr/bin/../lib/gcc/avr/4.3.3/avr5\libgcc.a(_si_to_sf.o)
 .data          0x0080006d        0x0 d:/engineering/embedded/imt_dip/embedded-tools/winavr/bin/../lib/gcc/avr/4.3.3/avr5\libgcc.a(_sf_to_si.o)
 .data          0x0080006d        0x8 d:/engineering/embedded/imt_dip/embedded-tools/winavr/bin/../lib/gcc/avr/4.3.3/avr5\libgcc.a(_thenan_sf.o)
                0x0080006d                __thenan_sf
 .data          0x00800075        0x0 d:/engineering/embedded/imt_dip/embedded-tools/winavr/bin/../lib/gcc/avr/4.3.3/avr5\libgcc.a(_usi_to_sf.o)
 .data          0x00800075        0x0 d:/engineering/embedded/imt_dip/embedded-tools/winavr/bin/../lib/gcc/avr/4.3.3/avr5\libgcc.a(_udivmodsi4.o)
 .data          0x00800075        0x0 d:/engineering/embedded/imt_dip/embedded-tools/winavr/bin/../lib/gcc/avr/4.3.3/avr5\libgcc.a(_prologue.o)
 .data          0x00800075        0x0 d:/engineering/embedded/imt_dip/embedded-tools/winavr/bin/../lib/gcc/avr/4.3.3/avr5\libgcc.a(_epilogue.o)
 .data          0x00800075        0x0 d:/engineering/embedded/imt_dip/embedded-tools/winavr/bin/../lib/gcc/avr/4.3.3/avr5\libgcc.a(_clzsi2.o)
 .data          0x00800075        0x0 d:/engineering/embedded/imt_dip/embedded-tools/winavr/bin/../lib/gcc/avr/4.3.3/avr5\libgcc.a(_pack_sf.o)
 .data          0x00800075        0x0 d:/engineering/embedded/imt_dip/embedded-tools/winavr/bin/../lib/gcc/avr/4.3.3/avr5\libgcc.a(_unpack_sf.o)
 .data          0x00800075        0x0 d:/engineering/embedded/imt_dip/embedded-tools/winavr/bin/../lib/gcc/avr/4.3.3/avr5\libgcc.a(_fpcmp_parts_sf.o)
 .data          0x00800075      0x100 d:/engineering/embedded/imt_dip/embedded-tools/winavr/bin/../lib/gcc/avr/4.3.3/avr5\libgcc.a(_clz.o)
                0x00800075                __clz_tab
 *(.data*)
 .data.A_DC_sensor_config
                0x00800175        0x2 ./A_DC_sensor/A_DC_sensor_program.o
                0x00800175                A_DC_sensor_config
 *(.rodata)
 *(.rodata*)
 .rodata.DIO_PINx_REF
                0x00800177        0x8 ./DIO/DIO_program.o
 .rodata.DIO_PORTx_REF
                0x0080017f        0x8 ./DIO/DIO_program.o
 .rodata.DIO_DDRx_REF
                0x00800187        0x8 ./DIO/DIO_program.o
 *(.gnu.linkonce.d*)
                0x00800190                . = ALIGN (0x2)
 *fill*         0x0080018f        0x1 00
                0x00800190                _edata = .
                0x00800190                PROVIDE (__data_end, .)

.bss            0x00800190        0x6
                0x00800190                PROVIDE (__bss_start, .)
 *(.bss)
 .bss           0x00800190        0x0 d:/engineering/embedded/imt_dip/embedded-tools/winavr/bin/../lib/gcc/avr/4.3.3/../../../../avr/lib/avr5/crtm32.o
 .bss           0x00800190        0x0 ./SRC/main.o
 .bss           0x00800190        0x0 ./LCD/LCD_program.o
 .bss           0x00800190        0x0 ./DIO/DIO_program.o
 .bss           0x00800190        0x0 ./A_DC_sensor/A_DC_sensor_program.o
 .bss           0x00800190        0x0 ./ADC/ADC_program.o
 .bss           0x00800190        0x0 d:/engineering/embedded/imt_dip/embedded-tools/winavr/bin/../lib/gcc/avr/4.3.3/avr5\libgcc.a(_mulsi3.o)
 .bss           0x00800190        0x0 d:/engineering/embedded/imt_dip/embedded-tools/winavr/bin/../lib/gcc/avr/4.3.3/avr5\libgcc.a(_udivmodhi4.o)
 .bss           0x00800190        0x0 d:/engineering/embedded/imt_dip/embedded-tools/winavr/bin/../lib/gcc/avr/4.3.3/avr5\libgcc.a(_divmodsi4.o)
 .bss           0x00800190        0x0 d:/engineering/embedded/imt_dip/embedded-tools/winavr/bin/../lib/gcc/avr/4.3.3/avr5\libgcc.a(_exit.o)
 .bss           0x00800190        0x0 d:/engineering/embedded/imt_dip/embedded-tools/winavr/bin/../lib/gcc/avr/4.3.3/avr5\libgcc.a(_copy_data.o)
 .bss           0x00800190        0x0 d:/engineering/embedded/imt_dip/embedded-tools/winavr/bin/../lib/gcc/avr/4.3.3/avr5\libgcc.a(_clear_bss.o)
 .bss           0x00800190        0x0 d:/engineering/embedded/imt_dip/embedded-tools/winavr/bin/../lib/gcc/avr/4.3.3/avr5\libgcc.a(_addsub_sf.o)
 .bss           0x00800190        0x0 d:/engineering/embedded/imt_dip/embedded-tools/winavr/bin/../lib/gcc/avr/4.3.3/avr5\libgcc.a(_mul_sf.o)
 .bss           0x00800190        0x0 d:/engineering/embedded/imt_dip/embedded-tools/winavr/bin/../lib/gcc/avr/4.3.3/avr5\libgcc.a(_ne_sf.o)
 .bss           0x00800190        0x0 d:/engineering/embedded/imt_dip/embedded-tools/winavr/bin/../lib/gcc/avr/4.3.3/avr5\libgcc.a(_si_to_sf.o)
 .bss           0x00800190        0x0 d:/engineering/embedded/imt_dip/embedded-tools/winavr/bin/../lib/gcc/avr/4.3.3/avr5\libgcc.a(_sf_to_si.o)
 .bss           0x00800190        0x0 d:/engineering/embedded/imt_dip/embedded-tools/winavr/bin/../lib/gcc/avr/4.3.3/avr5\libgcc.a(_thenan_sf.o)
 .bss           0x00800190        0x0 d:/engineering/embedded/imt_dip/embedded-tools/winavr/bin/../lib/gcc/avr/4.3.3/avr5\libgcc.a(_usi_to_sf.o)
 .bss           0x00800190        0x0 d:/engineering/embedded/imt_dip/embedded-tools/winavr/bin/../lib/gcc/avr/4.3.3/avr5\libgcc.a(_udivmodsi4.o)
 .bss           0x00800190        0x0 d:/engineering/embedded/imt_dip/embedded-tools/winavr/bin/../lib/gcc/avr/4.3.3/avr5\libgcc.a(_prologue.o)
 .bss           0x00800190        0x0 d:/engineering/embedded/imt_dip/embedded-tools/winavr/bin/../lib/gcc/avr/4.3.3/avr5\libgcc.a(_epilogue.o)
 .bss           0x00800190        0x0 d:/engineering/embedded/imt_dip/embedded-tools/winavr/bin/../lib/gcc/avr/4.3.3/avr5\libgcc.a(_clzsi2.o)
 .bss           0x00800190        0x0 d:/engineering/embedded/imt_dip/embedded-tools/winavr/bin/../lib/gcc/avr/4.3.3/avr5\libgcc.a(_pack_sf.o)
 .bss           0x00800190        0x0 d:/engineering/embedded/imt_dip/embedded-tools/winavr/bin/../lib/gcc/avr/4.3.3/avr5\libgcc.a(_unpack_sf.o)
 .bss           0x00800190        0x0 d:/engineering/embedded/imt_dip/embedded-tools/winavr/bin/../lib/gcc/avr/4.3.3/avr5\libgcc.a(_fpcmp_parts_sf.o)
 .bss           0x00800190        0x0 d:/engineering/embedded/imt_dip/embedded-tools/winavr/bin/../lib/gcc/avr/4.3.3/avr5\libgcc.a(_clz.o)
 *(.bss*)
 .bss.max_current
                0x00800190        0x4 ./A_DC_sensor/A_DC_sensor_program.o
                0x00800190                max_current
 .bss.callback_functions_address
                0x00800194        0x2 ./ADC/ADC_program.o
 *(COMMON)
                0x00800196                PROVIDE (__bss_end, .)
                0x000019d0                __data_load_start = LOADADDR (.data)
                0x00001b00                __data_load_end = (__data_load_start + SIZEOF (.data))

.noinit         0x00800196        0x0
                0x00800196                PROVIDE (__noinit_start, .)
 *(.noinit*)
                0x00800196                PROVIDE (__noinit_end, .)
                0x00800196                _end = .
                0x00800196                PROVIDE (__heap_start, .)

.eeprom         0x00810000        0x0
 *(.eeprom*)
                0x00810000                __eeprom_end = .

.fuse
 *(.fuse)
 *(.lfuse)
 *(.hfuse)
 *(.efuse)

.lock
 *(.lock*)

.signature
 *(.signature*)

.stab
 *(.stab)

.stabstr
 *(.stabstr)

.stab.excl
 *(.stab.excl)

.stab.exclstr
 *(.stab.exclstr)

.stab.index
 *(.stab.index)

.stab.indexstr
 *(.stab.indexstr)

.comment
 *(.comment)

.debug
 *(.debug)

.line
 *(.line)

.debug_srcinfo
 *(.debug_srcinfo)

.debug_sfnames
 *(.debug_sfnames)

.debug_aranges  0x00000000      0x140
 *(.debug_aranges)
 .debug_aranges
                0x00000000       0x20 d:/engineering/embedded/imt_dip/embedded-tools/winavr/bin/../lib/gcc/avr/4.3.3/avr5\libgcc.a(_addsub_sf.o)
 .debug_aranges
                0x00000020       0x20 d:/engineering/embedded/imt_dip/embedded-tools/winavr/bin/../lib/gcc/avr/4.3.3/avr5\libgcc.a(_mul_sf.o)
 .debug_aranges
                0x00000040       0x20 d:/engineering/embedded/imt_dip/embedded-tools/winavr/bin/../lib/gcc/avr/4.3.3/avr5\libgcc.a(_ne_sf.o)
 .debug_aranges
                0x00000060       0x20 d:/engineering/embedded/imt_dip/embedded-tools/winavr/bin/../lib/gcc/avr/4.3.3/avr5\libgcc.a(_si_to_sf.o)
 .debug_aranges
                0x00000080       0x20 d:/engineering/embedded/imt_dip/embedded-tools/winavr/bin/../lib/gcc/avr/4.3.3/avr5\libgcc.a(_sf_to_si.o)
 .debug_aranges
                0x000000a0       0x20 d:/engineering/embedded/imt_dip/embedded-tools/winavr/bin/../lib/gcc/avr/4.3.3/avr5\libgcc.a(_usi_to_sf.o)
 .debug_aranges
                0x000000c0       0x20 d:/engineering/embedded/imt_dip/embedded-tools/winavr/bin/../lib/gcc/avr/4.3.3/avr5\libgcc.a(_clzsi2.o)
 .debug_aranges
                0x000000e0       0x20 d:/engineering/embedded/imt_dip/embedded-tools/winavr/bin/../lib/gcc/avr/4.3.3/avr5\libgcc.a(_pack_sf.o)
 .debug_aranges
                0x00000100       0x20 d:/engineering/embedded/imt_dip/embedded-tools/winavr/bin/../lib/gcc/avr/4.3.3/avr5\libgcc.a(_unpack_sf.o)
 .debug_aranges
                0x00000120       0x20 d:/engineering/embedded/imt_dip/embedded-tools/winavr/bin/../lib/gcc/avr/4.3.3/avr5\libgcc.a(_fpcmp_parts_sf.o)

.debug_pubnames
                0x00000000      0x196
 *(.debug_pubnames)
 .debug_pubnames
                0x00000000       0x2c d:/engineering/embedded/imt_dip/embedded-tools/winavr/bin/../lib/gcc/avr/4.3.3/avr5\libgcc.a(_addsub_sf.o)
 .debug_pubnames
                0x0000002c       0x1f d:/engineering/embedded/imt_dip/embedded-tools/winavr/bin/../lib/gcc/avr/4.3.3/avr5\libgcc.a(_mul_sf.o)
 .debug_pubnames
                0x0000004b       0x1e d:/engineering/embedded/imt_dip/embedded-tools/winavr/bin/../lib/gcc/avr/4.3.3/avr5\libgcc.a(_ne_sf.o)
 .debug_pubnames
                0x00000069       0x22 d:/engineering/embedded/imt_dip/embedded-tools/winavr/bin/../lib/gcc/avr/4.3.3/avr5\libgcc.a(_si_to_sf.o)
 .debug_pubnames
                0x0000008b       0x20 d:/engineering/embedded/imt_dip/embedded-tools/winavr/bin/../lib/gcc/avr/4.3.3/avr5\libgcc.a(_sf_to_si.o)
 .debug_pubnames
                0x000000ab       0x22 d:/engineering/embedded/imt_dip/embedded-tools/winavr/bin/../lib/gcc/avr/4.3.3/avr5\libgcc.a(_thenan_sf.o)
 .debug_pubnames
                0x000000cd       0x24 d:/engineering/embedded/imt_dip/embedded-tools/winavr/bin/../lib/gcc/avr/4.3.3/avr5\libgcc.a(_usi_to_sf.o)
 .debug_pubnames
                0x000000f1       0x1f d:/engineering/embedded/imt_dip/embedded-tools/winavr/bin/../lib/gcc/avr/4.3.3/avr5\libgcc.a(_clzsi2.o)
 .debug_pubnames
                0x00000110       0x1f d:/engineering/embedded/imt_dip/embedded-tools/winavr/bin/../lib/gcc/avr/4.3.3/avr5\libgcc.a(_pack_sf.o)
 .debug_pubnames
                0x0000012f       0x21 d:/engineering/embedded/imt_dip/embedded-tools/winavr/bin/../lib/gcc/avr/4.3.3/avr5\libgcc.a(_unpack_sf.o)
 .debug_pubnames
                0x00000150       0x26 d:/engineering/embedded/imt_dip/embedded-tools/winavr/bin/../lib/gcc/avr/4.3.3/avr5\libgcc.a(_fpcmp_parts_sf.o)
 .debug_pubnames
                0x00000176       0x20 d:/engineering/embedded/imt_dip/embedded-tools/winavr/bin/../lib/gcc/avr/4.3.3/avr5\libgcc.a(_clz.o)

.debug_info     0x00000000     0x1c67
 *(.debug_info)
 .debug_info    0x00000000      0x47a d:/engineering/embedded/imt_dip/embedded-tools/winavr/bin/../lib/gcc/avr/4.3.3/avr5\libgcc.a(_addsub_sf.o)
 .debug_info    0x0000047a      0x485 d:/engineering/embedded/imt_dip/embedded-tools/winavr/bin/../lib/gcc/avr/4.3.3/avr5\libgcc.a(_mul_sf.o)
 .debug_info    0x000008ff      0x27f d:/engineering/embedded/imt_dip/embedded-tools/winavr/bin/../lib/gcc/avr/4.3.3/avr5\libgcc.a(_ne_sf.o)
 .debug_info    0x00000b7e      0x207 d:/engineering/embedded/imt_dip/embedded-tools/winavr/bin/../lib/gcc/avr/4.3.3/avr5\libgcc.a(_si_to_sf.o)
 .debug_info    0x00000d85      0x2b0 d:/engineering/embedded/imt_dip/embedded-tools/winavr/bin/../lib/gcc/avr/4.3.3/avr5\libgcc.a(_sf_to_si.o)
 .debug_info    0x00001035      0x12c d:/engineering/embedded/imt_dip/embedded-tools/winavr/bin/../lib/gcc/avr/4.3.3/avr5\libgcc.a(_thenan_sf.o)
 .debug_info    0x00001161      0x206 d:/engineering/embedded/imt_dip/embedded-tools/winavr/bin/../lib/gcc/avr/4.3.3/avr5\libgcc.a(_usi_to_sf.o)
 .debug_info    0x00001367      0x117 d:/engineering/embedded/imt_dip/embedded-tools/winavr/bin/../lib/gcc/avr/4.3.3/avr5\libgcc.a(_clzsi2.o)
 .debug_info    0x0000147e      0x2df d:/engineering/embedded/imt_dip/embedded-tools/winavr/bin/../lib/gcc/avr/4.3.3/avr5\libgcc.a(_pack_sf.o)
 .debug_info    0x0000175d      0x251 d:/engineering/embedded/imt_dip/embedded-tools/winavr/bin/../lib/gcc/avr/4.3.3/avr5\libgcc.a(_unpack_sf.o)
 .debug_info    0x000019ae      0x210 d:/engineering/embedded/imt_dip/embedded-tools/winavr/bin/../lib/gcc/avr/4.3.3/avr5\libgcc.a(_fpcmp_parts_sf.o)
 .debug_info    0x00001bbe       0xa9 d:/engineering/embedded/imt_dip/embedded-tools/winavr/bin/../lib/gcc/avr/4.3.3/avr5\libgcc.a(_clz.o)
 *(.gnu.linkonce.wi.*)

.debug_abbrev   0x00000000      0xfa7
 *(.debug_abbrev)
 .debug_abbrev  0x00000000      0x1ea d:/engineering/embedded/imt_dip/embedded-tools/winavr/bin/../lib/gcc/avr/4.3.3/avr5\libgcc.a(_addsub_sf.o)
 .debug_abbrev  0x000001ea      0x21b d:/engineering/embedded/imt_dip/embedded-tools/winavr/bin/../lib/gcc/avr/4.3.3/avr5\libgcc.a(_mul_sf.o)
 .debug_abbrev  0x00000405      0x15a d:/engineering/embedded/imt_dip/embedded-tools/winavr/bin/../lib/gcc/avr/4.3.3/avr5\libgcc.a(_ne_sf.o)
 .debug_abbrev  0x0000055f      0x148 d:/engineering/embedded/imt_dip/embedded-tools/winavr/bin/../lib/gcc/avr/4.3.3/avr5\libgcc.a(_si_to_sf.o)
 .debug_abbrev  0x000006a7      0x17f d:/engineering/embedded/imt_dip/embedded-tools/winavr/bin/../lib/gcc/avr/4.3.3/avr5\libgcc.a(_sf_to_si.o)
 .debug_abbrev  0x00000826       0xad d:/engineering/embedded/imt_dip/embedded-tools/winavr/bin/../lib/gcc/avr/4.3.3/avr5\libgcc.a(_thenan_sf.o)
 .debug_abbrev  0x000008d3      0x157 d:/engineering/embedded/imt_dip/embedded-tools/winavr/bin/../lib/gcc/avr/4.3.3/avr5\libgcc.a(_usi_to_sf.o)
 .debug_abbrev  0x00000a2a       0xc4 d:/engineering/embedded/imt_dip/embedded-tools/winavr/bin/../lib/gcc/avr/4.3.3/avr5\libgcc.a(_clzsi2.o)
 .debug_abbrev  0x00000aee      0x1c0 d:/engineering/embedded/imt_dip/embedded-tools/winavr/bin/../lib/gcc/avr/4.3.3/avr5\libgcc.a(_pack_sf.o)
 .debug_abbrev  0x00000cae      0x154 d:/engineering/embedded/imt_dip/embedded-tools/winavr/bin/../lib/gcc/avr/4.3.3/avr5\libgcc.a(_unpack_sf.o)
 .debug_abbrev  0x00000e02      0x13b d:/engineering/embedded/imt_dip/embedded-tools/winavr/bin/../lib/gcc/avr/4.3.3/avr5\libgcc.a(_fpcmp_parts_sf.o)
 .debug_abbrev  0x00000f3d       0x6a d:/engineering/embedded/imt_dip/embedded-tools/winavr/bin/../lib/gcc/avr/4.3.3/avr5\libgcc.a(_clz.o)

.debug_line     0x00000000      0xee9
 *(.debug_line)
 .debug_line    0x00000000      0x2af d:/engineering/embedded/imt_dip/embedded-tools/winavr/bin/../lib/gcc/avr/4.3.3/avr5\libgcc.a(_addsub_sf.o)
 .debug_line    0x000002af      0x239 d:/engineering/embedded/imt_dip/embedded-tools/winavr/bin/../lib/gcc/avr/4.3.3/avr5\libgcc.a(_mul_sf.o)
 .debug_line    0x000004e8       0xd3 d:/engineering/embedded/imt_dip/embedded-tools/winavr/bin/../lib/gcc/avr/4.3.3/avr5\libgcc.a(_ne_sf.o)
 .debug_line    0x000005bb      0x135 d:/engineering/embedded/imt_dip/embedded-tools/winavr/bin/../lib/gcc/avr/4.3.3/avr5\libgcc.a(_si_to_sf.o)
 .debug_line    0x000006f0      0x109 d:/engineering/embedded/imt_dip/embedded-tools/winavr/bin/../lib/gcc/avr/4.3.3/avr5\libgcc.a(_sf_to_si.o)
 .debug_line    0x000007f9       0x90 d:/engineering/embedded/imt_dip/embedded-tools/winavr/bin/../lib/gcc/avr/4.3.3/avr5\libgcc.a(_thenan_sf.o)
 .debug_line    0x00000889      0x133 d:/engineering/embedded/imt_dip/embedded-tools/winavr/bin/../lib/gcc/avr/4.3.3/avr5\libgcc.a(_usi_to_sf.o)
 .debug_line    0x000009bc       0xa5 d:/engineering/embedded/imt_dip/embedded-tools/winavr/bin/../lib/gcc/avr/4.3.3/avr5\libgcc.a(_clzsi2.o)
 .debug_line    0x00000a61      0x18a d:/engineering/embedded/imt_dip/embedded-tools/winavr/bin/../lib/gcc/avr/4.3.3/avr5\libgcc.a(_pack_sf.o)
 .debug_line    0x00000beb      0x14b d:/engineering/embedded/imt_dip/embedded-tools/winavr/bin/../lib/gcc/avr/4.3.3/avr5\libgcc.a(_unpack_sf.o)
 .debug_line    0x00000d36      0x137 d:/engineering/embedded/imt_dip/embedded-tools/winavr/bin/../lib/gcc/avr/4.3.3/avr5\libgcc.a(_fpcmp_parts_sf.o)
 .debug_line    0x00000e6d       0x7c d:/engineering/embedded/imt_dip/embedded-tools/winavr/bin/../lib/gcc/avr/4.3.3/avr5\libgcc.a(_clz.o)

.debug_frame    0x00000000      0x160
 *(.debug_frame)
 .debug_frame   0x00000000       0x40 d:/engineering/embedded/imt_dip/embedded-tools/winavr/bin/../lib/gcc/avr/4.3.3/avr5\libgcc.a(_addsub_sf.o)
 .debug_frame   0x00000040       0x20 d:/engineering/embedded/imt_dip/embedded-tools/winavr/bin/../lib/gcc/avr/4.3.3/avr5\libgcc.a(_mul_sf.o)
 .debug_frame   0x00000060       0x20 d:/engineering/embedded/imt_dip/embedded-tools/winavr/bin/../lib/gcc/avr/4.3.3/avr5\libgcc.a(_ne_sf.o)
 .debug_frame   0x00000080       0x20 d:/engineering/embedded/imt_dip/embedded-tools/winavr/bin/../lib/gcc/avr/4.3.3/avr5\libgcc.a(_si_to_sf.o)
 .debug_frame   0x000000a0       0x20 d:/engineering/embedded/imt_dip/embedded-tools/winavr/bin/../lib/gcc/avr/4.3.3/avr5\libgcc.a(_sf_to_si.o)
 .debug_frame   0x000000c0       0x20 d:/engineering/embedded/imt_dip/embedded-tools/winavr/bin/../lib/gcc/avr/4.3.3/avr5\libgcc.a(_usi_to_sf.o)
 .debug_frame   0x000000e0       0x20 d:/engineering/embedded/imt_dip/embedded-tools/winavr/bin/../lib/gcc/avr/4.3.3/avr5\libgcc.a(_clzsi2.o)
 .debug_frame   0x00000100       0x20 d:/engineering/embedded/imt_dip/embedded-tools/winavr/bin/../lib/gcc/avr/4.3.3/avr5\libgcc.a(_pack_sf.o)
 .debug_frame   0x00000120       0x20 d:/engineering/embedded/imt_dip/embedded-tools/winavr/bin/../lib/gcc/avr/4.3.3/avr5\libgcc.a(_unpack_sf.o)
 .debug_frame   0x00000140       0x20 d:/engineering/embedded/imt_dip/embedded-tools/winavr/bin/../lib/gcc/avr/4.3.3/avr5\libgcc.a(_fpcmp_parts_sf.o)

.debug_str      0x00000000      0x2b5
 *(.debug_str)
 .debug_str     0x00000000      0x19e d:/engineering/embedded/imt_dip/embedded-tools/winavr/bin/../lib/gcc/avr/4.3.3/avr5\libgcc.a(_addsub_sf.o)
                                0x206 (size before relaxing)
 .debug_str     0x0000019e       0x27 d:/engineering/embedded/imt_dip/embedded-tools/winavr/bin/../lib/gcc/avr/4.3.3/avr5\libgcc.a(_mul_sf.o)
                                0x1bf (size before relaxing)
 .debug_str     0x000001c5        0x8 d:/engineering/embedded/imt_dip/embedded-tools/winavr/bin/../lib/gcc/avr/4.3.3/avr5\libgcc.a(_ne_sf.o)
                                0x195 (size before relaxing)
 .debug_str     0x000001cd       0x1e d:/engineering/embedded/imt_dip/embedded-tools/winavr/bin/../lib/gcc/avr/4.3.3/avr5\libgcc.a(_si_to_sf.o)
                                0x17b (size before relaxing)
 .debug_str     0x000001eb        0xa d:/engineering/embedded/imt_dip/embedded-tools/winavr/bin/../lib/gcc/avr/4.3.3/avr5\libgcc.a(_sf_to_si.o)
                                0x19e (size before relaxing)
 .debug_str     0x00000000      0x103 d:/engineering/embedded/imt_dip/embedded-tools/winavr/bin/../lib/gcc/avr/4.3.3/avr5\libgcc.a(_thenan_sf.o)
 .debug_str     0x000001f5       0x14 d:/engineering/embedded/imt_dip/embedded-tools/winavr/bin/../lib/gcc/avr/4.3.3/avr5\libgcc.a(_usi_to_sf.o)
                                0x177 (size before relaxing)
 .debug_str     0x00000209       0x81 d:/engineering/embedded/imt_dip/embedded-tools/winavr/bin/../lib/gcc/avr/4.3.3/avr5\libgcc.a(_clzsi2.o)
                                0x111 (size before relaxing)
 .debug_str     0x0000028a       0x10 d:/engineering/embedded/imt_dip/embedded-tools/winavr/bin/../lib/gcc/avr/4.3.3/avr5\libgcc.a(_pack_sf.o)
                                0x19d (size before relaxing)
 .debug_str     0x0000029a        0xb d:/engineering/embedded/imt_dip/embedded-tools/winavr/bin/../lib/gcc/avr/4.3.3/avr5\libgcc.a(_unpack_sf.o)
                                0x17f (size before relaxing)
 .debug_str     0x000002a5       0x10 d:/engineering/embedded/imt_dip/embedded-tools/winavr/bin/../lib/gcc/avr/4.3.3/avr5\libgcc.a(_fpcmp_parts_sf.o)
                                0x163 (size before relaxing)
 .debug_str     0x00000000       0xf4 d:/engineering/embedded/imt_dip/embedded-tools/winavr/bin/../lib/gcc/avr/4.3.3/avr5\libgcc.a(_clz.o)

.debug_loc      0x00000000      0x8ae
 *(.debug_loc)
 .debug_loc     0x00000000      0x32a d:/engineering/embedded/imt_dip/embedded-tools/winavr/bin/../lib/gcc/avr/4.3.3/avr5\libgcc.a(_addsub_sf.o)
 .debug_loc     0x0000032a      0x104 d:/engineering/embedded/imt_dip/embedded-tools/winavr/bin/../lib/gcc/avr/4.3.3/avr5\libgcc.a(_mul_sf.o)
 .debug_loc     0x0000042e       0x3c d:/engineering/embedded/imt_dip/embedded-tools/winavr/bin/../lib/gcc/avr/4.3.3/avr5\libgcc.a(_ne_sf.o)
 .debug_loc     0x0000046a       0xac d:/engineering/embedded/imt_dip/embedded-tools/winavr/bin/../lib/gcc/avr/4.3.3/avr5\libgcc.a(_si_to_sf.o)
 .debug_loc     0x00000516       0x7e d:/engineering/embedded/imt_dip/embedded-tools/winavr/bin/../lib/gcc/avr/4.3.3/avr5\libgcc.a(_sf_to_si.o)
 .debug_loc     0x00000594       0x4c d:/engineering/embedded/imt_dip/embedded-tools/winavr/bin/../lib/gcc/avr/4.3.3/avr5\libgcc.a(_usi_to_sf.o)
 .debug_loc     0x000005e0       0x94 d:/engineering/embedded/imt_dip/embedded-tools/winavr/bin/../lib/gcc/avr/4.3.3/avr5\libgcc.a(_clzsi2.o)
 .debug_loc     0x00000674      0x13e d:/engineering/embedded/imt_dip/embedded-tools/winavr/bin/../lib/gcc/avr/4.3.3/avr5\libgcc.a(_pack_sf.o)
 .debug_loc     0x000007b2       0xac d:/engineering/embedded/imt_dip/embedded-tools/winavr/bin/../lib/gcc/avr/4.3.3/avr5\libgcc.a(_unpack_sf.o)
 .debug_loc     0x0000085e       0x50 d:/engineering/embedded/imt_dip/embedded-tools/winavr/bin/../lib/gcc/avr/4.3.3/avr5\libgcc.a(_fpcmp_parts_sf.o)

.debug_macinfo
 *(.debug_macinfo)
OUTPUT(APP_34_current_sensor.elf elf32-avr)
LOAD linker stubs

.debug_ranges   0x00000000       0x50
 .debug_ranges  0x00000000       0x50 d:/engineering/embedded/imt_dip/embedded-tools/winavr/bin/../lib/gcc/avr/4.3.3/avr5\libgcc.a(_mul_sf.o)
